Component: ARM Compiler 5.06 update 5 (build 528) Tool: armlink [4d35e2]

==============================================================================

Section Cross References

    startup_stm32f103xb.o(STACK) refers (Special) to heapauxi.o(.text) for __use_two_region_memory
    startup_stm32f103xb.o(HEAP) refers (Special) to heapauxi.o(.text) for __use_two_region_memory
    startup_stm32f103xb.o(RESET) refers (Special) to heapauxi.o(.text) for __use_two_region_memory
    startup_stm32f103xb.o(RESET) refers to startup_stm32f103xb.o(STACK) for __initial_sp
    startup_stm32f103xb.o(RESET) refers to startup_stm32f103xb.o(.text) for Reset_Handler
    startup_stm32f103xb.o(RESET) refers to stm32f1xx_it.o(i.NMI_Handler) for NMI_Handler
    startup_stm32f103xb.o(RESET) refers to stm32f1xx_it.o(i.HardFault_Handler) for HardFault_Handler
    startup_stm32f103xb.o(RESET) refers to stm32f1xx_it.o(i.MemManage_Handler) for MemManage_Handler
    startup_stm32f103xb.o(RESET) refers to stm32f1xx_it.o(i.BusFault_Handler) for BusFault_Handler
    startup_stm32f103xb.o(RESET) refers to stm32f1xx_it.o(i.UsageFault_Handler) for UsageFault_Handler
    startup_stm32f103xb.o(RESET) refers to stm32f1xx_it.o(i.SVC_Handler) for SVC_Handler
    startup_stm32f103xb.o(RESET) refers to stm32f1xx_it.o(i.DebugMon_Handler) for DebugMon_Handler
    startup_stm32f103xb.o(RESET) refers to stm32f1xx_it.o(i.PendSV_Handler) for PendSV_Handler
    startup_stm32f103xb.o(RESET) refers to stm32f1xx_it.o(i.SysTick_Handler) for SysTick_Handler
    startup_stm32f103xb.o(RESET) refers to stm32f1xx_it.o(i.EXTI2_IRQHandler) for EXTI2_IRQHandler
    startup_stm32f103xb.o(RESET) refers to stm32f1xx_it.o(i.EXTI9_5_IRQHandler) for EXTI9_5_IRQHandler
    startup_stm32f103xb.o(RESET) refers to stm32f1xx_it.o(i.USART3_IRQHandler) for USART3_IRQHandler
    startup_stm32f103xb.o(.text) refers (Special) to heapauxi.o(.text) for __use_two_region_memory
    startup_stm32f103xb.o(.text) refers to system_stm32f1xx.o(i.SystemInit) for SystemInit
    startup_stm32f103xb.o(.text) refers to __main.o(!!!main) for __main
    startup_stm32f103xb.o(.text) refers to startup_stm32f103xb.o(HEAP) for Heap_Mem
    startup_stm32f103xb.o(.text) refers to startup_stm32f103xb.o(STACK) for Stack_Mem
    oled.o(i.OLED_Clear) refers to oled.o(i.OLED_WR_CMD) for OLED_WR_CMD
    oled.o(i.OLED_Clear) refers to oled.o(i.OLED_WR_DATA) for OLED_WR_DATA
    oled.o(i.OLED_Display_Off) refers to oled.o(i.OLED_WR_CMD) for OLED_WR_CMD
    oled.o(i.OLED_Display_On) refers to oled.o(i.OLED_WR_CMD) for OLED_WR_CMD
    oled.o(i.OLED_Init) refers to stm32f1xx_hal.o(i.HAL_Delay) for HAL_Delay
    oled.o(i.OLED_Init) refers to oled.o(i.WriteCmd) for WriteCmd
    oled.o(i.OLED_On) refers to oled.o(i.OLED_WR_CMD) for OLED_WR_CMD
    oled.o(i.OLED_On) refers to oled.o(i.OLED_WR_DATA) for OLED_WR_DATA
    oled.o(i.OLED_Set_Pos) refers to oled.o(i.OLED_WR_CMD) for OLED_WR_CMD
    oled.o(i.OLED_ShowCHinese) refers to oled.o(i.OLED_Set_Pos) for OLED_Set_Pos
    oled.o(i.OLED_ShowCHinese) refers to oled.o(i.OLED_WR_DATA) for OLED_WR_DATA
    oled.o(i.OLED_ShowCHinese) refers to oled.o(.constdata) for .constdata
    oled.o(i.OLED_ShowChar) refers to oled.o(i.OLED_Set_Pos) for OLED_Set_Pos
    oled.o(i.OLED_ShowChar) refers to oled.o(i.OLED_WR_DATA) for OLED_WR_DATA
    oled.o(i.OLED_ShowChar) refers to oled.o(.constdata) for .constdata
    oled.o(i.OLED_ShowNum) refers to oled.o(i.oled_pow) for oled_pow
    oled.o(i.OLED_ShowNum) refers to oled.o(i.OLED_ShowChar) for OLED_ShowChar
    oled.o(i.OLED_ShowString) refers to oled.o(i.OLED_ShowChar) for OLED_ShowChar
    oled.o(i.OLED_WR_CMD) refers to stm32f1xx_hal_i2c.o(i.HAL_I2C_Mem_Write) for HAL_I2C_Mem_Write
    oled.o(i.OLED_WR_CMD) refers to i2c.o(.bss) for hi2c1
    oled.o(i.OLED_WR_DATA) refers to stm32f1xx_hal_i2c.o(i.HAL_I2C_Mem_Write) for HAL_I2C_Mem_Write
    oled.o(i.OLED_WR_DATA) refers to i2c.o(.bss) for hi2c1
    oled.o(i.WriteCmd) refers to stm32f1xx_hal_i2c.o(i.HAL_I2C_Mem_Write) for HAL_I2C_Mem_Write
    oled.o(i.WriteCmd) refers to oled.o(.data) for .data
    oled.o(i.WriteCmd) refers to i2c.o(.bss) for hi2c1
    iic.o(i.IIC_Ack) refers to stm32f1xx_hal_gpio.o(i.HAL_GPIO_WritePin) for HAL_GPIO_WritePin
    iic.o(i.IIC_Ack) refers to iic.o(i.IIC_Delay) for IIC_Delay
    iic.o(i.IIC_CheckDevice) refers to iic.o(i.IIC_GPIO_Init) for IIC_GPIO_Init
    iic.o(i.IIC_CheckDevice) refers to iic.o(i.IIC_Start) for IIC_Start
    iic.o(i.IIC_CheckDevice) refers to iic.o(i.IIC_Send_Byte) for IIC_Send_Byte
    iic.o(i.IIC_CheckDevice) refers to iic.o(i.IIC_Wait_Ack) for IIC_Wait_Ack
    iic.o(i.IIC_CheckDevice) refers to iic.o(i.IIC_Stop) for IIC_Stop
    iic.o(i.IIC_GPIO_Init) refers to stm32f1xx_hal_gpio.o(i.HAL_GPIO_Init) for HAL_GPIO_Init
    iic.o(i.IIC_GPIO_Init) refers to iic.o(i.IIC_Stop) for IIC_Stop
    iic.o(i.IIC_NAck) refers to stm32f1xx_hal_gpio.o(i.HAL_GPIO_WritePin) for HAL_GPIO_WritePin
[...]
    __scatterload_rt2_thumb_only             0x080000f5   Thumb Code     0  __scatter.o(!!!scatter)
    __scatterload_null                       0x08000103   Thumb Code     0  __scatter.o(!!!scatter)
    __scatterload_copy                       0x08000129   Thumb Code    26  __scatter_copy.o(!!handler_copy)
    __scatterload_zeroinit                   0x08000145   Thumb Code    28  __scatter_zi.o(!!handler_zi)
    _printf_f                                0x08000161   Thumb Code     0  _printf_f.o(.ARM.Collect$$_printf_percent$$00000003)
    _printf_percent                          0x08000161   Thumb Code     0  _printf_percent.o(.ARM.Collect$$_printf_percent$$00000000)
    _printf_d                                0x08000167   Thumb Code     0  _printf_d.o(.ARM.Collect$$_printf_percent$$00000009)
    _printf_percent_end                      0x0800016d   Thumb Code     0  _printf_percent_end.o(.ARM.Collect$$_printf_percent$$00000017)
    __rt_lib_init                            0x08000171   Thumb Code     0  libinit.o(.ARM.Collect$$libinit$$00000000)
    __rt_lib_init_fp_1                       0x08000173   Thumb Code     0  libinit2.o(.ARM.Collect$$libinit$$00000002)
    __rt_lib_init_heap_1                     0x08000173   Thumb Code     0  libinit2.o(.ARM.Collect$$libinit$$0000000A)
    __rt_lib_init_lc_common                  0x08000173   Thumb Code     0  libinit2.o(.ARM.Collect$$libinit$$0000000F)
    __rt_lib_init_preinit_1                  0x08000173   Thumb Code     0  libinit2.o(.ARM.Collect$$libinit$$00000004)
    __rt_lib_init_rand_1                     0x08000173   Thumb Code     0  libinit2.o(.ARM.Collect$$libinit$$0000000E)
    __rt_lib_init_user_alloc_1               0x08000173   Thumb Code     0  libinit2.o(.ARM.Collect$$libinit$$0000000C)
    __rt_lib_init_lc_collate_1               0x08000179   Thumb Code     0  libinit2.o(.ARM.Collect$$libinit$$00000011)
    __rt_lib_init_lc_ctype_1                 0x08000179   Thumb Code     0  libinit2.o(.ARM.Collect$$libinit$$00000013)
    __rt_lib_init_lc_monetary_1              0x08000179   Thumb Code     0  libinit2.o(.ARM.Collect$$libinit$$00000015)
    __rt_lib_init_lc_numeric_2               0x08000179   Thumb Code     0  libinit2.o(.ARM.Collect$$libinit$$00000016)
    __rt_lib_init_alloca_1                   0x08000183   Thumb Code     0  libinit2.o(.ARM.Collect$$libinit$$0000002E)
    __rt_lib_init_argv_1                     0x08000183   Thumb Code     0  libinit2.o(.ARM.Collect$$libinit$$0000002C)
    __rt_lib_init_atexit_1                   0x08000183   Thumb Code     0  libinit2.o(.ARM.Collect$$libinit$$0000001B)
    __rt_lib_init_clock_1                    0x08000183   Thumb Code     0  libinit2.o(.ARM.Collect$$libinit$$00000021)
    __rt_lib_init_cpp_1                      0x08000183   Thumb Code     0  libinit2.o(.ARM.Collect$$libinit$$00000032)
    __rt_lib_init_exceptions_1               0x08000183   Thumb Code     0  libinit2.o(.ARM.Collect$$libinit$$00000030)
    __rt_lib_init_fp_trap_1                  0x08000183   Thumb Code     0  libinit2.o(.ARM.Collect$$libinit$$0000001F)
    __rt_lib_init_getenv_1                   0x08000183   Thumb Code     0  libinit2.o(.ARM.Collect$$libinit$$00000023)
    __rt_lib_init_lc_numeric_1               0x08000183   Thumb Code     0  libinit2.o(.ARM.Collect$$libinit$$00000017)
    __rt_lib_init_lc_time_1                  0x08000183   Thumb Code     0  libinit2.o(.ARM.Collect$$libinit$$00000019)
    __rt_lib_init_return                     0x08000183   Thumb Code     0  libinit2.o(.ARM.Collect$$libinit$$00000033)
    __rt_lib_init_signal_1                   0x08000183   Thumb Code     0  libinit2.o(.ARM.Collect$$libinit$$0000001D)
    __rt_lib_init_stdio_1                    0x08000183   Thumb Code     0  libinit2.o(.ARM.Collect$$libinit$$00000025)
    __rt_lib_shutdown                        0x08000185   Thumb Code     0  libshutdown.o(.ARM.Collect$$libshutdown$$00000000)
    __rt_lib_shutdown_cpp_1                  0x08000187   Thumb Code     0  libshutdown2.o(.ARM.Collect$$libshutdown$$00000002)
    __rt_lib_shutdown_fp_trap_1              0x08000187   Thumb Code     0  libshutdown2.o(.ARM.Collect$$libshutdown$$00000007)
    __rt_lib_shutdown_heap_1                 0x08000187   Thumb Code     0  libshutdown2.o(.ARM.Collect$$libshutdown$$0000000F)
    __rt_lib_shutdown_return                 0x08000187   Thumb Code     0  libshutdown2.o(.ARM.Collect$$libshutdown$$00000010)
    __rt_lib_shutdown_signal_1               0x08000187   Thumb Code     0  libshutdown2.o(.ARM.Collect$$libshutdown$$0000000A)
    __rt_lib_shutdown_stdio_1                0x08000187   Thumb Code     0  libshutdown2.o(.ARM.Collect$$libshutdown$$00000004)
    __rt_lib_shutdown_user_alloc_1           0x08000187   Thumb Code     0  libshutdown2.o(.ARM.Collect$$libshutdown$$0000000C)
    __rt_entry                               0x08000189   Thumb Code     0  __rtentry.o(.ARM.Collect$$rtentry$$00000000)
    __rt_entry_presh_1                       0x08000189   Thumb Code     0  __rtentry2.o(.ARM.Collect$$rtentry$$00000002)
    __rt_entry_sh                            0x08000189   Thumb Code     0  __rtentry4.o(.ARM.Collect$$rtentry$$00000004)
    __rt_entry_li                            0x0800018f   Thumb Code     0  __rtentry2.o(.ARM.Collect$$rtentry$$0000000A)
    __rt_entry_postsh_1                      0x0800018f   Thumb Code     0  __rtentry2.o(.ARM.Collect$$rtentry$$00000009)
    __rt_entry_main                          0x08000193   Thumb Code     0  __rtentry2.o(.ARM.Collect$$rtentry$$0000000D)
    __rt_entry_postli_1                      0x08000193   Thumb Code     0  __rtentry2.o(.ARM.Collect$$rtentry$$0000000C)
    __rt_exit                                0x0800019b   Thumb Code     0  rtexit.o(.ARM.Collect$$rtexit$$00000000)
    __rt_exit_ls                             0x0800019d   Thumb Code     0  rtexit2.o(.ARM.Collect$$rtexit$$00000003)
    __rt_exit_prels_1                        0x0800019d   Thumb Code     0  rtexit2.o(.ARM.Collect$$rtexit$$00000002)
    __rt_exit_exit                           0x080001a1   Thumb Code     0  rtexit2.o(.ARM.Collect$$rtexit$$00000004)
    Reset_Handler                            0x080001a9   Thumb Code     8  startup_stm32f103xb.o(.text)
    ADC1_2_IRQHandler                        0x080001c3   Thumb Code     0  startup_stm32f103xb.o(.text)
    CAN1_RX1_IRQHandler                      0x080001c3   Thumb Code     0  startup_stm32f103xb.o(.text)
    CAN1_SCE_IRQHandler                      0x080001c3   Thumb Code     0  startup_stm32f103xb.o(.text)
    DMA1_Channel1_IRQHandler                 0x080001c3   Thumb Code     0  startup_stm32f103xb.o(.text)
    DMA1_Channel2_IRQHandler                 0x080001c3   Thumb Code     0  startup_stm32f103xb.o(.text)
    DMA1_Channel3_IRQHandler                 0x080001c3   Thumb Code     0  startup_stm32f103xb.o(.text)
    DMA1_Channel4_IRQHandler                 0x080001c3   Thumb Code     0  startup_stm32f103xb.o(.text)
    DMA1_Channel5_IRQHandler                 0x080001c3   Thumb Code     0  startup_stm32f103xb.o(.text)
    DMA1_Channel6_IRQHandler                 0x080001c3   Thumb Code     0  startup_stm32f103xb.o(.text)
    DMA1_Channel7_IRQHandler                 0x080001c3   Thumb Code     0  startup_stm32f103xb.o(.text)
    EXTI0_IRQHandler                         0x080001c3   Thumb Code     0  startup_stm32f103xb.o(.text)
    EXTI15_10_IRQHandler                     0x080001c3   Thumb Code     0  startup_stm32f103xb.o(.text)
    EXTI1_IRQHandler                         0x080001c3   Thumb Code     0  startup_stm32f103xb.o(.text)
    EXTI3_IRQHandler                         0x080001c3   Thumb Code     0  startup_stm32f103xb.o(.text)
    EXTI4_IRQHandler                         0x080001c3   Thumb Code     0  startup_stm32f103xb.o(.text)
    FLASH_IRQHandler                         0x080001c3   Thumb Code     0  startup_stm32f103xb.o(.text)
    I2C1_ER_IRQHandler                       0x080001c3   Thumb Code     0  startup_stm32f103xb.o(.text)
    I2C1_EV_IRQHandler                       0x080001c3   Thumb Code     0  startup_stm32f103xb.o(.text)
    I2C2_ER_IRQHandler                       0x080001c3   Thumb Code     0  startup_stm32f103xb.o(.text)
    I2C2_EV_IRQHandler                       0x080001c3   Thumb Code     0  startup_stm32f103xb.o(.text)
    PVD_IRQHandler                           0x080001c3   Thumb Code     0  startup_stm32f103xb.o(.text)
    RCC_IRQHandler                           0x080001c3   Thumb Code     0  startup_stm32f103xb.o(.text)
    RTC_Alarm_IRQHandler                     0x080001c3   Thumb Code     0  startup_stm32f103xb.o(.text)
    RTC_IRQHandler                           0x080001c3   Thumb Code     0  startup_stm32f103xb.o(.text)
    SPI1_IRQHandler                          0x080001c3   Thumb Code     0  startup_stm32f103xb.o(.text)
    SPI2_IRQHandler                          0x080001c3   Thumb Code     0  startup_stm32f103xb.o(.text)
    TAMPER_IRQHandler                        0x080001c3   Thumb Code     0  startup_stm32f103xb.o(.text)
    TIM1_BRK_IRQHandler                      0x080001c3   Thumb Code     0  startup_stm32f103xb.o(.text)
    TIM1_CC_IRQHandler                       0x080001c3   Thumb Code     0  startup_stm32f103xb.o(.text)
    TIM1_TRG_COM_IRQHandler                  0x080001c3   Thumb Code     0  startup_stm32f103xb.o(.text)
    TIM1_UP_IRQHandler                       0x080001c3   Thumb Code     0  startup_stm32f103xb.o(.text)
    TIM2_IRQHandler                          0x080001c3   Thumb Code     0  startup_stm32f103xb.o(.text)
    TIM3_IRQHandler                          0x080001c3   Thumb Code     0  startup_stm32f103xb.o(.text)
    TIM4_IRQHandler                          0x080001c3   Thumb Code     0  startup_stm32f103xb.o(.text)
    USART1_IRQHandler                        0x080001c3   Thumb Code     0  startup_stm32f103xb.o(.text)
    USART2_IRQHandler                        0x080001c3   Thumb Code     0  startup_stm32f103xb.o(.text)
    USBWakeUp_IRQHandler                     0x080001c3   Thumb Code     0  startup_stm32f103xb.o(.text)
    USB_HP_CAN1_TX_IRQHandler                0x080001c3   Thumb Code     0  startup_stm32f103xb.o(.text)
    USB_LP_CAN1_RX0_IRQHandler               0x080001c3   Thumb Code     0  startup_stm32f103xb.o(.text)
    WWDG_IRQHandler                          0x080001c3   Thumb Code     0  startup_stm32f103xb.o(.text)
    __user_initial_stackheap                 0x080001c5   Thumb Code     0  startup_stm32f103xb.o(.text)
    __aeabi_ldivmod                          0x080001e9   Thumb Code     0  llsdiv.o(.text)
    _ll_sdiv                                 0x080001e9   Thumb Code    72  llsdiv.o(.text)
    __2sprintf                               0x08000231   Thumb Code    34  noretval__2sprintf.o(.text)
    _printf_int_dec                          0x08000259   Thumb Code   104  _printf_dec.o(.text)
    __printf                                 0x080002d1   Thumb Code   270  __printf_wp.o(.text)
    memcmp                                   0x080003df   Thumb Code    88  memcmp.o(.text)
    __aeabi_memset                           0x08000437   Thumb Code    16  aeabi_memset.o(.text)
    __aeabi_memclr4                          0x08000447   Thumb Code     0  rt_memclr_w.o(.text)
    __aeabi_memclr8                          0x08000447   Thumb Code     0  rt_memclr_w.o(.text)
    __rt_memclr_w                            0x08000447   Thumb Code    78  rt_memclr_w.o(.text)
    _memset_w                                0x0800044b   Thumb Code     0  rt_memclr_w.o(.text)
    __use_two_region_memory                  0x08000495   Thumb Code     2  heapauxi.o(.text)
    __rt_heap_escrow$2region                 0x08000497   Thumb Code     2  heapauxi.o(.text)
    __rt_heap_expand$2region                 0x08000499   Thumb Code     2  heapauxi.o(.text)
    __aeabi_uldivmod                         0x0800049b   Thumb Code     0  lludivv7m.o(.text)
    _ll_udiv                                 0x0800049b   Thumb Code   238  lludivv7m.o(.text)
    __read_errno                             0x08000589   Thumb Code    10  _rserrno.o(.text)
    __set_errno                              0x08000593   Thumb Code    12  _rserrno.o(.text)
    _printf_int_common                       0x0800059f   Thumb Code   178  _printf_intcommon.o(.text)
    __lib_sel_fp_printf                      0x08000651   Thumb Code     2  _printf_fp_dec.o(.text)
    _printf_fp_dec_real                      0x08000803   Thumb Code   620  _printf_fp_dec.o(.text)
    _printf_char_common                      0x08000a7b   Thumb Code    32  _printf_char_common.o(.text)
    _sputc                                   0x08000aa1   Thumb Code    10  _sputc.o(.text)
    __aeabi_memclr                           0x08000aab   Thumb Code     0  rt_memclr.o(.text)
    __rt_memclr                              0x08000aab   Thumb Code    68  rt_memclr.o(.text)
    _memset                                  0x08000aaf   Thumb Code     0  rt_memclr.o(.text)
    __rt_locale                              0x08000af1   Thumb Code     8  rt_locale_intlibspace.o(.text)
    __aeabi_errno_addr                       0x08000af9   Thumb Code     8  rt_errno_addr_intlibspace.o(.text)
    __errno$intlibspace                      0x08000af9   Thumb Code     0  rt_errno_addr_intlibspace.o(.text)
    __rt_errno_addr$intlibspace              0x08000af9   Thumb Code     0  rt_errno_addr_intlibspace.o(.text)
    _ll_udiv10                               0x08000b01   Thumb Code   138  lludiv10.o(.text)
    _printf_fp_infnan                        0x08000b8d   Thumb Code   112  _printf_fp_infnan.o(.text)
    _btod_etento                             0x08000c0d   Thumb Code   224  bigflt0.o(.text)
    __user_libspace                          0x08000cf1   Thumb Code     8  libspace.o(.text)
    __user_perproc_libspace                  0x08000cf1   Thumb Code     0  libspace.o(.text)
    __user_perthread_libspace                0x08000cf1   Thumb Code     0  libspace.o(.text)
    __user_setup_stackheap                   0x08000cf9   Thumb Code    74  sys_stackheap_outer.o(.text)
    exit                                     0x08000d43   Thumb Code    18  exit.o(.text)
    strcmp                                   0x08000d55   Thumb Code   128  strcmpv7m.o(.text)
    _sys_exit                                0x08000dd5   Thumb Code     8  sys_exit.o(.text)
    __I$use$semihosting                      0x08000de1   Thumb Code     0  use_no_semi.o(.text)
    __use_no_semihosting_swi                 0x08000de1   Thumb Code     2  use_no_semi.o(.text)
    __semihosting_library_function           0x08000de3   Thumb Code     0  indicate_semi.o(.text)
    _btod_d2e                                0x08000de3   Thumb Code    62  btod.o(CL$$btod_d2e)
    _d2e_denorm_low                          0x08000e21   Thumb Code    70  btod.o(CL$$btod_d2e_denorm_low)
    _d2e_norm_op1                            0x08000e67   Thumb Code    96  btod.o(CL$$btod_d2e_norm_op1)
    __btod_div_common                        0x08000ec7   Thumb Code   696  btod.o(CL$$btod_div_common)
    _e2e                                     0x080011ff   Thumb Code   220  btod.o(CL$$btod_e2e)
    _btod_ediv                               0x080012db   Thumb Code    42  btod.o(CL$$btod_ediv)
    _btod_emul                               0x08001305   Thumb Code    42  btod.o(CL$$btod_emul)
    __btod_mult_common                       0x0800132f   Thumb Code   580  btod.o(CL$$btod_mult_common)
    BusFault_Handler                         0x08001573   Thumb Code     2  stm32f1xx_it.o(i.BusFault_Handler)
    Control                                  0x08001575   Thumb Code   300  pid.o(i.Control)
    DebugMon_Handler                         0x080016c9   Thumb Code     2  stm32f1xx_it.o(i.DebugMon_Handler)
    EXTI2_IRQHandler                         0x080016cb   Thumb Code     6  stm32f1xx_it.o(i.EXTI2_IRQHandler)
    EXTI9_5_IRQHandler                       0x080016d1   Thumb Code     6  stm32f1xx_it.o(i.EXTI9_5_IRQHandler)
    Error_Handler                            0x080016d7   Thumb Code     4  main.o(i.Error_Handler)
    GET_Distance                             0x080016dd   Thumb Code    34  sr04.o(i.GET_Distance)
    HAL_DMA_Abort                            0x08001705   Thumb Code    70  stm32f1xx_hal_dma.o(i.HAL_DMA_Abort)
    HAL_DMA_Abort_IT                         0x0800174d   Thumb Code   148  stm32f1xx_hal_dma.o(i.HAL_DMA_Abort_IT)
    HAL_Delay                                0x080017e5   Thumb Code    32  stm32f1xx_hal.o(i.HAL_Delay)
    HAL_GPIO_EXTI_Callback                   0x08001809   Thumb Code    84  sr04.o(i.HAL_GPIO_EXTI_Callback)
    HAL_GPIO_EXTI_IRQHandler                 0x08001871   Thumb Code    18  stm32f1xx_hal_gpio.o(i.HAL_GPIO_EXTI_IRQHandler)
    HAL_GPIO_Init                            0x08001889   Thumb Code   446  stm32f1xx_hal_gpio.o(i.HAL_GPIO_Init)
    HAL_GPIO_ReadPin                         0x08001a69   Thumb Code    10  stm32f1xx_hal_gpio.o(i.HAL_GPIO_ReadPin)
    HAL_GPIO_WritePin                        0x08001a73   Thumb Code    10  stm32f1xx_hal_gpio.o(i.HAL_GPIO_WritePin)
    HAL_GetTick                              0x08001a7d   Thumb Code     6  stm32f1xx_hal.o(i.HAL_GetTick)
    HAL_I2C_Init                             0x08001a89   Thumb Code   376  stm32f1xx_hal_i2c.o(i.HAL_I2C_Init)
    HAL_I2C_Mem_Write                        0x08001c11   Thumb Code   294  stm32f1xx_hal_i2c.o(i.HAL_I2C_Mem_Write)
    HAL_I2C_MspInit                          0x08001d41   Thumb Code    96  i2c.o(i.HAL_I2C_MspInit)
    HAL_IncTick                              0x08001db1   Thumb Code    12  stm32f1xx_hal.o(i.HAL_IncTick)
    HAL_Init                                 0x08001dc1   Thumb Code    32  stm32f1xx_hal.o(i.HAL_Init)
    HAL_InitTick                             0x08001de5   Thumb Code    54  stm32f1xx_hal.o(i.HAL_InitTick)
    HAL_MspInit                              0x08001e25   Thumb Code    52  stm32f1xx_hal_msp.o(i.HAL_MspInit)
    HAL_NVIC_EnableIRQ                       0x08001e61   Thumb Code    26  stm32f1xx_hal_cortex.o(i.HAL_NVIC_EnableIRQ)
    HAL_NVIC_SetPriority                     0x08001e7d   Thumb Code    60  stm32f1xx_hal_cortex.o(i.HAL_NVIC_SetPriority)
    HAL_NVIC_SetPriorityGrouping             0x08001ebd   Thumb Code    26  stm32f1xx_hal_cortex.o(i.HAL_NVIC_SetPriorityGrouping)
    HAL_RCC_ClockConfig                      0x08001ee1   Thumb Code   280  stm32f1xx_hal_rcc.o(i.HAL_RCC_ClockConfig)
    HAL_RCC_GetPCLK1Freq                     0x0800200d   Thumb Code    20  stm32f1xx_hal_rcc.o(i.HAL_RCC_GetPCLK1Freq)
    HAL_RCC_GetPCLK2Freq                     0x0800202d   Thumb Code    20  stm32f1xx_hal_rcc.o(i.HAL_RCC_GetPCLK2Freq)
    HAL_RCC_GetSysClockFreq                  0x0800204d   Thumb Code    58  stm32f1xx_hal_rcc.o(i.HAL_RCC_GetSysClockFreq)
    HAL_RCC_OscConfig                        0x08002099   Thumb Code   778  stm32f1xx_hal_rcc.o(i.HAL_RCC_OscConfig)
    HAL_SYSTICK_Config                       0x080023b9   Thumb Code    40  stm32f1xx_hal_cortex.o(i.HAL_SYSTICK_Config)
    HAL_TIMEx_ConfigBreakDeadTime            0x080023e1   Thumb Code    84  stm32f1xx_hal_tim_ex.o(i.HAL_TIMEx_ConfigBreakDeadTime)
    HAL_TIMEx_MasterConfigSynchronization    0x08002435   Thumb Code    92  stm32f1xx_hal_tim_ex.o(i.HAL_TIMEx_MasterConfigSynchronization)
    HAL_TIM_Base_Init                        0x0800249d   Thumb Code    90  stm32f1xx_hal_tim.o(i.HAL_TIM_Base_Init)
    HAL_TIM_Base_MspInit                     0x080024f9   Thumb Code    30  tim.o(i.HAL_TIM_Base_MspInit)
    HAL_TIM_Base_Start                       0x08002521   Thumb Code    66  stm32f1xx_hal_tim.o(i.HAL_TIM_Base_Start)
    HAL_TIM_Base_Stop                        0x08002571   Thumb Code    38  stm32f1xx_hal_tim.o(i.HAL_TIM_Base_Stop)
    HAL_TIM_ConfigClockSource                0x08002597   Thumb Code   220  stm32f1xx_hal_tim.o(i.HAL_TIM_ConfigClockSource)
    HAL_TIM_Encoder_Init                     0x08002673   Thumb Code   164  stm32f1xx_hal_tim.o(i.HAL_TIM_Encoder_Init)
    HAL_TIM_Encoder_MspInit                  0x08002719   Thumb Code   122  tim.o(i.HAL_TIM_Encoder_MspInit)
    HAL_TIM_Encoder_Start                    0x080027a5   Thumb Code   142  stm32f1xx_hal_tim.o(i.HAL_TIM_Encoder_Start)
    HAL_TIM_MspPostInit                      0x08002835   Thumb Code    64  tim.o(i.HAL_TIM_MspPostInit)
    HAL_TIM_PWM_ConfigChannel                0x08002881   Thumb Code   204  stm32f1xx_hal_tim.o(i.HAL_TIM_PWM_ConfigChannel)
    HAL_TIM_PWM_Init                         0x0800294d   Thumb Code    90  stm32f1xx_hal_tim.o(i.HAL_TIM_PWM_Init)
    HAL_TIM_PWM_MspInit                      0x080029a9   Thumb Code    30  tim.o(i.HAL_TIM_PWM_MspInit)
    HAL_TIM_PWM_Start                        0x080029d1   Thumb Code   144  stm32f1xx_hal_tim.o(i.HAL_TIM_PWM_Start)
    HAL_UARTEx_RxEventCallback               0x08002a6d   Thumb Code     2  stm32f1xx_hal_uart.o(i.HAL_UARTEx_RxEventCallback)
    HAL_UART_ErrorCallback                   0x08002a6f   Thumb Code     2  stm32f1xx_hal_uart.o(i.HAL_UART_ErrorCallback)
    HAL_UART_IRQHandler                      0x08002a71   Thumb Code   616  stm32f1xx_hal_uart.o(i.HAL_UART_IRQHandler)
    HAL_UART_Init                            0x08002cdd   Thumb Code   100  stm32f1xx_hal_uart.o(i.HAL_UART_Init)
    HAL_UART_MspInit                         0x08002d41   Thumb Code   116  usart.o(i.HAL_UART_MspInit)
    HAL_UART_Receive_IT                      0x08002dc1   Thumb Code    28  stm32f1xx_hal_uart.o(i.HAL_UART_Receive_IT)
    HAL_UART_RxCpltCallback                  0x08002ddd   Thumb Code     2  stm32f1xx_hal_uart.o(i.HAL_UART_RxCpltCallback)
    HAL_UART_TxCpltCallback                  0x08002ddf   Thumb Code     2  stm32f1xx_hal_uart.o(i.HAL_UART_TxCpltCallback)
    HardFault_Handler                        0x08002de1   Thumb Code     2  stm32f1xx_it.o(i.HardFault_Handler)
    IIC_Ack                                  0x080030b5   Thumb Code    60  iic.o(i.IIC_Ack)
    IIC_GPIO_Init                            0x08003101   Thumb Code    50  iic.o(i.IIC_GPIO_Init)
    IIC_NAck                                 0x0800313d   Thumb Code    50  iic.o(i.IIC_NAck)
    IIC_Read_Byte                            0x08003175   Thumb Code    84  iic.o(i.IIC_Read_Byte)
    IIC_Send_Byte                            0x080031cd   Thumb Code    86  iic.o(i.IIC_Send_Byte)
    IIC_Start                                0x08003229   Thumb Code    60  iic.o(i.IIC_Start)
    IIC_Stop                                 0x08003269   Thumb Code    42  iic.o(i.IIC_Stop)
    IIC_Wait_Ack                             0x08003299   Thumb Code    66  iic.o(i.IIC_Wait_Ack)
    Limit                                    0x080032e1   Thumb Code    42  motor.o(i.Limit)
    Load                                     0x0800330d   Thumb Code   116  motor.o(i.Load)
    MPU_Get_Accelerometer                    0x08003389   Thumb Code    50  mpu6050.o(i.MPU_Get_Accelerometer)
    MPU_Get_Gyroscope                        0x080033bb   Thumb Code    50  mpu6050.o(i.MPU_Get_Gyroscope)
    MPU_Init                                 0x080033ed   Thumb Code   118  mpu6050.o(i.MPU_Init)
    MPU_Read_Byte                            0x08003463   Thumb Code    58  mpu6050.o(i.MPU_Read_Byte)
    MPU_Read_Len                             0x0800349d   Thumb Code   108  mpu6050.o(i.MPU_Read_Len)
    MPU_Set_Accel_Fsr                        0x08003509   Thumb Code    10  mpu6050.o(i.MPU_Set_Accel_Fsr)
    MPU_Set_Gyro_Fsr                         0x08003513   Thumb Code    10  mpu6050.o(i.MPU_Set_Gyro_Fsr)
    MPU_Set_LPF                              0x0800351d   Thumb Code    48  mpu6050.o(i.MPU_Set_LPF)
    MPU_Set_Rate                             0x0800354d   Thumb Code    46  mpu6050.o(i.MPU_Set_Rate)
    MPU_Write_Byte                           0x0800357b   Thumb Code    60  mpu6050.o(i.MPU_Write_Byte)
    MPU_Write_Len                            0x080035b7   Thumb Code    82  mpu6050.o(i.MPU_Write_Len)
    MX_GPIO_Init                             0x08003609   Thumb Code   210  gpio.o(i.MX_GPIO_Init)
    MX_I2C1_Init                             0x080036f1   Thumb Code    50  i2c.o(i.MX_I2C1_Init)
    MX_TIM1_Init                             0x08003731   Thumb Code   172  tim.o(i.MX_TIM1_Init)
    MX_TIM2_Init                             0x080037e5   Thumb Code   100  tim.o(i.MX_TIM2_Init)
    MX_TIM3_Init                             0x0800384d   Thumb Code    94  tim.o(i.MX_TIM3_Init)
    MX_TIM4_Init                             0x080038b5   Thumb Code    98  tim.o(i.MX_TIM4_Init)
    MX_USART3_UART_Init                      0x08003921   Thumb Code    48  usart.o(i.MX_USART3_UART_Init)
    MemManage_Handler                        0x08003959   Thumb Code     2  stm32f1xx_it.o(i.MemManage_Handler)
    NMI_Handler                              0x0800395b   Thumb Code     2  stm32f1xx_it.o(i.NMI_Handler)
    OLED_Clear                               0x0800395d   Thumb Code    52  oled.o(i.OLED_Clear)
    OLED_Init                                0x08003991   Thumb Code    16  oled.o(i.OLED_Init)
    OLED_Set_Pos                             0x080039a1   Thumb Code    34  oled.o(i.OLED_Set_Pos)
    OLED_ShowChar                            0x080039c5   Thumb Code   126  oled.o(i.OLED_ShowChar)
    OLED_ShowString                          0x08003a4d   Thumb Code    54  oled.o(i.OLED_ShowString)
    OLED_WR_CMD                              0x08003a85   Thumb Code    32  oled.o(i.OLED_WR_CMD)
    OLED_WR_DATA                             0x08003aa9   Thumb Code    32  oled.o(i.OLED_WR_DATA)
    PendSV_Handler                           0x08003acd   Thumb Code     2  stm32f1xx_it.o(i.PendSV_Handler)
    RCCdelay_us                              0x08003acf   Thumb Code    24  sr04.o(i.RCCdelay_us)
    Read_Speed                               0x08003ae7   Thumb Code    12  encoder.o(i.Read_Speed)
    SVC_Handler                              0x08003af3   Thumb Code     2  stm32f1xx_it.o(i.SVC_Handler)
    SysTick_Handler                          0x08003af5   Thumb Code     4  stm32f1xx_it.o(i.SysTick_Handler)
    SystemClock_Config                       0x08003af9   Thumb Code    94  main.o(i.SystemClock_Config)
    SystemInit                               0x08003b57   Thumb Code     2  system_stm32f1xx.o(i.SystemInit)
    TIM_Base_SetConfig                       0x08003b59   Thumb Code   108  stm32f1xx_hal_tim.o(i.TIM_Base_SetConfig)
    TIM_CCxChannelCmd                        0x08003bd1   Thumb Code    26  stm32f1xx_hal_tim.o(i.TIM_CCxChannelCmd)
    TIM_ETR_SetConfig                        0x08003beb   Thumb Code    20  stm32f1xx_hal_tim.o(i.TIM_ETR_SetConfig)
    TIM_OC2_SetConfig                        0x08003c61   Thumb Code    84  stm32f1xx_hal_tim.o(i.TIM_OC2_SetConfig)
    Turn                                     0x08003d9d   Thumb Code    40  pid.o(i.Turn)
    UART_Start_Receive_IT                    0x08003fa1   Thumb Code    54  stm32f1xx_hal_uart.o(i.UART_Start_Receive_IT)
    USART3_IRQHandler                        0x08003fd9   Thumb Code    88  stm32f1xx_it.o(i.USART3_IRQHandler)
    UsageFault_Handler                       0x08004039   Thumb Code     2  stm32f1xx_it.o(i.UsageFault_Handler)
    Velocity                                 0x0800403d   Thumb Code   140  pid.o(i.Velocity)
    Vertical                                 0x080040cd   Thumb Code    48  pid.o(i.Vertical)
    WriteCmd                                 0x08004101   Thumb Code    42  oled.o(i.WriteCmd)
    __ARM_fpclassify                         0x08004135   Thumb Code    40  fpclassify.o(i.__ARM_fpclassify)
    __kernel_poly                            0x0800417d   Thumb Code   170  poly.o(i.__kernel_poly)
    __mathlib_dbl_infnan                     0x08004227   Thumb Code     6  dunder.o(i.__mathlib_dbl_infnan)
    __mathlib_dbl_infnan2                    0x0800422d   Thumb Code     4  dunder.o(i.__mathlib_dbl_infnan2)
    __mathlib_dbl_invalid                    0x08004231   Thumb Code    12  dunder.o(i.__mathlib_dbl_invalid)
    __mathlib_dbl_underflow                  0x0800423d   Thumb Code    10  dunder.o(i.__mathlib_dbl_underflow)
    _is_digit                                0x0800424d   Thumb Code    14  __printf_wp.o(i._is_digit)
    asin                                     0x080042dd   Thumb Code   572  asin.o(i.asin)
    atan                                     0x0800454d   Thumb Code   474  atan.o(i.atan)
    atan2                                    0x0800476d   Thumb Code   346  atan2.o(i.atan2)
    dmp_enable_6x_lp_quat                    0x080048ed   Thumb Code    58  inv_mpu_dmp_motion_driver.o(i.dmp_enable_6x_lp_quat)
    dmp_enable_feature                       0x08004929   Thumb Code   464  inv_mpu_dmp_motion_driver.o(i.dmp_enable_feature)
    dmp_enable_gyro_cal                      0x08004b01   Thumb Code    34  inv_mpu_dmp_motion_driver.o(i.dmp_enable_gyro_cal)
    dmp_enable_lp_quat                       0x08004b3d   Thumb Code    58  inv_mpu_dmp_motion_driver.o(i.dmp_enable_lp_quat)
    dmp_load_motion_driver_firmware          0x08004b79   Thumb Code    16  inv_mpu_dmp_motion_driver.o(i.dmp_load_motion_driver_firmware)
    dmp_read_fifo                            0x08004b8d   Thumb Code   320  inv_mpu_dmp_motion_driver.o(i.dmp_read_fifo)
    dmp_set_accel_bias                       0x08004cd1   Thumb Code   210  inv_mpu_dmp_motion_driver.o(i.dmp_set_accel_bias)
    dmp_set_fifo_rate                        0x08004da9   Thumb Code    82  inv_mpu_dmp_motion_driver.o(i.dmp_set_fifo_rate)
    dmp_set_gyro_bias                        0x08004e0d   Thumb Code   196  inv_mpu_dmp_motion_driver.o(i.dmp_set_gyro_bias)
    dmp_set_orientation                      0x08004ed9   Thumb Code   246  inv_mpu_dmp_motion_driver.o(i.dmp_set_orientation)
    dmp_set_shake_reject_thresh              0x08004fe5   Thumb Code    48  inv_mpu_dmp_motion_driver.o(i.dmp_set_shake_reject_thresh)
    dmp_set_shake_reject_time                0x08005015   Thumb Code    32  inv_mpu_dmp_motion_driver.o(i.dmp_set_shake_reject_time)
    dmp_set_shake_reject_timeout             0x08005035   Thumb Code    32  inv_mpu_dmp_motion_driver.o(i.dmp_set_shake_reject_timeout)
    dmp_set_tap_axes                         0x08005055   Thumb Code    64  inv_mpu_dmp_motion_driver.o(i.dmp_set_tap_axes)
    dmp_set_tap_count                        0x08005095   Thumb Code    34  inv_mpu_dmp_motion_driver.o(i.dmp_set_tap_count)
    dmp_set_tap_thresh                       0x080050b9   Thumb Code   274  inv_mpu_dmp_motion_driver.o(i.dmp_set_tap_thresh)
    dmp_set_tap_time                         0x080051e1   Thumb Code    32  inv_mpu_dmp_motion_driver.o(i.dmp_set_tap_time)
    dmp_set_tap_time_multi                   0x08005201   Thumb Code    32  inv_mpu_dmp_motion_driver.o(i.dmp_set_tap_time_multi)
    inv_orientation_matrix_to_scalar         0x080056b5   Thumb Code    34  inv_mpu.o(i.inv_orientation_matrix_to_scalar)
    inv_row_2_scale                          0x080056d7   Thumb Code    72  inv_mpu.o(i.inv_row_2_scale)
    main                                     0x08005721   Thumb Code   252  main.o(i.main)
    mget_ms                                  0x08005891   Thumb Code     2  inv_mpu.o(i.mget_ms)
    mpu_configure_fifo                       0x08005895   Thumb Code    78  inv_mpu.o(i.mpu_configure_fifo)
    mpu_dmp_get_data                         0x080058e9   Thumb Code   408  inv_mpu.o(i.mpu_dmp_get_data)
    mpu_dmp_init                             0x08005a85   Thumb Code   152  inv_mpu.o(i.mpu_dmp_init)
    mpu_get_accel_fsr                        0x08005b21   Thumb Code    54  inv_mpu.o(i.mpu_get_accel_fsr)
    mpu_get_accel_sens                       0x08005b5d   Thumb Code    62  inv_mpu.o(i.mpu_get_accel_sens)
    mpu_get_gyro_fsr                         0x08005ba1   Thumb Code    48  inv_mpu.o(i.mpu_get_gyro_fsr)
    mpu_get_gyro_sens                        0x08005bd5   Thumb Code    44  inv_mpu.o(i.mpu_get_gyro_sens)
    mpu_get_lpf                              0x08005c15   Thumb Code    52  inv_mpu.o(i.mpu_get_lpf)
    mpu_get_sample_rate                      0x08005c4d   Thumb Code    22  inv_mpu.o(i.mpu_get_sample_rate)
    mpu_init                                 0x08005c69   Thumb Code   288  inv_mpu.o(i.mpu_init)
    mpu_load_firmware                        0x08005d8d   Thumb Code   154  inv_mpu.o(i.mpu_load_firmware)
    mpu_lp_accel_mode                        0x08005e2d   Thumb Code   178  inv_mpu.o(i.mpu_lp_accel_mode)
    mpu_read_fifo_stream                     0x08005ee5   Thumb Code   140  inv_mpu.o(i.mpu_read_fifo_stream)
    mpu_read_mem                             0x08005f75   Thumb Code    80  inv_mpu.o(i.mpu_read_mem)
    mpu_reset_fifo                           0x08005fc9   Thumb Code   346  inv_mpu.o(i.mpu_reset_fifo)
    mpu_run_self_test                        0x08006129   Thumb Code   234  inv_mpu.o(i.mpu_run_self_test)
    mpu_set_accel_fsr                        0x08006219   Thumb Code    98  inv_mpu.o(i.mpu_set_accel_fsr)
    mpu_set_bypass                           0x08006281   Thumb Code   214  inv_mpu.o(i.mpu_set_bypass)
    mpu_set_dmp_state                        0x0800635d   Thumb Code   114  inv_mpu.o(i.mpu_set_dmp_state)
    mpu_set_gyro_fsr                         0x080063d5   Thumb Code   104  inv_mpu.o(i.mpu_set_gyro_fsr)
    mpu_set_int_latched                      0x08006441   Thumb Code    94  inv_mpu.o(i.mpu_set_int_latched)
    mpu_set_lpf                              0x080064a5   Thumb Code   102  inv_mpu.o(i.mpu_set_lpf)
    mpu_set_sample_rate                      0x08006511   Thumb Code   124  inv_mpu.o(i.mpu_set_sample_rate)
    mpu_set_sensors                          0x08006591   Thumb Code   178  inv_mpu.o(i.mpu_set_sensors)
    mpu_write_mem                            0x08006649   Thumb Code    80  inv_mpu.o(i.mpu_write_mem)
    run_self_test                            0x0800669d   Thumb Code   128  inv_mpu.o(i.run_self_test)
    sqrt                                     0x08006775   Thumb Code    76  sqrt.o(i.sqrt)
    _get_lc_numeric                          0x080067c1   Thumb Code    44  lc_numeric_c.o(locale$$code)
    __aeabi_d2f                              0x080067ed   Thumb Code     0  d2f.o(x$fpl$d2f)
    _d2f                                     0x080067ed   Thumb Code    98  d2f.o(x$fpl$d2f)
    __aeabi_dadd                             0x08006851   Thumb Code     0  daddsub_clz.o(x$fpl$dadd)
    _dadd                                    0x08006851   Thumb Code   332  daddsub_clz.o(x$fpl$dadd)
    __fpl_dcheck_NaN1                        0x080069a1   Thumb Code    10  dcheck1.o(x$fpl$dcheck1)
    __aeabi_ddiv                             0x080069b1   Thumb Code     0  ddiv.o(x$fpl$ddiv)
    _ddiv                                    0x080069b1   Thumb Code   552  ddiv.o(x$fpl$ddiv)
    __aeabi_ui2d                             0x08006c61   Thumb Code     0  dflt_clz.o(x$fpl$dfltu)
    _dfltu                                   0x08006c61   Thumb Code    38  dflt_clz.o(x$fpl$dfltu)
    __aeabi_dmul                             0x08006c89   Thumb Code     0  dmul.o(x$fpl$dmul)
    _dmul                                    0x08006c89   Thumb Code   332  dmul.o(x$fpl$dmul)
    __fpl_dnaninf                            0x08006ddd   Thumb Code   156  dnaninf.o(x$fpl$dnaninf)
    __fpl_dretinf                            0x08006e79   Thumb Code    12  dretinf.o(x$fpl$dretinf)
    __aeabi_drsub                            0x08006e85   Thumb Code     0  daddsub_clz.o(x$fpl$drsb)
    _drsb                                    0x08006e85   Thumb Code    22  daddsub_clz.o(x$fpl$drsb)
    _dsqrt                                   0x08006e9d   Thumb Code   456  dsqrt_noumaal.o(x$fpl$dsqrt)
    __aeabi_dsub                             0x08007069   Thumb Code     0  daddsub_clz.o(x$fpl$dsub)
    _dsub                                    0x08007069   Thumb Code   464  daddsub_clz.o(x$fpl$dsub)
    __aeabi_f2d                              0x0800723d   Thumb Code     0  f2d.o(x$fpl$f2d)
    _f2d                                     0x0800723d   Thumb Code    86  f2d.o(x$fpl$f2d)
    __aeabi_fadd                             0x08007295   Thumb Code     0  faddsub_clz.o(x$fpl$fadd)
    _fadd                                    0x08007295   Thumb Code   196  faddsub_clz.o(x$fpl$fadd)
    __fpl_fcheck_NaN1                        0x08007359   Thumb Code     6  fcheck1.o(x$fpl$fcheck1)
    __aeabi_fdiv                             0x08007365   Thumb Code     0  fdiv.o(x$fpl$fdiv)
    _fdiv                                    0x08007365   Thumb Code   384  fdiv.o(x$fpl$fdiv)
    __aeabi_f2iz                             0x080074e9   Thumb Code     0  ffix.o(x$fpl$ffix)
    _ffix                                    0x080074e9   Thumb Code    54  ffix.o(x$fpl$ffix)
    __aeabi_f2uiz                            0x08007521   Thumb Code     0  ffixu.o(x$fpl$ffixu)
    _ffixu                                   0x08007521   Thumb Code    62  ffixu.o(x$fpl$ffixu)
    __aeabi_i2f                              0x08007561   Thumb Code     0  fflt_clz.o(x$fpl$fflt)
    _fflt                                    0x08007561   Thumb Code    48  fflt_clz.o(x$fpl$fflt)
    __aeabi_ui2f                             0x08007591   Thumb Code     0  fflt_clz.o(x$fpl$ffltu)
    _ffltu                                   0x08007591   Thumb Code    38  fflt_clz.o(x$fpl$ffltu)
    __aeabi_fmul                             0x080075b9   Thumb Code     0  fmul.o(x$fpl$fmul)
    _fmul                                    0x080075b9   Thumb Code   258  fmul.o(x$fpl$fmul)
    __fpl_fnaninf                            0x080076bb   Thumb Code   140  fnaninf.o(x$fpl$fnaninf)
    __fpl_fretinf                            0x08007747   Thumb Code    10  fretinf.o(x$fpl$fretinf)
    __aeabi_frsub                            0x08007751   Thumb Code     0  faddsub_clz.o(x$fpl$frsb)
    _frsb                                    0x08007751   Thumb Code    20  faddsub_clz.o(x$fpl$frsb)
    __aeabi_fsub                             0x08007765   Thumb Code     0  faddsub_clz.o(x$fpl$fsub)
    _fsub                                    0x08007765   Thumb Code   234  faddsub_clz.o(x$fpl$fsub)
    _printf_fp_dec                           0x0800784f   Thumb Code     4  printf1.o(x$fpl$printf1)
    __fpl_return_NaN                         0x08007853   Thumb Code   100  retnan.o(x$fpl$retnan)
    __ARM_scalbn                             0x080078b7   Thumb Code    92  scalbn.o(x$fpl$scalbn)
    __ARM_scalbnf                            0x08007913   Thumb Code    76  scalbnf.o(x$fpl$scalbnf)
    __fpl_cmpreturn                          0x0800795f   Thumb Code    48  trapv.o(x$fpl$trapveneer)
    F6x8                                     0x0800798e   Data         552  oled.o(.constdata)
    __I$use$fp                               0x0800798e   Number         0  usenofp.o(x$fpl$usenofp)
    F8X16                                    0x08007bb6   Data        1504  oled.o(.constdata)
    Hzk                                      0x08008196   Data         448  oled.o(.constdata)
    reg                                      0x08008356   Data          27  inv_mpu.o(.constdata)
    hw                                       0x08008372   Data          12  inv_mpu.o(.constdata)
    test                                     0x08008380   Data          40  inv_mpu.o(.constdata)
    AHBPrescTable                            0x08008fb0   Data          16  system_stm32f1xx.o(.constdata)
    APBPrescTable                            0x08008fc0   Data           8  system_stm32f1xx.o(.constdata)
    __mathlib_zero                           0x080090b0   Data           8  qnan.o(.constdata)
    Region$$Table$$Base                      0x0800914c   Number         0  anon$$obj.o(Region$$Table)
    Region$$Table$$Limit                     0x0800916c   Number         0  anon$$obj.o(Region$$Table)
    CMD_Data                                 0x20000000   Data          27  oled.o(.data)
    count                                    0x20000054   Data           2  sr04.o(.data)
    distance                                 0x20000058   Data           4  sr04.o(.data)
    stop                                     0x2000005c   Data           1  pid.o(.data)
    gyrox                                    0x2000005e   Data           2  pid.o(.data)
    gyroy                                    0x20000060   Data           2  pid.o(.data)
    gyroz                                    0x20000062   Data           2  pid.o(.data)
    aacx                                     0x20000064   Data           2  pid.o(.data)
    aacy                                     0x20000066   Data           2  pid.o(.data)
    aacz                                     0x20000068   Data           2  pid.o(.data)
    Med_Angle                                0x2000006c   Data           4  pid.o(.data)
    Vertical_Kp                              0x20000070   Data           4  pid.o(.data)
    Vertical_Kd                              0x20000074   Data           4  pid.o(.data)
    Velocity_Kp                              0x20000078   Data           4  pid.o(.data)
    Velocity_Ki                              0x2000007c   Data           4  pid.o(.data)
    Turn_Kp                                  0x20000080   Data           4  pid.o(.data)
    Turn_Kd                                  0x20000084   Data           4  pid.o(.data)
    Encoder_Left                             0x20000094   Data           4  pid.o(.data)
    Encoder_Right                            0x20000098   Data           4  pid.o(.data)
    pitch                                    0x2000009c   Data           4  pid.o(.data)
    roll                                     0x200000a0   Data           4  pid.o(.data)
    yaw                                      0x200000a4   Data           4  pid.o(.data)
    Velocity_out                             0x200000a8   Data           4  pid.o(.data)
    Vertical_out                             0x200000ac   Data           4  pid.o(.data)
    Turn_out                                 0x200000b0   Data           4  pid.o(.data)
    Target_Speed                             0x200000b4   Data           4  pid.o(.data)
    Target_turn                              0x200000b8   Data           4  pid.o(.data)
    MOTO1                                    0x200000bc   Data           4  pid.o(.data)
    MOTO2                                    0x200000c0   Data           4  pid.o(.data)
    BL_data                                  0x200000c4   Data           1  stm32f1xx_it.o(.data)
    Fore                                     0x200000c5   Data           1  stm32f1xx_it.o(.data)
    Back                                     0x200000c6   Data           1  stm32f1xx_it.o(.data)
    Left                                     0x200000c7   Data           1  stm32f1xx_it.o(.data)
    Right                                    0x200000c8   Data           1  stm32f1xx_it.o(.data)
    rx_buf                                   0x200000c9   Data           2  stm32f1xx_it.o(.data)
    uwTickFreq                               0x200000cc   Data           1  stm32f1xx_hal.o(.data)
    uwTickPrio                               0x200000d0   Data           4  stm32f1xx_hal.o(.data)
    uwTick                                   0x200000d4   Data           4  stm32f1xx_hal.o(.data)
    SystemCoreClock                          0x200000d8   Data           4  system_stm32f1xx.o(.data)
    display_buf                              0x200000ec   Data          20  main.o(.bss)
    hi2c1                                    0x20000100   Data          84  i2c.o(.bss)
    htim1                                    0x20000154   Data          72  tim.o(.bss)
    htim2                                    0x2000019c   Data          72  tim.o(.bss)
    htim3                                    0x200001e4   Data          72  tim.o(.bss)
    htim4                                    0x2000022c   Data          72  tim.o(.bss)
    huart3                                   0x20000274   Data          72  usart.o(.bss)
    __libspace_start                         0x200002bc   Data          96  libspace.o(.bss)
    __temporary_stack_top$libspace           0x2000031c   Data           0  libspace.o(.bss)



==============================================================================

Memory Map of the image

  Image Entry point : 0x080000ed

  Load Region LR_IROM1 (Base: 0x08000000, Size: 0x00009264, Max: 0x00010000, ABSOLUTE)

    Execution Region ER_IROM1 (Exec base: 0x08000000, Load base: 0x08000000, Size: 0x00009188, Max: 0x00010000, ABSOLUTE)

    Exec Addr    Load Addr    Size         Type   Attr      Idx    E Section Name        Object

    0x08000000   0x08000000   0x000000ec   Data   RO            3    RESET               startup_stm32f103xb.o
    0x080000ec   0x080000ec   0x00000008   Code   RO         4351  * !!!main             c_w.l(__main.o)
    0x080000f4   0x080000f4   0x00000034   Code   RO         4713    !!!scatter          c_w.l(__scatter.o)
    0x08000128   0x08000128   0x0000001a   Code   RO         4715    !!handler_copy      c_w.l(__scatter_copy.o)
    0x08000142   0x08000142   0x00000002   PAD
    0x08000144   0x08000144   0x0000001c   Code   RO         4717    !!handler_zi        c_w.l(__scatter_zi.o)
    0x08000160   0x08000160   0x00000000   Code   RO         4342    .ARM.Collect$$_printf_percent$$00000000  c_w.l(_printf_percent.o)
    0x08000160   0x08000160   0x00000006   Code   RO         4341    .ARM.Collect$$_printf_percent$$00000003  c_w.l(_printf_f.o)
    0x08000166   0x08000166   0x00000006   Code   RO         4340    .ARM.Collect$$_printf_percent$$00000009  c_w.l(_printf_d.o)
    0x0800016c   0x0800016c   0x00000004   Code   RO         4436    .ARM.Collect$$_printf_percent$$00000017  c_w.l(_printf_percent_end.o)
    0x08000170   0x08000170   0x00000002   Code   RO         4578    .ARM.Collect$$libinit$$00000000  c_w.l(libinit.o)
    0x08000172   0x08000172   0x00000000   Code   RO         4580    .ARM.Collect$$libinit$$00000002  c_w.l(libinit2.o)
    0x08000172   0x08000172   0x00000000   Code   RO         4582    .ARM.Collect$$libinit$$00000004  c_w.l(libinit2.o)
    0x08000172   0x08000172   0x00000000   Code   RO         4585    .ARM.Collect$$libinit$$0000000A  c_w.l(libinit2.o)
    0x08000172   0x08000172   0x00000000   Code   RO         4587    .ARM.Collect$$libinit$$0000000C  c_w.l(libinit2.o)
    0x08000172   0x08000172   0x00000000   Code   RO         4589    .ARM.Collect$$libinit$$0000000E  c_w.l(libinit2.o)
    0x08000172   0x08000172   0x00000006   Code   RO         4590    .ARM.Collect$$libinit$$0000000F  c_w.l(libinit2.o)
    0x08000178   0x08000178   0x00000000   Code   RO         4592    .ARM.Collect$$libinit$$00000011  c_w.l(libinit2.o)
    0x08000178   0x08000178   0x00000000   Code   RO         4594    .ARM.Collect$$libinit$$00000013  c_w.l(libinit2.o)
    0x08000178   0x08000178   0x00000000   Code   RO         4596    .ARM.Collect$$libinit$$00000015  c_w.l(libinit2.o)
    0x08000178   0x08000178   0x0000000a   Code   RO         4597    .ARM.Collect$$libinit$$00000016  c_w.l(libinit2.o)
    0x08000182   0x08000182   0x00000000   Code   RO         4598    .ARM.Collect$$libinit$$00000017  c_w.l(libinit2.o)
    0x08000182   0x08000182   0x00000000   Code   RO         4600    .ARM.Collect$$libinit$$00000019  c_w.l(libinit2.o)
    0x08000182   0x08000182   0x00000000   Code   RO         4602    .ARM.Collect$$libinit$$0000001B  c_w.l(libinit2.o)
    0x08000182   0x08000182   0x00000000   Code   RO         4604    .ARM.Collect$$libinit$$0000001D  c_w.l(libinit2.o)
    0x08000182   0x08000182   0x00000000   Code   RO         4606    .ARM.Collect$$libinit$$0000001F  c_w.l(libinit2.o)
    0x08000182   0x08000182   0x00000000   Code   RO         4608    .ARM.Collect$$libinit$$00000021  c_w.l(libinit2.o)
    0x08000182   0x08000182   0x00000000   Code   RO         4610    .ARM.Collect$$libinit$$00000023  c_w.l(libinit2.o)
    0x08000182   0x08000182   0x00000000   Code   RO         4612    .ARM.Collect$$libinit$$00000025  c_w.l(libinit2.o)
    0x08000182   0x08000182   0x00000000   Code   RO         4616    .ARM.Collect$$libinit$$0000002C  c_w.l(libinit2.o)
    0x08000182   0x08000182   0x00000000   Code   RO         4618    .ARM.Collect$$libinit$$0000002E  c_w.l(libinit2.o)
    0x08000182   0x08000182   0x00000000   Code   RO         4620    .ARM.Collect$$libinit$$00000030  c_w.l(libinit2.o)
    0x08000182   0x08000182   0x00000000   Code   RO         4622    .ARM.Collect$$libinit$$00000032  c_w.l(libinit2.o)
    0x08000182   0x08000182   0x00000002   Code   RO         4623    .ARM.Collect$$libinit$$00000033  c_w.l(libinit2.o)
    0x08000184   0x08000184   0x00000002   Code   RO         4671    .ARM.Collect$$libshutdown$$00000000  c_w.l(libshutdown.o)
    0x08000186   0x08000186   0x00000000   Code   RO         4682    .ARM.Collect$$libshutdown$$00000002  c_w.l(libshutdown2.o)
    0x08000186   0x08000186   0x00000000   Code   RO         4684    .ARM.Collect$$libshutdown$$00000004  c_w.l(libshutdown2.o)
    0x08000186   0x08000186   0x00000000   Code   RO         4687    .ARM.Collect$$libshutdown$$00000007  c_w.l(libshutdown2.o)
    0x08000186   0x08000186   0x00000000   Code   RO         4690    .ARM.Collect$$libshutdown$$0000000A  c_w.l(libshutdown2.o)
    0x08000186   0x08000186   0x00000000   Code   RO         4692    .ARM.Collect$$libshutdown$$0000000C  c_w.l(libshutdown2.o)
    0x08000186   0x08000186   0x00000000   Code   RO         4695    .ARM.Collect$$libshutdown$$0000000F  c_w.l(libshutdown2.o)
    0x08000186   0x08000186   0x00000002   Code   RO         4696    .ARM.Collect$$libshutdown$$00000010  c_w.l(libshutdown2.o)
    0x08000188   0x08000188   0x00000000   Code   RO         4423    .ARM.Collect$$rtentry$$00000000  c_w.l(__rtentry.o)
    0x08000188   0x08000188   0x00000000   Code   RO         4490    .ARM.Collect$$rtentry$$00000002  c_w.l(__rtentry2.o)
    0x08000188   0x08000188   0x00000006   Code   RO         4502    .ARM.Collect$$rtentry$$00000004  c_w.l(__rtentry4.o)
    0x0800018e   0x0800018e   0x00000000   Code   RO         4492    .ARM.Collect$$rtentry$$00000009  c_w.l(__rtentry2.o)
    0x0800018e   0x0800018e   0x00000004   Code   RO         4493    .ARM.Collect$$rtentry$$0000000A  c_w.l(__rtentry2.o)
    0x08000192   0x08000192   0x00000000   Code   RO         4495    .ARM.Collect$$rtentry$$0000000C  c_w.l(__rtentry2.o)
    0x08000192   0x08000192   0x00000008   Code   RO         4496    .ARM.Collect$$rtentry$$0000000D  c_w.l(__rtentry2.o)
    0x0800019a   0x0800019a   0x00000002   Code   RO         4628    .ARM.Collect$$rtexit$$00000000  c_w.l(rtexit.o)
    0x0800019c   0x0800019c   0x00000000   Code   RO         4639    .ARM.Collect$$rtexit$$00000002  c_w.l(rtexit2.o)
    0x0800019c   0x0800019c   0x00000004   Code   RO         4640    .ARM.Collect$$rtexit$$00000003  c_w.l(rtexit2.o)
    0x080001a0   0x080001a0   0x00000006   Code   RO         4641    .ARM.Collect$$rtexit$$00000004  c_w.l(rtexit2.o)
    0x080001a6   0x080001a6   0x00000002   PAD
    0x080001a8   0x080001a8   0x00000040   Code   RO            4    .text               startup_stm32f103xb.o
    0x080001e8   0x080001e8   0x00000048   Code   RO         4310    .text               c_w.l(llsdiv.o)
    0x08000230   0x08000230   0x00000028   Code   RO         4314    .text               c_w.l(noretval__2sprintf.o)
    0x08000258   0x08000258   0x00000078   Code   RO         4318    .text               c_w.l(_printf_dec.o)
    0x080002d0   0x080002d0   0x0000010e   Code   RO         4328    .text               c_w.l(__printf_wp.o)
    0x080003de   0x080003de   0x00000058   Code   RO         4343    .text               c_w.l(memcmp.o)
    0x08000436   0x08000436   0x00000010   Code   RO         4345    .text               c_w.l(aeabi_memset.o)
    0x08000446   0x08000446   0x0000004e   Code   RO         4347    .text               c_w.l(rt_memclr_w.o)
    0x08000494   0x08000494   0x00000006   Code   RO         4349    .text               c_w.l(heapauxi.o)
    0x0800049a   0x0800049a   0x000000ee   Code   RO         4424    .text               c_w.l(lludivv7m.o)
    0x08000588   0x08000588   0x00000016   Code   RO         4426    .text               c_w.l(_rserrno.o)
    0x0800059e   0x0800059e   0x000000b2   Code   RO         4428    .text               c_w.l(_printf_intcommon.o)
    0x08000650   0x08000650   0x0000041e   Code   RO         4430    .text               c_w.l(_printf_fp_dec.o)
    0x08000a6e   0x08000a6e   0x00000002   PAD
    0x08000a70   0x08000a70   0x00000030   Code   RO         4432    .text               c_w.l(_printf_char_common.o)
    0x08000aa0   0x08000aa0   0x0000000a   Code   RO         4434    .text               c_w.l(_sputc.o)
    0x08000aaa   0x08000aaa   0x00000044   Code   RO         4437    .text               c_w.l(rt_memclr.o)
    0x08000aee   0x08000aee   0x00000002   PAD
    0x08000af0   0x08000af0   0x00000008   Code   RO         4511    .text               c_w.l(rt_locale_intlibspace.o)
    0x08000af8   0x08000af8   0x00000008   Code   RO         4516    .text               c_w.l(rt_errno_addr_intlibspace.o)
    0x08000b00   0x08000b00   0x0000008a   Code   RO         4518    .text               c_w.l(lludiv10.o)
    0x08000b8a   0x08000b8a   0x00000002   PAD
    0x08000b8c   0x08000b8c   0x00000080   Code   RO         4520    .text               c_w.l(_printf_fp_infnan.o)
    0x08000c0c   0x08000c0c   0x000000e4   Code   RO         4524    .text               c_w.l(bigflt0.o)
    0x08000cf0   0x08000cf0   0x00000008   Code   RO         4562    .text               c_w.l(libspace.o)
    0x08000cf8   0x08000cf8   0x0000004a   Code   RO         4565    .text               c_w.l(sys_stackheap_outer.o)
    0x08000d42   0x08000d42   0x00000012   Code   RO         4569    .text               c_w.l(exit.o)
    0x08000d54   0x08000d54   0x00000080   Code   RO         4571    .text               c_w.l(strcmpv7m.o)
    0x08000dd4   0x08000dd4   0x0000000c   Code   RO         4657    .text               c_w.l(sys_exit.o)
    0x08000de0   0x08000de0   0x00000002   Code   RO         4674    .text               c_w.l(use_no_semi.o)
    0x08000de2   0x08000de2   0x00000000   Code   RO         4676    .text               c_w.l(indicate_semi.o)
    0x08000de2   0x08000de2   0x0000003e   Code   RO         4527    CL$$btod_d2e        c_w.l(btod.o)
    0x08000e20   0x08000e20   0x00000046   Code   RO         4529    CL$$btod_d2e_denorm_low  c_w.l(btod.o)
    0x08000e66   0x08000e66   0x00000060   Code   RO         4528    CL$$btod_d2e_norm_op1  c_w.l(btod.o)
    0x08000ec6   0x08000ec6   0x00000338   Code   RO         4537    CL$$btod_div_common  c_w.l(btod.o)
    0x080011fe   0x080011fe   0x000000dc   Code   RO         4534    CL$$btod_e2e        c_w.l(btod.o)
    0x080012da   0x080012da   0x0000002a   Code   RO         4531    CL$$btod_ediv       c_w.l(btod.o)
    0x08001304   0x08001304   0x0000002a   Code   RO         4530    CL$$btod_emul       c_w.l(btod.o)
    0x0800132e   0x0800132e   0x00000244   Code   RO         4536    CL$$btod_mult_common  c_w.l(btod.o)
    0x08001572   0x08001572   0x00000002   Code   RO         1364    i.BusFault_Handler  stm32f1xx_it.o
    0x08001574   0x08001574   0x00000154   Code   RO         1050    i.Control           pid.o
    0x080016c8   0x080016c8   0x00000002   Code   RO         1365    i.DebugMon_Handler  stm32f1xx_it.o
    0x080016ca   0x080016ca   0x00000006   Code   RO         1366    i.EXTI2_IRQHandler  stm32f1xx_it.o
    0x080016d0   0x080016d0   0x00000006   Code   RO         1367    i.EXTI9_5_IRQHandler  stm32f1xx_it.o
    0x080016d6   0x080016d6   0x00000004   Code   RO         1108    i.Error_Handler     main.o
    0x080016da   0x080016da   0x00000002   PAD
    0x080016dc   0x080016dc   0x00000028   Code   RO          938    i.GET_Distance      sr04.o
    0x08001704   0x08001704   0x00000046   Code   RO         2339    i.HAL_DMA_Abort     stm32f1xx_hal_dma.o
    0x0800174a   0x0800174a   0x00000002   PAD
    0x0800174c   0x0800174c   0x00000098   Code   RO         2340    i.HAL_DMA_Abort_IT  stm32f1xx_hal_dma.o
    0x080017e4   0x080017e4   0x00000024   Code   RO         1965    i.HAL_Delay         stm32f1xx_hal.o
    0x08001808   0x08001808   0x00000068   Code   RO          939    i.HAL_GPIO_EXTI_Callback  sr04.o
    0x08001870   0x08001870   0x00000018   Code   RO         2274    i.HAL_GPIO_EXTI_IRQHandler  stm32f1xx_hal_gpio.o
    0x08001888   0x08001888   0x000001e0   Code   RO         2275    i.HAL_GPIO_Init     stm32f1xx_hal_gpio.o
    0x08001a68   0x08001a68   0x0000000a   Code   RO         2277    i.HAL_GPIO_ReadPin  stm32f1xx_hal_gpio.o
    0x08001a72   0x08001a72   0x0000000a   Code   RO         2279    i.HAL_GPIO_WritePin  stm32f1xx_hal_gpio.o
    0x08001a7c   0x08001a7c   0x0000000c   Code   RO         1969    i.HAL_GetTick       stm32f1xx_hal.o
    0x08001a88   0x08001a88   0x00000188   Code   RO         1532    i.HAL_I2C_Init      stm32f1xx_hal_i2c.o
    0x08001c10   0x08001c10   0x00000130   Code   RO         1553    i.HAL_I2C_Mem_Write  stm32f1xx_hal_i2c.o
    0x08001d40   0x08001d40   0x00000070   Code   RO         1191    i.HAL_I2C_MspInit   i2c.o
    0x08001db0   0x08001db0   0x00000010   Code   RO         1975    i.HAL_IncTick       stm32f1xx_hal.o
    0x08001dc0   0x08001dc0   0x00000024   Code   RO         1976    i.HAL_Init          stm32f1xx_hal.o
    0x08001de4   0x08001de4   0x00000040   Code   RO         1977    i.HAL_InitTick      stm32f1xx_hal.o
    0x08001e24   0x08001e24   0x0000003c   Code   RO         1461    i.HAL_MspInit       stm32f1xx_hal_msp.o
    0x08001e60   0x08001e60   0x0000001a   Code   RO         2435    i.HAL_NVIC_EnableIRQ  stm32f1xx_hal_cortex.o
    0x08001e7a   0x08001e7a   0x00000002   PAD
    0x08001e7c   0x08001e7c   0x00000040   Code   RO         2441    i.HAL_NVIC_SetPriority  stm32f1xx_hal_cortex.o
    0x08001ebc   0x08001ebc   0x00000024   Code   RO         2442    i.HAL_NVIC_SetPriorityGrouping  stm32f1xx_hal_cortex.o
    0x08001ee0   0x08001ee0   0x0000012c   Code   RO         2133    i.HAL_RCC_ClockConfig  stm32f1xx_hal_rcc.o
    0x0800200c   0x0800200c   0x00000020   Code   RO         2140    i.HAL_RCC_GetPCLK1Freq  stm32f1xx_hal_rcc.o
    0x0800202c   0x0800202c   0x00000020   Code   RO         2141    i.HAL_RCC_GetPCLK2Freq  stm32f1xx_hal_rcc.o
    0x0800204c   0x0800204c   0x0000004c   Code   RO         2142    i.HAL_RCC_GetSysClockFreq  stm32f1xx_hal_rcc.o
    0x08002098   0x08002098   0x00000320   Code   RO         2145    i.HAL_RCC_OscConfig  stm32f1xx_hal_rcc.o
    0x080023b8   0x080023b8   0x00000028   Code   RO         2446    i.HAL_SYSTICK_Config  stm32f1xx_hal_cortex.o
    0x080023e0   0x080023e0   0x00000054   Code   RO         3644    i.HAL_TIMEx_ConfigBreakDeadTime  stm32f1xx_hal_tim_ex.o
    0x08002434   0x08002434   0x00000068   Code   RO         3660    i.HAL_TIMEx_MasterConfigSynchronization  stm32f1xx_hal_tim_ex.o
    0x0800249c   0x0800249c   0x0000005a   Code   RO         2937    i.HAL_TIM_Base_Init  stm32f1xx_hal_tim.o
    0x080024f6   0x080024f6   0x00000002   PAD
    0x080024f8   0x080024f8   0x00000028   Code   RO         1233    i.HAL_TIM_Base_MspInit  tim.o
    0x08002520   0x08002520   0x00000050   Code   RO         2940    i.HAL_TIM_Base_Start  stm32f1xx_hal_tim.o
    0x08002570   0x08002570   0x00000026   Code   RO         2943    i.HAL_TIM_Base_Stop  stm32f1xx_hal_tim.o
    0x08002596   0x08002596   0x000000dc   Code   RO         2946    i.HAL_TIM_ConfigClockSource  stm32f1xx_hal_tim.o
    0x08002672   0x08002672   0x000000a4   Code   RO         2958    i.HAL_TIM_Encoder_Init  stm32f1xx_hal_tim.o
    0x08002716   0x08002716   0x00000002   PAD
    0x08002718   0x08002718   0x0000008c   Code   RO         1235    i.HAL_TIM_Encoder_MspInit  tim.o
    0x080027a4   0x080027a4   0x0000008e   Code   RO         2961    i.HAL_TIM_Encoder_Start  stm32f1xx_hal_tim.o
    0x08002832   0x08002832   0x00000002   PAD
    0x08002834   0x08002834   0x0000004c   Code   RO         1236    i.HAL_TIM_MspPostInit  tim.o
    0x08002880   0x08002880   0x000000cc   Code   RO         3009    i.HAL_TIM_PWM_ConfigChannel  stm32f1xx_hal_tim.o
    0x0800294c   0x0800294c   0x0000005a   Code   RO         3012    i.HAL_TIM_PWM_Init  stm32f1xx_hal_tim.o
    0x080029a6   0x080029a6   0x00000002   PAD
    0x080029a8   0x080029a8   0x00000028   Code   RO         1238    i.HAL_TIM_PWM_MspInit  tim.o
    0x080029d0   0x080029d0   0x0000009c   Code   RO         3017    i.HAL_TIM_PWM_Start  stm32f1xx_hal_tim.o
    0x08002a6c   0x08002a6c   0x00000002   Code   RO         3920    i.HAL_UARTEx_RxEventCallback  stm32f1xx_hal_uart.o
    0x08002a6e   0x08002a6e   0x00000002   Code   RO         3934    i.HAL_UART_ErrorCallback  stm32f1xx_hal_uart.o
    0x08002a70   0x08002a70   0x0000026c   Code   RO         3937    i.HAL_UART_IRQHandler  stm32f1xx_hal_uart.o
    0x08002cdc   0x08002cdc   0x00000064   Code   RO         3938    i.HAL_UART_Init     stm32f1xx_hal_uart.o
    0x08002d40   0x08002d40   0x00000080   Code   RO         1323    i.HAL_UART_MspInit  usart.o
    0x08002dc0   0x08002dc0   0x0000001c   Code   RO         3943    i.HAL_UART_Receive_IT  stm32f1xx_hal_uart.o
    0x08002ddc   0x08002ddc   0x00000002   Code   RO         3944    i.HAL_UART_RxCpltCallback  stm32f1xx_hal_uart.o
    0x08002dde   0x08002dde   0x00000002   Code   RO         3949    i.HAL_UART_TxCpltCallback  stm32f1xx_hal_uart.o
    0x08002de0   0x08002de0   0x00000002   Code   RO         1368    i.HardFault_Handler  stm32f1xx_it.o
    0x08002de2   0x08002de2   0x0000002e   Code   RO         1575    i.I2C_IsAcknowledgeFailed  stm32f1xx_hal_i2c.o
    0x08002e10   0x08002e10   0x000000a8   Code   RO         1586    i.I2C_RequestMemoryWrite  stm32f1xx_hal_i2c.o
    0x08002eb8   0x08002eb8   0x00000056   Code   RO         1590    i.I2C_WaitOnBTFFlagUntilTimeout  stm32f1xx_hal_i2c.o
    0x08002f0e   0x08002f0e   0x00000002   PAD
    0x08002f10   0x08002f10   0x00000090   Code   RO         1591    i.I2C_WaitOnFlagUntilTimeout  stm32f1xx_hal_i2c.o
    0x08002fa0   0x08002fa0   0x000000bc   Code   RO         1592    i.I2C_WaitOnMasterAddressFlagUntilTimeout  stm32f1xx_hal_i2c.o
    0x0800305c   0x0800305c   0x00000056   Code   RO         1594    i.I2C_WaitOnTXEFlagUntilTimeout  stm32f1xx_hal_i2c.o
    0x080030b2   0x080030b2   0x00000002   PAD
    0x080030b4   0x080030b4   0x00000040   Code   RO          217    i.IIC_Ack           iic.o
    0x080030f4   0x080030f4   0x0000000c   Code   RO          219    i.IIC_Delay         iic.o
    0x08003100   0x08003100   0x0000003c   Code   RO          220    i.IIC_GPIO_Init     iic.o
    0x0800313c   0x0800313c   0x00000038   Code   RO          221    i.IIC_NAck          iic.o
    0x08003174   0x08003174   0x00000058   Code   RO          222    i.IIC_Read_Byte     iic.o
    0x080031cc   0x080031cc   0x0000005c   Code   RO          223    i.IIC_Send_Byte     iic.o
    0x08003228   0x08003228   0x00000040   Code   RO          224    i.IIC_Start         iic.o
    0x08003268   0x08003268   0x00000030   Code   RO          225    i.IIC_Stop          iic.o
    0x08003298   0x08003298   0x00000048   Code   RO          226    i.IIC_Wait_Ack      iic.o
    0x080032e0   0x080032e0   0x0000002a   Code   RO          986    i.Limit             motor.o
    0x0800330a   0x0800330a   0x00000002   PAD
    0x0800330c   0x0800330c   0x0000007c   Code   RO          987    i.Load              motor.o
    0x08003388   0x08003388   0x00000032   Code   RO          849    i.MPU_Get_Accelerometer  mpu6050.o
    0x080033ba   0x080033ba   0x00000032   Code   RO          850    i.MPU_Get_Gyroscope  mpu6050.o
    0x080033ec   0x080033ec   0x00000076   Code   RO          852    i.MPU_Init          mpu6050.o
    0x08003462   0x08003462   0x0000003a   Code   RO          853    i.MPU_Read_Byte     mpu6050.o
    0x0800349c   0x0800349c   0x0000006c   Code   RO          854    i.MPU_Read_Len      mpu6050.o
    0x08003508   0x08003508   0x0000000a   Code   RO          855    i.MPU_Set_Accel_Fsr  mpu6050.o
    0x08003512   0x08003512   0x0000000a   Code   RO          856    i.MPU_Set_Gyro_Fsr  mpu6050.o
    0x0800351c   0x0800351c   0x00000030   Code   RO          857    i.MPU_Set_LPF       mpu6050.o
    0x0800354c   0x0800354c   0x0000002e   Code   RO          858    i.MPU_Set_Rate      mpu6050.o
    0x0800357a   0x0800357a   0x0000003c   Code   RO          859    i.MPU_Write_Byte    mpu6050.o
    0x080035b6   0x080035b6   0x00000052   Code   RO          860    i.MPU_Write_Len     mpu6050.o
    0x08003608   0x08003608   0x000000e8   Code   RO         1166    i.MX_GPIO_Init      gpio.o
    0x080036f0   0x080036f0   0x00000040   Code   RO         1192    i.MX_I2C1_Init      i2c.o
    0x08003730   0x08003730   0x000000b4   Code   RO         1239    i.MX_TIM1_Init      tim.o
    0x080037e4   0x080037e4   0x00000068   Code   RO         1240    i.MX_TIM2_Init      tim.o
    0x0800384c   0x0800384c   0x00000068   Code   RO         1241    i.MX_TIM3_Init      tim.o
    0x080038b4   0x080038b4   0x0000006c   Code   RO         1242    i.MX_TIM4_Init      tim.o
    0x08003920   0x08003920   0x00000038   Code   RO         1324    i.MX_USART3_UART_Init  usart.o
    0x08003958   0x08003958   0x00000002   Code   RO         1369    i.MemManage_Handler  stm32f1xx_it.o
    0x0800395a   0x0800395a   0x00000002   Code   RO         1370    i.NMI_Handler       stm32f1xx_it.o
    0x0800395c   0x0800395c   0x00000034   Code   RO           13    i.OLED_Clear        oled.o
    0x08003990   0x08003990   0x00000010   Code   RO           16    i.OLED_Init         oled.o
    0x080039a0   0x080039a0   0x00000022   Code   RO           18    i.OLED_Set_Pos      oled.o
    0x080039c2   0x080039c2   0x00000002   PAD
    0x080039c4   0x080039c4   0x00000088   Code   RO           20    i.OLED_ShowChar     oled.o
    0x08003a4c   0x08003a4c   0x00000036   Code   RO           22    i.OLED_ShowString   oled.o
    0x08003a82   0x08003a82   0x00000002   PAD
    0x08003a84   0x08003a84   0x00000024   Code   RO           23    i.OLED_WR_CMD       oled.o
    0x08003aa8   0x08003aa8   0x00000024   Code   RO           24    i.OLED_WR_DATA      oled.o
    0x08003acc   0x08003acc   0x00000002   Code   RO         1371    i.PendSV_Handler    stm32f1xx_it.o
    0x08003ace   0x08003ace   0x00000018   Code   RO          940    i.RCCdelay_us       sr04.o
    0x08003ae6   0x08003ae6   0x0000000c   Code   RO         1023    i.Read_Speed        encoder.o
    0x08003af2   0x08003af2   0x00000002   Code   RO         1372    i.SVC_Handler       stm32f1xx_it.o
    0x08003af4   0x08003af4   0x00000004   Code   RO         1373    i.SysTick_Handler   stm32f1xx_it.o
    0x08003af8   0x08003af8   0x0000005e   Code   RO         1109    i.SystemClock_Config  main.o
    0x08003b56   0x08003b56   0x00000002   Code   RO         4272    i.SystemInit        system_stm32f1xx.o
    0x08003b58   0x08003b58   0x00000078   Code   RO         3030    i.TIM_Base_SetConfig  stm32f1xx_hal_tim.o
    0x08003bd0   0x08003bd0   0x0000001a   Code   RO         3031    i.TIM_CCxChannelCmd  stm32f1xx_hal_tim.o
    0x08003bea   0x08003bea   0x00000014   Code   RO         3041    i.TIM_ETR_SetConfig  stm32f1xx_hal_tim.o
    0x08003bfe   0x08003bfe   0x00000010   Code   RO         3042    i.TIM_ITRx_SetConfig  stm32f1xx_hal_tim.o
    0x08003c0e   0x08003c0e   0x00000002   PAD
    0x08003c10   0x08003c10   0x00000050   Code   RO         3043    i.TIM_OC1_SetConfig  stm32f1xx_hal_tim.o
    0x08003c60   0x08003c60   0x00000058   Code   RO         3044    i.TIM_OC2_SetConfig  stm32f1xx_hal_tim.o
    0x08003cb8   0x08003cb8   0x00000058   Code   RO         3045    i.TIM_OC3_SetConfig  stm32f1xx_hal_tim.o
    0x08003d10   0x08003d10   0x00000044   Code   RO         3046    i.TIM_OC4_SetConfig  stm32f1xx_hal_tim.o
    0x08003d54   0x08003d54   0x00000022   Code   RO         3048    i.TIM_TI1_ConfigInputStage  stm32f1xx_hal_tim.o
    0x08003d76   0x08003d76   0x00000024   Code   RO         3050    i.TIM_TI2_ConfigInputStage  stm32f1xx_hal_tim.o
    0x08003d9a   0x08003d9a   0x00000002   PAD
    0x08003d9c   0x08003d9c   0x0000002c   Code   RO         1051    i.Turn              pid.o
    0x08003dc8   0x08003dc8   0x00000010   Code   RO         3951    i.UART_DMAAbortOnError  stm32f1xx_hal_uart.o
    0x08003dd8   0x08003dd8   0x0000004e   Code   RO         3961    i.UART_EndRxTransfer  stm32f1xx_hal_uart.o
    0x08003e26   0x08003e26   0x000000c2   Code   RO         3963    i.UART_Receive_IT   stm32f1xx_hal_uart.o
    0x08003ee8   0x08003ee8   0x000000b8   Code   RO         3964    i.UART_SetConfig    stm32f1xx_hal_uart.o
    0x08003fa0   0x08003fa0   0x00000036   Code   RO         3966    i.UART_Start_Receive_IT  stm32f1xx_hal_uart.o
    0x08003fd6   0x08003fd6   0x00000002   PAD
    0x08003fd8   0x08003fd8   0x00000060   Code   RO         1374    i.USART3_IRQHandler  stm32f1xx_it.o
    0x08004038   0x08004038   0x00000002   Code   RO         1375    i.UsageFault_Handler  stm32f1xx_it.o
    0x0800403a   0x0800403a   0x00000002   PAD
    0x0800403c   0x0800403c   0x00000090   Code   RO         1052    i.Velocity          pid.o
    0x080040cc   0x080040cc   0x00000034   Code   RO         1053    i.Vertical          pid.o
    0x08004100   0x08004100   0x00000034   Code   RO           25    i.WriteCmd          oled.o
    0x08004134   0x08004134   0x00000028   Code   RO         4476    i.__ARM_fpclassify  m_ws.l(fpclassify.o)
    0x0800415c   0x0800415c   0x00000020   Code   RO         2448    i.__NVIC_SetPriority  stm32f1xx_hal_cortex.o
    0x0800417c   0x0800417c   0x000000aa   Code   RO         4478    i.__kernel_poly     m_ws.l(poly.o)
    0x08004226   0x08004226   0x00000006   Code   RO         4463    i.__mathlib_dbl_infnan  m_ws.l(dunder.o)
    0x0800422c   0x0800422c   0x00000004   Code   RO         4464    i.__mathlib_dbl_infnan2  m_ws.l(dunder.o)
    0x08004230   0x08004230   0x0000000c   Code   RO         4465    i.__mathlib_dbl_invalid  m_ws.l(dunder.o)
    0x0800423c   0x0800423c   0x00000010   Code   RO         4468    i.__mathlib_dbl_underflow  m_ws.l(dunder.o)
    0x0800424c   0x0800424c   0x0000000e   Code   RO         4330    i._is_digit         c_w.l(__printf_wp.o)
    0x0800425a   0x0800425a   0x00000002   PAD
    0x0800425c   0x0800425c   0x00000080   Code   RO          300    i.accel_self_test   inv_mpu.o
    0x080042dc   0x080042dc   0x00000270   Code   RO         4406    i.asin              m_ws.l(asin.o)
    0x0800454c   0x0800454c   0x00000220   Code   RO         4453    i.atan              m_ws.l(atan.o)
    0x0800476c   0x0800476c   0x00000180   Code   RO         4416    i.atan2             m_ws.l(atan2.o)
    0x080048ec   0x080048ec   0x0000003a   Code   RO          660    i.dmp_enable_6x_lp_quat  inv_mpu_dmp_motion_driver.o
    0x08004926   0x08004926   0x00000002   PAD
    0x08004928   0x08004928   0x000001d8   Code   RO          661    i.dmp_enable_feature  inv_mpu_dmp_motion_driver.o
    0x08004b00   0x08004b00   0x0000003c   Code   RO          662    i.dmp_enable_gyro_cal  inv_mpu_dmp_motion_driver.o
    0x08004b3c   0x08004b3c   0x0000003a   Code   RO          663    i.dmp_enable_lp_quat  inv_mpu_dmp_motion_driver.o
    0x08004b76   0x08004b76   0x00000002   PAD
    0x08004b78   0x08004b78   0x00000014   Code   RO          668    i.dmp_load_motion_driver_firmware  inv_mpu_dmp_motion_driver.o
    0x08004b8c   0x08004b8c   0x00000144   Code   RO          669    i.dmp_read_fifo     inv_mpu_dmp_motion_driver.o
    0x08004cd0   0x08004cd0   0x000000d8   Code   RO          672    i.dmp_set_accel_bias  inv_mpu_dmp_motion_driver.o
    0x08004da8   0x08004da8   0x00000064   Code   RO          673    i.dmp_set_fifo_rate  inv_mpu_dmp_motion_driver.o
    0x08004e0c   0x08004e0c   0x000000cc   Code   RO          674    i.dmp_set_gyro_bias  inv_mpu_dmp_motion_driver.o
    0x08004ed8   0x08004ed8   0x0000010c   Code   RO          676    i.dmp_set_orientation  inv_mpu_dmp_motion_driver.o
    0x08004fe4   0x08004fe4   0x00000030   Code   RO          679    i.dmp_set_shake_reject_thresh  inv_mpu_dmp_motion_driver.o
    0x08005014   0x08005014   0x00000020   Code   RO          680    i.dmp_set_shake_reject_time  inv_mpu_dmp_motion_driver.o
    0x08005034   0x08005034   0x00000020   Code   RO          681    i.dmp_set_shake_reject_timeout  inv_mpu_dmp_motion_driver.o
    0x08005054   0x08005054   0x00000040   Code   RO          682    i.dmp_set_tap_axes  inv_mpu_dmp_motion_driver.o
    0x08005094   0x08005094   0x00000022   Code   RO          683    i.dmp_set_tap_count  inv_mpu_dmp_motion_driver.o
    0x080050b6   0x080050b6   0x00000002   PAD
    0x080050b8   0x080050b8   0x00000128   Code   RO          684    i.dmp_set_tap_thresh  inv_mpu_dmp_motion_driver.o
    0x080051e0   0x080051e0   0x00000020   Code   RO          685    i.dmp_set_tap_time  inv_mpu_dmp_motion_driver.o
    0x08005200   0x08005200   0x00000020   Code   RO          686    i.dmp_set_tap_time_multi  inv_mpu_dmp_motion_driver.o
    0x08005220   0x08005220   0x000000ac   Code   RO          301    i.get_accel_prod_shift  inv_mpu.o
    0x080052cc   0x080052cc   0x00000314   Code   RO          302    i.get_st_biases     inv_mpu.o
    0x080055e0   0x080055e0   0x000000d4   Code   RO          303    i.gyro_self_test    inv_mpu.o
    0x080056b4   0x080056b4   0x00000022   Code   RO          304    i.inv_orientation_matrix_to_scalar  inv_mpu.o
    0x080056d6   0x080056d6   0x00000048   Code   RO          305    i.inv_row_2_scale   inv_mpu.o
    0x0800571e   0x0800571e   0x00000002   PAD
    0x08005720   0x08005720   0x00000170   Code   RO         1110    i.main              main.o
    0x08005890   0x08005890   0x00000002   Code   RO          306    i.mget_ms           inv_mpu.o
    0x08005892   0x08005892   0x00000002   PAD
    0x08005894   0x08005894   0x00000054   Code   RO          307    i.mpu_configure_fifo  inv_mpu.o
    0x080058e8   0x080058e8   0x0000019c   Code   RO          308    i.mpu_dmp_get_data  inv_mpu.o
    0x08005a84   0x08005a84   0x0000009c   Code   RO          309    i.mpu_dmp_init      inv_mpu.o
    0x08005b20   0x08005b20   0x0000003c   Code   RO          310    i.mpu_get_accel_fsr  inv_mpu.o
    0x08005b5c   0x08005b5c   0x00000044   Code   RO          312    i.mpu_get_accel_sens  inv_mpu.o
    0x08005ba0   0x08005ba0   0x00000034   Code   RO          318    i.mpu_get_gyro_fsr  inv_mpu.o
    0x08005bd4   0x08005bd4   0x00000040   Code   RO          320    i.mpu_get_gyro_sens  inv_mpu.o
    0x08005c14   0x08005c14   0x00000038   Code   RO          322    i.mpu_get_lpf       inv_mpu.o
    0x08005c4c   0x08005c4c   0x0000001c   Code   RO          324    i.mpu_get_sample_rate  inv_mpu.o
    0x08005c68   0x08005c68   0x00000124   Code   RO          326    i.mpu_init          inv_mpu.o
    0x08005d8c   0x08005d8c   0x000000a0   Code   RO          327    i.mpu_load_firmware  inv_mpu.o
    0x08005e2c   0x08005e2c   0x000000b8   Code   RO          328    i.mpu_lp_accel_mode  inv_mpu.o
    0x08005ee4   0x08005ee4   0x00000090   Code   RO          331    i.mpu_read_fifo_stream  inv_mpu.o
    0x08005f74   0x08005f74   0x00000054   Code   RO          332    i.mpu_read_mem      inv_mpu.o
    0x08005fc8   0x08005fc8   0x00000160   Code   RO          335    i.mpu_reset_fifo    inv_mpu.o
    0x08006128   0x08006128   0x000000f0   Code   RO          336    i.mpu_run_self_test  inv_mpu.o
    0x08006218   0x08006218   0x00000068   Code   RO          338    i.mpu_set_accel_fsr  inv_mpu.o
    0x08006280   0x08006280   0x000000dc   Code   RO          339    i.mpu_set_bypass    inv_mpu.o
    0x0800635c   0x0800635c   0x00000078   Code   RO          341    i.mpu_set_dmp_state  inv_mpu.o
    0x080063d4   0x080063d4   0x0000006c   Code   RO          342    i.mpu_set_gyro_fsr  inv_mpu.o
    0x08006440   0x08006440   0x00000064   Code   RO          343    i.mpu_set_int_latched  inv_mpu.o
    0x080064a4   0x080064a4   0x0000006c   Code   RO          345    i.mpu_set_lpf       inv_mpu.o
    0x08006510   0x08006510   0x00000080   Code   RO          346    i.mpu_set_sample_rate  inv_mpu.o
    0x08006590   0x08006590   0x000000b8   Code   RO          347    i.mpu_set_sensors   inv_mpu.o
    0x08006648   0x08006648   0x00000054   Code   RO          348    i.mpu_write_mem     inv_mpu.o
    0x0800669c   0x0800669c   0x00000080   Code   RO          349    i.run_self_test     inv_mpu.o
    0x0800671c   0x0800671c   0x00000058   Code   RO          350    i.set_int_enable    inv_mpu.o
    0x08006774   0x08006774   0x0000004c   Code   RO         4482    i.sqrt              m_ws.l(sqrt.o)
    0x080067c0   0x080067c0   0x0000002c   Code   RO         4550    locale$$code        c_w.l(lc_numeric_c.o)
    0x080067ec   0x080067ec   0x00000062   Code   RO         4353    x$fpl$d2f           fz_ws.l(d2f.o)
    0x0800684e   0x0800684e   0x00000002   PAD
    0x08006850   0x08006850   0x00000150   Code   RO         4355    x$fpl$dadd          fz_ws.l(daddsub_clz.o)
    0x080069a0   0x080069a0   0x00000010   Code   RO         4552    x$fpl$dcheck1       fz_ws.l(dcheck1.o)
    0x080069b0   0x080069b0   0x000002b0   Code   RO         4362    x$fpl$ddiv          fz_ws.l(ddiv.o)
    0x08006c60   0x08006c60   0x00000026   Code   RO         4365    x$fpl$dfltu         fz_ws.l(dflt_clz.o)
    0x08006c86   0x08006c86   0x00000002   PAD
    0x08006c88   0x08006c88   0x00000154   Code   RO         4371    x$fpl$dmul          fz_ws.l(dmul.o)
    0x08006ddc   0x08006ddc   0x0000009c   Code   RO         4439    x$fpl$dnaninf       fz_ws.l(dnaninf.o)
    0x08006e78   0x08006e78   0x0000000c   Code   RO         4441    x$fpl$dretinf       fz_ws.l(dretinf.o)
    0x08006e84   0x08006e84   0x00000016   Code   RO         4356    x$fpl$drsb          fz_ws.l(daddsub_clz.o)
    0x08006e9a   0x08006e9a   0x00000002   PAD
    0x08006e9c   0x08006e9c   0x000001cc   Code   RO         4556    x$fpl$dsqrt         fz_ws.l(dsqrt_noumaal.o)
    0x08007068   0x08007068   0x000001d4   Code   RO         4357    x$fpl$dsub          fz_ws.l(daddsub_clz.o)
    0x0800723c   0x0800723c   0x00000056   Code   RO         4373    x$fpl$f2d           fz_ws.l(f2d.o)
    0x08007292   0x08007292   0x00000002   PAD
    0x08007294   0x08007294   0x000000c4   Code   RO         4375    x$fpl$fadd          fz_ws.l(faddsub_clz.o)
    0x08007358   0x08007358   0x0000000c   Code   RO         4443    x$fpl$fcheck1       fz_ws.l(fcheck1.o)
    0x08007364   0x08007364   0x00000184   Code   RO         4382    x$fpl$fdiv          fz_ws.l(fdiv.o)
    0x080074e8   0x080074e8   0x00000036   Code   RO         4385    x$fpl$ffix          fz_ws.l(ffix.o)
    0x0800751e   0x0800751e   0x00000002   PAD
    0x08007520   0x08007520   0x0000003e   Code   RO         4389    x$fpl$ffixu         fz_ws.l(ffixu.o)
    0x0800755e   0x0800755e   0x00000002   PAD
    0x08007560   0x08007560   0x00000030   Code   RO         4394    x$fpl$fflt          fz_ws.l(fflt_clz.o)
    0x08007590   0x08007590   0x00000026   Code   RO         4393    x$fpl$ffltu         fz_ws.l(fflt_clz.o)
    0x080075b6   0x080075b6   0x00000002   PAD
    0x080075b8   0x080075b8   0x00000102   Code   RO         4399    x$fpl$fmul          fz_ws.l(fmul.o)
    0x080076ba   0x080076ba   0x0000008c   Code   RO         4445    x$fpl$fnaninf       fz_ws.l(fnaninf.o)
    0x08007746   0x08007746   0x0000000a   Code   RO         4447    x$fpl$fretinf       fz_ws.l(fretinf.o)
    0x08007750   0x08007750   0x00000014   Code   RO         4376    x$fpl$frsb          fz_ws.l(faddsub_clz.o)
    0x08007764   0x08007764   0x000000ea   Code   RO         4377    x$fpl$fsub          fz_ws.l(faddsub_clz.o)
    0x0800784e   0x0800784e   0x00000004   Code   RO         4401    x$fpl$printf1       fz_ws.l(printf1.o)
    0x08007852   0x08007852   0x00000064   Code   RO         4560    x$fpl$retnan        fz_ws.l(retnan.o)
    0x080078b6   0x080078b6   0x0000005c   Code   RO         4449    x$fpl$scalbn        fz_ws.l(scalbn.o)
    0x08007912   0x08007912   0x0000004c   Code   RO         4403    x$fpl$scalbnf       fz_ws.l(scalbnf.o)
    0x0800795e   0x0800795e   0x00000030   Code   RO         4626    x$fpl$trapveneer    fz_ws.l(trapv.o)
    0x0800798e   0x0800798e   0x00000000   Code   RO         4451    x$fpl$usenofp       fz_ws.l(usenofp.o)
    0x0800798e   0x0800798e   0x000009c8   Data   RO           27    .constdata          oled.o
    0x08008356   0x08008356   0x0000001b   Data   RO          352    .constdata          inv_mpu.o
    0x08008371   0x08008371   0x00000001   PAD
    0x08008372   0x08008372   0x0000000c   Data   RO          353    .constdata          inv_mpu.o
    0x0800837e   0x0800837e   0x00000002   PAD
    0x08008380   0x08008380   0x00000028   Data   RO          354    .constdata          inv_mpu.o
    0x080083a8   0x080083a8   0x00000bf6   Data   RO          688    .constdata          inv_mpu_dmp_motion_driver.o
    0x08008f9e   0x08008f9e   0x00000012   Data   RO         2146    .constdata          stm32f1xx_hal_rcc.o
    0x08008fb0   0x08008fb0   0x00000010   Data   RO         4273    .constdata          system_stm32f1xx.o
    0x08008fc0   0x08008fc0   0x00000008   Data   RO         4274    .constdata          system_stm32f1xx.o
    0x08008fc8   0x08008fc8   0x00000050   Data   RO         4407    .constdata          m_ws.l(asin.o)
    0x08009018   0x08009018   0x00000098   Data   RO         4454    .constdata          m_ws.l(atan.o)
    0x080090b0   0x080090b0   0x00000008   Data   RO         4480    .constdata          m_ws.l(qnan.o)
    0x080090b8   0x080090b8   0x00000094   Data   RO         4525    .constdata          c_w.l(bigflt0.o)
    0x0800914c   0x0800914c   0x00000020   Data   RO         4711    Region$$Table       anon$$obj.o
    0x0800916c   0x0800916c   0x0000001c   Data   RO         4549    locale$$data        c_w.l(lc_numeric_c.o)


    Execution Region RW_IRAM1 (Exec base: 0x20000000, Load base: 0x08009188, Size: 0x00000920, Max: 0x00005000, ABSOLUTE)

    Exec Addr    Load Addr    Size         Type   Attr      Idx    E Section Name        Object

    0x20000000   0x08009188   0x0000001b   Data   RW           28    .data               oled.o
    0x2000001b   0x080091a3   0x00000001   PAD
    0x2000001c   0x080091a4   0x00000035   Data   RW          355    .data               inv_mpu.o
    0x20000051   0x080091d9   0x00000003   PAD
    0x20000054   0x080091dc   0x00000008   Data   RW          941    .data               sr04.o
    0x2000005c   0x080091e4   0x00000068   Data   RW         1054    .data               pid.o
    0x200000c4   0x0800924c   0x00000007   Data   RW         1376    .data               stm32f1xx_it.o
    0x200000cb   0x08009253   0x00000001   PAD
    0x200000cc   0x08009254   0x0000000c   Data   RW         1983    .data               stm32f1xx_hal.o
    0x200000d8   0x08009260   0x00000004   Data   RW         4275    .data               system_stm32f1xx.o
    0x200000dc        -       0x00000010   Zero   RW          687    .bss                inv_mpu_dmp_motion_driver.o
    0x200000ec        -       0x00000014   Zero   RW         1111    .bss                main.o
    0x20000100        -       0x00000054   Zero   RW         1193    .bss                i2c.o
    0x20000154        -       0x00000120   Zero   RW         1243    .bss                tim.o
    0x20000274        -       0x00000048   Zero   RW         1325    .bss                usart.o
    0x200002bc        -       0x00000060   Zero   RW         4563    .bss                c_w.l(libspace.o)
    0x2000031c   0x08009264   0x00000004   PAD
    0x20000320        -       0x00000200   Zero   RW            2    HEAP                startup_stm32f103xb.o
    0x20000520        -       0x00000400   Zero   RW            1    STACK               startup_stm32f103xb.o


==============================================================================

Image component sizes


      Code (inc. data)   RO Data    RW Data    ZI Data      Debug   Object Name

        12          0          0          0          0        781   encoder.o
       232         22          0          0          0       1003   gpio.o
       176         30          0          0         84       1665   i2c.o
       556         46          0          0          0       5367   iic.o
      5216        210         79         53          0      29658   inv_mpu.o
      2350        118       3062          0         16      19338   inv_mpu_dmp_motion_driver.o
       466        116          0          0         20       2615   main.o
       166          8          0          0          0       1151   motor.o
       640          0          0          0          0       7201   mpu6050.o
       416         28       2504         27          0     439193   oled.o
       580         52          0        104          0       3627   pid.o
       168         26          0          8          0       2173   sr04.o
        64         26        236          0       1536        812   startup_stm32f103xb.o
       164         28          0         12          0       5909   stm32f1xx_hal.o
       198         14          0          0          0      28951   stm32f1xx_hal_cortex.o
       222          4          0          0          0       1771   stm32f1xx_hal_dma.o
       524         40          0          0          0       4114   stm32f1xx_hal_gpio.o
      1414         32          0          0          0       9399   stm32f1xx_hal_i2c.o
        60          8          0          0          0        878   stm32f1xx_hal_msp.o
      1240         84         18          0          0       5116   stm32f1xx_hal_rcc.o
      1760         58          0          0          0      14978   stm32f1xx_hal_tim.o
       188         12          0          0          0       2148   stm32f1xx_hal_tim_ex.o
      1282         10          0          0          0       9374   stm32f1xx_hal_uart.o
       128          8          0          7          0       6061   stm32f1xx_it.o
         2          0         24          4          0       1119   system_stm32f1xx.o
       792         82          0          0        288       5463   tim.o
       184         20          0          0         72       1686   usart.o

    ----------------------------------------------------------------------
     19242       1082       5958        220       2016     611551   Object Totals
         0          0         32          0          0          0   (incl. Generated)
        42          0          3          5          0          0   (incl. Padding)

    ----------------------------------------------------------------------

      Code (inc. data)   RO Data    RW Data    ZI Data      Debug   Library Member Name

         8          0          0          0          0         68   __main.o
       284          0          0          0          0        156   __printf_wp.o
         0          0          0          0          0          0   __rtentry.o
        12          0          0          0          0          0   __rtentry2.o
         6          0          0          0          0          0   __rtentry4.o
        52          8          0          0          0          0   __scatter.o
        26          0          0          0          0          0   __scatter_copy.o
        28          0          0          0          0          0   __scatter_zi.o
        48          6          0          0          0         96   _printf_char_common.o
         6          0          0          0          0          0   _printf_d.o
       120         16          0          0          0         92   _printf_dec.o
         6          0          0          0          0          0   _printf_f.o
      1054          0          0          0          0        216   _printf_fp_dec.o
       128         16          0          0          0         84   _printf_fp_infnan.o
       178          0          0          0          0         88   _printf_intcommon.o
         0          0          0          0          0          0   _printf_percent.o
         4          0          0          0          0          0   _printf_percent_end.o
        22          0          0          0          0        100   _rserrno.o
        10          0          0          0          0         68   _sputc.o
        16          0          0          0          0         68   aeabi_memset.o
       228          4        148          0          0         96   bigflt0.o
      1936        128          0          0          0        672   btod.o
        18          0          0          0          0         80   exit.o
         6          0          0          0          0        152   heapauxi.o
         0          0          0          0          0          0   indicate_semi.o
        44         10         28          0          0         76   lc_numeric_c.o
         2          0          0          0          0          0   libinit.o
        18          0          0          0          0          0   libinit2.o
         2          0          0          0          0          0   libshutdown.o
         2          0          0          0          0          0   libshutdown2.o
         8          4          0          0         96         68   libspace.o
        72          0          0          0          0         76   llsdiv.o
       138          0          0          0          0         80   lludiv10.o
       238          0          0          0          0        100   lludivv7m.o
        88          0          0          0          0         76   memcmp.o
        40          6          0          0          0         84   noretval__2sprintf.o
         8          4          0          0          0         68   rt_errno_addr_intlibspace.o
         8          4          0          0          0         68   rt_locale_intlibspace.o
        68          0          0          0          0         68   rt_memclr.o
        78          0          0          0          0         80   rt_memclr_w.o
         2          0          0          0          0          0   rtexit.o
        10          0          0          0          0          0   rtexit2.o
       128          0          0          0          0         68   strcmpv7m.o
        12          4          0          0          0         68   sys_exit.o
        74          0          0          0          0         80   sys_stackheap_outer.o
         2          0          0          0          0         68   use_no_semi.o
        98          4          0          0          0         92   d2f.o
       826         16          0          0          0        348   daddsub_clz.o
        16          4          0          0          0         68   dcheck1.o
       688        140          0          0          0        208   ddiv.o
        38          0          0          0          0         68   dflt_clz.o
       340         12          0          0          0        104   dmul.o
       156          4          0          0          0         92   dnaninf.o
        12          0          0          0          0         68   dretinf.o
       460         56          0          0          0        120   dsqrt_noumaal.o
        86          4          0          0          0         84   f2d.o
       450          8          0          0          0        236   faddsub_clz.o
        12          4          0          0          0         68   fcheck1.o
       388         76          0          0          0         96   fdiv.o
        54          4          0          0          0         84   ffix.o
        62          4          0          0          0         84   ffixu.o
        86          0          0          0          0        136   fflt_clz.o
       258          4          0          0          0         84   fmul.o
       140          4          0          0          0         84   fnaninf.o
        10          0          0          0          0         68   fretinf.o
         4          0          0          0          0         68   printf1.o
       100          0          0          0          0         68   retnan.o
        92          0          0          0          0         68   scalbn.o
        76          0          0          0          0         68   scalbnf.o
        48          0          0          0          0         68   trapv.o
         0          0          0          0          0          0   usenofp.o
       624         52         80          0          0        168   asin.o
       544         70        152          0          0        124   atan.o
       384         38          0          0          0        144   atan2.o
        38          6          0          0          0        272   dunder.o
        40          0          0          0          0         68   fpclassify.o
       170          0          0          0          0         96   poly.o
         0          0          8          0          0          0   qnan.o
        76          0          0          0          0         84   sqrt.o

    ----------------------------------------------------------------------
     11640        720        416          0        100       6652   Library Totals
        26          0          0          0          4          0   (incl. Padding)

    ----------------------------------------------------------------------

      Code (inc. data)   RO Data    RW Data    ZI Data      Debug   Library Name

      5238        210        176          0         96       3164   c_w.l
      4500        344          0          0          0       2532   fz_ws.l
      1876        166        240          0          0        956   m_ws.l

    ----------------------------------------------------------------------
     11640        720        416          0        100       6652   Library Totals

    ----------------------------------------------------------------------

==============================================================================


      Code (inc. data)   RO Data    RW Data    ZI Data      Debug   

     30882       1802       6374        220       2116     605251   Grand Totals
     30882       1802       6374        220       2116     605251   ELF Image Totals
     30882       1802       6374        220          0          0   ROM Totals

==============================================================================

    Total RO  Size (Code + RO Data)                37256 (  36.38kB)
    Total RW  Size (RW Data + ZI Data)              2336 (   2.28kB)
    Total ROM Size (Code + RO Data + RW Data)      37476 (  36.60kB)

==============================================================================

