Component: ARM Compiler 5.06 update 5 (build 528) Tool: armlink [4d35e2]

==============================================================================

Section Cross References

    startup_stm32f103xb.o(STACK) refers (Special) to heapauxi.o(.text) for __use_two_region_memory
    startup_stm32f103xb.o(HEAP) refers (Special) to heapauxi.o(.text) for __use_two_region_memory
    startup_stm32f103xb.o(RESET) refers (Special) to heapauxi.o(.text) for __use_two_region_memory
    startup_stm32f103xb.o(RESET) refers to startup_stm32f103xb.o(STACK) for __initial_sp
    startup_stm32f103xb.o(RESET) refers to startup_stm32f103xb.o(.text) for Reset_Handler
    startup_stm32f103xb.o(RESET) refers to stm32f1xx_it.o(i.NMI_Handler) for NMI_Handler
    startup_stm32f103xb.o(RESET) refers to stm32f1xx_it.o(i.HardFault_Handler) for HardFault_Handler
    startup_stm32f103xb.o(RESET) refers to stm32f1xx_it.o(i.MemManage_Handler) for MemManage_Handler
    startup_stm32f103xb.o(RESET) refers to stm32f1xx_it.o(i.BusFault_Handler) for BusFault_Handler
    startup_stm32f103xb.o(RESET) refers to stm32f1xx_it.o(i.UsageFault_Handler) for UsageFault_Handler
    startup_stm32f103xb.o(RESET) refers to stm32f1xx_it.o(i.SVC_Handler) for SVC_Handler
    startup_stm32f103xb.o(RESET) refers to stm32f1xx_it.o(i.DebugMon_Handler) for DebugMon_Handler
    startup_stm32f103xb.o(RESET) refers to stm32f1xx_it.o(i.PendSV_Handler) for PendSV_Handler
    startup_stm32f103xb.o(RESET) refers to stm32f1xx_it.o(i.SysTick_Handler) for SysTick_Handler
    startup_stm32f103xb.o(RESET) refers to stm32f1xx_it.o(i.EXTI2_IRQHandler) for EXTI2_IRQHandler
    startup_stm32f103xb.o(.text) refers (Special) to heapauxi.o(.text) for __use_two_region_memory
    startup_stm32f103xb.o(.text) refers to system_stm32f1xx.o(i.SystemInit) for SystemInit
    startup_stm32f103xb.o(.text) refers to __main.o(!!!main) for __main
    startup_stm32f103xb.o(.text) refers to startup_stm32f103xb.o(HEAP) for Heap_Mem
    startup_stm32f103xb.o(.text) refers to startup_stm32f103xb.o(STACK) for Stack_Mem
    oled.o(i.OLED_Clear) refers to oled.o(i.OLED_WR_CMD) for OLED_WR_CMD
    oled.o(i.OLED_Clear) refers to oled.o(i.OLED_WR_DATA) for OLED_WR_DATA
    oled.o(i.OLED_Display_Off) refers to oled.o(i.OLED_WR_CMD) for OLED_WR_CMD
    oled.o(i.OLED_Display_On) refers to oled.o(i.OLED_WR_CMD) for OLED_WR_CMD
    oled.o(i.OLED_Init) refers to stm32f1xx_hal.o(i.HAL_Delay) for HAL_Delay
    oled.o(i.OLED_Init) refers to oled.o(i.WriteCmd) for WriteCmd
    oled.o(i.OLED_On) refers to oled.o(i.OLED_WR_CMD) for OLED_WR_CMD
    oled.o(i.OLED_On) refers to oled.o(i.OLED_WR_DATA) for OLED_WR_DATA
    oled.o(i.OLED_Set_Pos) refers to oled.o(i.OLED_WR_CMD) for OLED_WR_CMD
    oled.o(i.OLED_ShowCHinese) refers to oled.o(i.OLED_Set_Pos) for OLED_Set_Pos
    oled.o(i.OLED_ShowCHinese) refers to oled.o(i.OLED_WR_DATA) for OLED_WR_DATA
    oled.o(i.OLED_ShowCHinese) refers to oled.o(.constdata) for .constdata
    oled.o(i.OLED_ShowChar) refers to oled.o(i.OLED_Set_Pos) for OLED_Set_Pos
    oled.o(i.OLED_ShowChar) refers to oled.o(i.OLED_WR_DATA) for OLED_WR_DATA
    oled.o(i.OLED_ShowChar) refers to oled.o(.constdata) for .constdata
    oled.o(i.OLED_ShowNum) refers to oled.o(i.oled_pow) for oled_pow
    oled.o(i.OLED_ShowNum) refers to oled.o(i.OLED_ShowChar) for OLED_ShowChar
    oled.o(i.OLED_ShowString) refers to oled.o(i.OLED_ShowChar) for OLED_ShowChar
    oled.o(i.OLED_WR_CMD) refers to stm32f1xx_hal_i2c.o(i.HAL_I2C_Mem_Write) for HAL_I2C_Mem_Write
    oled.o(i.OLED_WR_CMD) refers to i2c.o(.bss) for hi2c1
    oled.o(i.OLED_WR_DATA) refers to stm32f1xx_hal_i2c.o(i.HAL_I2C_Mem_Write) for HAL_I2C_Mem_Write
    oled.o(i.OLED_WR_DATA) refers to i2c.o(.bss) for hi2c1
    oled.o(i.WriteCmd) refers to stm32f1xx_hal_i2c.o(i.HAL_I2C_Mem_Write) for HAL_I2C_Mem_Write
    oled.o(i.WriteCmd) refers to oled.o(.data) for .data
    oled.o(i.WriteCmd) refers to i2c.o(.bss) for hi2c1
    iic.o(i.IIC_Ack) refers to stm32f1xx_hal_gpio.o(i.HAL_GPIO_WritePin) for HAL_GPIO_WritePin
    iic.o(i.IIC_Ack) refers to iic.o(i.IIC_Delay) for IIC_Delay
    iic.o(i.IIC_CheckDevice) refers to iic.o(i.IIC_GPIO_Init) for IIC_GPIO_Init
    iic.o(i.IIC_CheckDevice) refers to iic.o(i.IIC_Start) for IIC_Start
    iic.o(i.IIC_CheckDevice) refers to iic.o(i.IIC_Send_Byte) for IIC_Send_Byte
    iic.o(i.IIC_CheckDevice) refers to iic.o(i.IIC_Wait_Ack) for IIC_Wait_Ack
    iic.o(i.IIC_CheckDevice) refers to iic.o(i.IIC_Stop) for IIC_Stop
    iic.o(i.IIC_GPIO_Init) refers to stm32f1xx_hal_gpio.o(i.HAL_GPIO_Init) for HAL_GPIO_Init
    iic.o(i.IIC_GPIO_Init) refers to iic.o(i.IIC_Stop) for IIC_Stop
    iic.o(i.IIC_NAck) refers to stm32f1xx_hal_gpio.o(i.HAL_GPIO_WritePin) for HAL_GPIO_WritePin
    iic.o(i.IIC_NAck) refers to iic.o(i.IIC_Delay) for IIC_Delay
    iic.o(i.IIC_Read_Byte) refers to stm32f1xx_hal_gpio.o(i.HAL_GPIO_WritePin) for HAL_GPIO_WritePin
    iic.o(i.IIC_Read_Byte) refers to iic.o(i.IIC_Delay) for IIC_Delay
[...]
    x$fpl$ddiv                               0x08005b40   Section      688  ddiv.o(x$fpl$ddiv)
    ddiv_entry                               0x08005b47   Thumb Code     0  ddiv.o(x$fpl$ddiv)
    x$fpl$dflt                               0x08005df0   Section       46  dflt_clz.o(x$fpl$dflt)
    x$fpl$dmul                               0x08005e20   Section      340  dmul.o(x$fpl$dmul)
    x$fpl$dnaninf                            0x08005f74   Section      156  dnaninf.o(x$fpl$dnaninf)
    x$fpl$dretinf                            0x08006010   Section       12  dretinf.o(x$fpl$dretinf)
    x$fpl$drsb                               0x0800601c   Section       22  daddsub_clz.o(x$fpl$drsb)
    x$fpl$dsqrt                              0x08006034   Section      460  dsqrt_noumaal.o(x$fpl$dsqrt)
    x$fpl$dsub                               0x08006200   Section      468  daddsub_clz.o(x$fpl$dsub)
    _dsub1                                   0x08006211   Thumb Code     0  daddsub_clz.o(x$fpl$dsub)
    x$fpl$f2d                                0x080063d4   Section       86  f2d.o(x$fpl$f2d)
    x$fpl$fadd                               0x0800642c   Section      196  faddsub_clz.o(x$fpl$fadd)
    _fadd1                                   0x0800643b   Thumb Code     0  faddsub_clz.o(x$fpl$fadd)
    x$fpl$fcheck1                            0x080064f0   Section       12  fcheck1.o(x$fpl$fcheck1)
    x$fpl$fdiv                               0x080064fc   Section      388  fdiv.o(x$fpl$fdiv)
    _fdiv1                                   0x080064fd   Thumb Code     0  fdiv.o(x$fpl$fdiv)
    x$fpl$ffix                               0x08006680   Section       54  ffix.o(x$fpl$ffix)
    x$fpl$ffixu                              0x080066b8   Section       62  ffixu.o(x$fpl$ffixu)
    x$fpl$fflt                               0x080066f8   Section       48  fflt_clz.o(x$fpl$fflt)
    x$fpl$ffltu                              0x08006728   Section       38  fflt_clz.o(x$fpl$ffltu)
    x$fpl$fmul                               0x08006750   Section      258  fmul.o(x$fpl$fmul)
    x$fpl$fnaninf                            0x08006852   Section      140  fnaninf.o(x$fpl$fnaninf)
    x$fpl$fretinf                            0x080068de   Section       10  fretinf.o(x$fpl$fretinf)
    x$fpl$fsub                               0x080068e8   Section      234  faddsub_clz.o(x$fpl$fsub)
    _fsub1                                   0x080068f7   Thumb Code     0  faddsub_clz.o(x$fpl$fsub)
    x$fpl$printf1                            0x080069d2   Section        4  printf1.o(x$fpl$printf1)
    x$fpl$retnan                             0x080069d6   Section      100  retnan.o(x$fpl$retnan)
    x$fpl$scalbn                             0x08006a3a   Section       92  scalbn.o(x$fpl$scalbn)
    x$fpl$scalbnf                            0x08006a96   Section       76  scalbnf.o(x$fpl$scalbnf)
    x$fpl$trapveneer                         0x08006ae2   Section       48  trapv.o(x$fpl$trapveneer)
    .constdata                               0x08006b12   Section     2504  oled.o(.constdata)
    x$fpl$usenofp                            0x08006b12   Section        0  usenofp.o(x$fpl$usenofp)
    .constdata                               0x080074da   Section       27  inv_mpu.o(.constdata)
    .constdata                               0x080074f6   Section       12  inv_mpu.o(.constdata)
    .constdata                               0x08007504   Section       40  inv_mpu.o(.constdata)
    .constdata                               0x0800752c   Section     3062  inv_mpu_dmp_motion_driver.o(.constdata)
    dmp_memory                               0x0800752c   Data        3062  inv_mpu_dmp_motion_driver.o(.constdata)
    .constdata                               0x08008122   Section       18  stm32f1xx_hal_rcc.o(.constdata)
    aPredivFactorTable                       0x08008122   Data           2  stm32f1xx_hal_rcc.o(.constdata)
    aPLLMULFactorTable                       0x08008124   Data          16  stm32f1xx_hal_rcc.o(.constdata)
    .constdata                               0x08008134   Section       16  system_stm32f1xx.o(.constdata)
    .constdata                               0x08008144   Section        8  system_stm32f1xx.o(.constdata)
    .constdata                               0x08008150   Section       80  asin.o(.constdata)
    pS                                       0x08008150   Data          48  asin.o(.constdata)
    qS                                       0x08008180   Data          32  asin.o(.constdata)
    .constdata                               0x080081a0   Section      152  atan.o(.constdata)
    atanhi                                   0x080081a0   Data          32  atan.o(.constdata)
    atanlo                                   0x080081c0   Data          32  atan.o(.constdata)
    aTodd                                    0x080081e0   Data          40  atan.o(.constdata)
    aTeven                                   0x08008208   Data          48  atan.o(.constdata)
    .constdata                               0x08008238   Section        8  qnan.o(.constdata)
    .constdata                               0x08008240   Section      148  bigflt0.o(.constdata)
    tenpwrs_x                                0x08008240   Data          60  bigflt0.o(.constdata)
    tenpwrs_i                                0x0800827c   Data          64  bigflt0.o(.constdata)
    locale$$data                             0x080082f4   Section       28  lc_numeric_c.o(locale$$data)
    __lcnum_c_name                           0x080082f8   Data           2  lc_numeric_c.o(locale$$data)
    __lcnum_c_start                          0x08008300   Data           0  lc_numeric_c.o(locale$$data)
    __lcnum_c_point                          0x0800830c   Data           0  lc_numeric_c.o(locale$$data)
    __lcnum_c_thousands                      0x0800830e   Data           0  lc_numeric_c.o(locale$$data)
    __lcnum_c_grouping                       0x0800830f   Data           0  lc_numeric_c.o(locale$$data)
    __lcnum_c_end                            0x08008310   Data           0  lc_numeric_c.o(locale$$data)
    .data                                    0x20000000   Section       27  oled.o(.data)
    .data                                    0x2000001c   Section       53  inv_mpu.o(.data)
    st                                       0x2000001c   Data          44  inv_mpu.o(.data)
    gyro_orientation                         0x20000048   Data           9  inv_mpu.o(.data)
    .data                                    0x20000054   Section        8  sr04.o(.data)
    .data                                    0x2000005c   Section       12  main.o(.data)
    .data                                    0x20000068   Section       12  stm32f1xx_hal.o(.data)
    .data                                    0x20000074   Section        4  system_stm32f1xx.o(.data)
    .bss                                     0x20000078   Section       16  inv_mpu_dmp_motion_driver.o(.bss)
    dmp                                      0x20000078   Data          16  inv_mpu_dmp_motion_driver.o(.bss)
    .bss                                     0x20000088   Section       20  main.o(.bss)
    .bss                                     0x2000009c   Section       84  i2c.o(.bss)
    .bss                                     0x200000f0   Section      144  tim.o(.bss)
    .bss                                     0x20000180   Section       96  libspace.o(.bss)
    HEAP                                     0x200001e0   Section      512  startup_stm32f103xb.o(HEAP)
    Heap_Mem                                 0x200001e0   Data         512  startup_stm32f103xb.o(HEAP)
    STACK                                    0x200003e0   Section     1024  startup_stm32f103xb.o(STACK)
    Stack_Mem                                0x200003e0   Data        1024  startup_stm32f103xb.o(STACK)
    __initial_sp                             0x200007e0   Data           0  startup_stm32f103xb.o(STACK)

    Global Symbols

    Symbol Name                              Value     Ov Type        Size  Object(Section)

    BuildAttributes$$THM_ISAv4$P$D$K$B$S$PE$A:L22UL41UL21$X:L11$S22US41US21$IEEE1$IW$USESV6$~STKCKD$USESV7$~SHL$OTIME$ROPI$IEEEX$EBA8$UX$STANDARDLIB$REQ8$PRES8$EABIv2 0x00000000   Number         0  anon$$obj.o ABSOLUTE
    __ARM_use_no_argv                        0x00000000   Number         0  main.o ABSOLUTE
    _printf_flags                            0x00000000   Number         0  printf_stubs.o ABSOLUTE
    _printf_return_value                     0x00000000   Number         0  printf_stubs.o ABSOLUTE
    _printf_sizespec                         0x00000000   Number         0  printf_stubs.o ABSOLUTE
    _printf_widthprec                        0x00000000   Number         0  printf_stubs.o ABSOLUTE
    __ARM_exceptions_init                     - Undefined Weak Reference
    __alloca_initialize                       - Undefined Weak Reference
    __arm_preinit_                            - Undefined Weak Reference
    __cpp_initialize__aeabi_                  - Undefined Weak Reference
    __cxa_finalize                            - Undefined Weak Reference
    __sigvec_lookup                           - Undefined Weak Reference
    _atexit_init                              - Undefined Weak Reference
    _call_atexit_fns                          - Undefined Weak Reference
    _clock_init                               - Undefined Weak Reference
    _fp_trap_init                             - Undefined Weak Reference
    _fp_trap_shutdown                         - Undefined Weak Reference
    _get_lc_collate                           - Undefined Weak Reference
    _get_lc_ctype                             - Undefined Weak Reference
    _get_lc_monetary                          - Undefined Weak Reference
    _get_lc_time                              - Undefined Weak Reference
    _getenv_init                              - Undefined Weak Reference
    _handle_redirection                       - Undefined Weak Reference
    _init_alloc                               - Undefined Weak Reference
    _init_user_alloc                          - Undefined Weak Reference
    _initio                                   - Undefined Weak Reference
    _printf_post_padding                      - Undefined Weak Reference
    _printf_pre_padding                       - Undefined Weak Reference
    _rand_init                                - Undefined Weak Reference
    _signal_finish                            - Undefined Weak Reference
    _signal_init                              - Undefined Weak Reference
    _terminate_alloc                          - Undefined Weak Reference
    _terminate_user_alloc                     - Undefined Weak Reference
    _terminateio                              - Undefined Weak Reference
    __Vectors_Size                           0x000000ec   Number         0  startup_stm32f103xb.o ABSOLUTE
    __Vectors                                0x08000000   Data           4  startup_stm32f103xb.o(RESET)
    __Vectors_End                            0x080000ec   Data           0  startup_stm32f103xb.o(RESET)
    __main                                   0x080000ed   Thumb Code     8  __main.o(!!!main)
    __scatterload                            0x080000f5   Thumb Code     0  __scatter.o(!!!scatter)
    __scatterload_rt2                        0x080000f5   Thumb Code    44  __scatter.o(!!!scatter)
    __scatterload_rt2_thumb_only             0x080000f5   Thumb Code     0  __scatter.o(!!!scatter)
    __scatterload_null                       0x08000103   Thumb Code     0  __scatter.o(!!!scatter)
    __scatterload_copy                       0x08000129   Thumb Code    26  __scatter_copy.o(!!handler_copy)
    __scatterload_zeroinit                   0x08000145   Thumb Code    28  __scatter_zi.o(!!handler_zi)
    _printf_f                                0x08000161   Thumb Code     0  _printf_f.o(.ARM.Collect$$_printf_percent$$00000003)
    _printf_percent                          0x08000161   Thumb Code     0  _printf_percent.o(.ARM.Collect$$_printf_percent$$00000000)
    _printf_percent_end                      0x08000167   Thumb Code     0  _printf_percent_end.o(.ARM.Collect$$_printf_percent$$00000017)
    __rt_lib_init                            0x0800016b   Thumb Code     0  libinit.o(.ARM.Collect$$libinit$$00000000)
    __rt_lib_init_fp_1                       0x0800016d   Thumb Code     0  libinit2.o(.ARM.Collect$$libinit$$00000002)
    __rt_lib_init_heap_1                     0x0800016d   Thumb Code     0  libinit2.o(.ARM.Collect$$libinit$$0000000A)
    __rt_lib_init_lc_common                  0x0800016d   Thumb Code     0  libinit2.o(.ARM.Collect$$libinit$$0000000F)
    __rt_lib_init_preinit_1                  0x0800016d   Thumb Code     0  libinit2.o(.ARM.Collect$$libinit$$00000004)
    __rt_lib_init_rand_1                     0x0800016d   Thumb Code     0  libinit2.o(.ARM.Collect$$libinit$$0000000E)
    __rt_lib_init_user_alloc_1               0x0800016d   Thumb Code     0  libinit2.o(.ARM.Collect$$libinit$$0000000C)
    __rt_lib_init_lc_collate_1               0x08000173   Thumb Code     0  libinit2.o(.ARM.Collect$$libinit$$00000011)
    __rt_lib_init_lc_ctype_1                 0x08000173   Thumb Code     0  libinit2.o(.ARM.Collect$$libinit$$00000013)
    __rt_lib_init_lc_monetary_1              0x08000173   Thumb Code     0  libinit2.o(.ARM.Collect$$libinit$$00000015)
    __rt_lib_init_lc_numeric_2               0x08000173   Thumb Code     0  libinit2.o(.ARM.Collect$$libinit$$00000016)
    __rt_lib_init_alloca_1                   0x0800017d   Thumb Code     0  libinit2.o(.ARM.Collect$$libinit$$0000002E)
    __rt_lib_init_argv_1                     0x0800017d   Thumb Code     0  libinit2.o(.ARM.Collect$$libinit$$0000002C)
    __rt_lib_init_atexit_1                   0x0800017d   Thumb Code     0  libinit2.o(.ARM.Collect$$libinit$$0000001B)
    __rt_lib_init_clock_1                    0x0800017d   Thumb Code     0  libinit2.o(.ARM.Collect$$libinit$$00000021)
    __rt_lib_init_cpp_1                      0x0800017d   Thumb Code     0  libinit2.o(.ARM.Collect$$libinit$$00000032)
    __rt_lib_init_exceptions_1               0x0800017d   Thumb Code     0  libinit2.o(.ARM.Collect$$libinit$$00000030)
    __rt_lib_init_fp_trap_1                  0x0800017d   Thumb Code     0  libinit2.o(.ARM.Collect$$libinit$$0000001F)
    __rt_lib_init_getenv_1                   0x0800017d   Thumb Code     0  libinit2.o(.ARM.Collect$$libinit$$00000023)
    __rt_lib_init_lc_numeric_1               0x0800017d   Thumb Code     0  libinit2.o(.ARM.Collect$$libinit$$00000017)
    __rt_lib_init_lc_time_1                  0x0800017d   Thumb Code     0  libinit2.o(.ARM.Collect$$libinit$$00000019)
    __rt_lib_init_return                     0x0800017d   Thumb Code     0  libinit2.o(.ARM.Collect$$libinit$$00000033)
    __rt_lib_init_signal_1                   0x0800017d   Thumb Code     0  libinit2.o(.ARM.Collect$$libinit$$0000001D)
    __rt_lib_init_stdio_1                    0x0800017d   Thumb Code     0  libinit2.o(.ARM.Collect$$libinit$$00000025)
    __rt_lib_shutdown                        0x0800017f   Thumb Code     0  libshutdown.o(.ARM.Collect$$libshutdown$$00000000)
    __rt_lib_shutdown_cpp_1                  0x08000181   Thumb Code     0  libshutdown2.o(.ARM.Collect$$libshutdown$$00000002)
    __rt_lib_shutdown_fp_trap_1              0x08000181   Thumb Code     0  libshutdown2.o(.ARM.Collect$$libshutdown$$00000007)
    __rt_lib_shutdown_heap_1                 0x08000181   Thumb Code     0  libshutdown2.o(.ARM.Collect$$libshutdown$$0000000F)
    __rt_lib_shutdown_return                 0x08000181   Thumb Code     0  libshutdown2.o(.ARM.Collect$$libshutdown$$00000010)
    __rt_lib_shutdown_signal_1               0x08000181   Thumb Code     0  libshutdown2.o(.ARM.Collect$$libshutdown$$0000000A)
    __rt_lib_shutdown_stdio_1                0x08000181   Thumb Code     0  libshutdown2.o(.ARM.Collect$$libshutdown$$00000004)
    __rt_lib_shutdown_user_alloc_1           0x08000181   Thumb Code     0  libshutdown2.o(.ARM.Collect$$libshutdown$$0000000C)
    __rt_entry                               0x08000183   Thumb Code     0  __rtentry.o(.ARM.Collect$$rtentry$$00000000)
    __rt_entry_presh_1                       0x08000183   Thumb Code     0  __rtentry2.o(.ARM.Collect$$rtentry$$00000002)
    __rt_entry_sh                            0x08000183   Thumb Code     0  __rtentry4.o(.ARM.Collect$$rtentry$$00000004)
    __rt_entry_li                            0x08000189   Thumb Code     0  __rtentry2.o(.ARM.Collect$$rtentry$$0000000A)
    __rt_entry_postsh_1                      0x08000189   Thumb Code     0  __rtentry2.o(.ARM.Collect$$rtentry$$00000009)
    __rt_entry_main                          0x0800018d   Thumb Code     0  __rtentry2.o(.ARM.Collect$$rtentry$$0000000D)
    __rt_entry_postli_1                      0x0800018d   Thumb Code     0  __rtentry2.o(.ARM.Collect$$rtentry$$0000000C)
    __rt_exit                                0x08000195   Thumb Code     0  rtexit.o(.ARM.Collect$$rtexit$$00000000)
    __rt_exit_ls                             0x08000197   Thumb Code     0  rtexit2.o(.ARM.Collect$$rtexit$$00000003)
    __rt_exit_prels_1                        0x08000197   Thumb Code     0  rtexit2.o(.ARM.Collect$$rtexit$$00000002)
    __rt_exit_exit                           0x0800019b   Thumb Code     0  rtexit2.o(.ARM.Collect$$rtexit$$00000004)
    Reset_Handler                            0x080001a1   Thumb Code     8  startup_stm32f103xb.o(.text)
    ADC1_2_IRQHandler                        0x080001bb   Thumb Code     0  startup_stm32f103xb.o(.text)
    CAN1_RX1_IRQHandler                      0x080001bb   Thumb Code     0  startup_stm32f103xb.o(.text)
    CAN1_SCE_IRQHandler                      0x080001bb   Thumb Code     0  startup_stm32f103xb.o(.text)
    DMA1_Channel1_IRQHandler                 0x080001bb   Thumb Code     0  startup_stm32f103xb.o(.text)
    DMA1_Channel2_IRQHandler                 0x080001bb   Thumb Code     0  startup_stm32f103xb.o(.text)
    DMA1_Channel3_IRQHandler                 0x080001bb   Thumb Code     0  startup_stm32f103xb.o(.text)
    DMA1_Channel4_IRQHandler                 0x080001bb   Thumb Code     0  startup_stm32f103xb.o(.text)
    DMA1_Channel5_IRQHandler                 0x080001bb   Thumb Code     0  startup_stm32f103xb.o(.text)
    DMA1_Channel6_IRQHandler                 0x080001bb   Thumb Code     0  startup_stm32f103xb.o(.text)
    DMA1_Channel7_IRQHandler                 0x080001bb   Thumb Code     0  startup_stm32f103xb.o(.text)
    EXTI0_IRQHandler                         0x080001bb   Thumb Code     0  startup_stm32f103xb.o(.text)
    EXTI15_10_IRQHandler                     0x080001bb   Thumb Code     0  startup_stm32f103xb.o(.text)
    EXTI1_IRQHandler                         0x080001bb   Thumb Code     0  startup_stm32f103xb.o(.text)
    EXTI3_IRQHandler                         0x080001bb   Thumb Code     0  startup_stm32f103xb.o(.text)
    EXTI4_IRQHandler                         0x080001bb   Thumb Code     0  startup_stm32f103xb.o(.text)
    EXTI9_5_IRQHandler                       0x080001bb   Thumb Code     0  startup_stm32f103xb.o(.text)
    FLASH_IRQHandler                         0x080001bb   Thumb Code     0  startup_stm32f103xb.o(.text)
    I2C1_ER_IRQHandler                       0x080001bb   Thumb Code     0  startup_stm32f103xb.o(.text)
    I2C1_EV_IRQHandler                       0x080001bb   Thumb Code     0  startup_stm32f103xb.o(.text)
    I2C2_ER_IRQHandler                       0x080001bb   Thumb Code     0  startup_stm32f103xb.o(.text)
    I2C2_EV_IRQHandler                       0x080001bb   Thumb Code     0  startup_stm32f103xb.o(.text)
    PVD_IRQHandler                           0x080001bb   Thumb Code     0  startup_stm32f103xb.o(.text)
    RCC_IRQHandler                           0x080001bb   Thumb Code     0  startup_stm32f103xb.o(.text)
    RTC_Alarm_IRQHandler                     0x080001bb   Thumb Code     0  startup_stm32f103xb.o(.text)
    RTC_IRQHandler                           0x080001bb   Thumb Code     0  startup_stm32f103xb.o(.text)
    SPI1_IRQHandler                          0x080001bb   Thumb Code     0  startup_stm32f103xb.o(.text)
    SPI2_IRQHandler                          0x080001bb   Thumb Code     0  startup_stm32f103xb.o(.text)
    TAMPER_IRQHandler                        0x080001bb   Thumb Code     0  startup_stm32f103xb.o(.text)
    TIM1_BRK_IRQHandler                      0x080001bb   Thumb Code     0  startup_stm32f103xb.o(.text)
    TIM1_CC_IRQHandler                       0x080001bb   Thumb Code     0  startup_stm32f103xb.o(.text)
    TIM1_TRG_COM_IRQHandler                  0x080001bb   Thumb Code     0  startup_stm32f103xb.o(.text)
    TIM1_UP_IRQHandler                       0x080001bb   Thumb Code     0  startup_stm32f103xb.o(.text)
    TIM2_IRQHandler                          0x080001bb   Thumb Code     0  startup_stm32f103xb.o(.text)
    TIM3_IRQHandler                          0x080001bb   Thumb Code     0  startup_stm32f103xb.o(.text)
    TIM4_IRQHandler                          0x080001bb   Thumb Code     0  startup_stm32f103xb.o(.text)
    USART1_IRQHandler                        0x080001bb   Thumb Code     0  startup_stm32f103xb.o(.text)
    USART2_IRQHandler                        0x080001bb   Thumb Code     0  startup_stm32f103xb.o(.text)
    USART3_IRQHandler                        0x080001bb   Thumb Code     0  startup_stm32f103xb.o(.text)
    USBWakeUp_IRQHandler                     0x080001bb   Thumb Code     0  startup_stm32f103xb.o(.text)
    USB_HP_CAN1_TX_IRQHandler                0x080001bb   Thumb Code     0  startup_stm32f103xb.o(.text)
    USB_LP_CAN1_RX0_IRQHandler               0x080001bb   Thumb Code     0  startup_stm32f103xb.o(.text)
    WWDG_IRQHandler                          0x080001bb   Thumb Code     0  startup_stm32f103xb.o(.text)
    __user_initial_stackheap                 0x080001bd   Thumb Code     0  startup_stm32f103xb.o(.text)
    __aeabi_ldivmod                          0x080001e1   Thumb Code     0  llsdiv.o(.text)
    _ll_sdiv                                 0x080001e1   Thumb Code    72  llsdiv.o(.text)
    __2sprintf                               0x08000229   Thumb Code    34  noretval__2sprintf.o(.text)
    __printf                                 0x08000251   Thumb Code   270  __printf_wp.o(.text)
    memcmp                                   0x0800035f   Thumb Code    88  memcmp.o(.text)
    __aeabi_memset                           0x080003b7   Thumb Code    16  aeabi_memset.o(.text)
    __aeabi_memclr4                          0x080003c7   Thumb Code     0  rt_memclr_w.o(.text)
    __aeabi_memclr8                          0x080003c7   Thumb Code     0  rt_memclr_w.o(.text)
    __rt_memclr_w                            0x080003c7   Thumb Code    78  rt_memclr_w.o(.text)
    _memset_w                                0x080003cb   Thumb Code     0  rt_memclr_w.o(.text)
    __use_two_region_memory                  0x08000415   Thumb Code     2  heapauxi.o(.text)
    __rt_heap_escrow$2region                 0x08000417   Thumb Code     2  heapauxi.o(.text)
    __rt_heap_expand$2region                 0x08000419   Thumb Code     2  heapauxi.o(.text)
    __aeabi_uldivmod                         0x0800041b   Thumb Code     0  lludivv7m.o(.text)
    _ll_udiv                                 0x0800041b   Thumb Code   238  lludivv7m.o(.text)
    __read_errno                             0x08000509   Thumb Code    10  _rserrno.o(.text)
    __set_errno                              0x08000513   Thumb Code    12  _rserrno.o(.text)
    __lib_sel_fp_printf                      0x0800051f   Thumb Code     2  _printf_fp_dec.o(.text)
    _printf_fp_dec_real                      0x080006d1   Thumb Code   620  _printf_fp_dec.o(.text)
    _printf_char_common                      0x08000947   Thumb Code    32  _printf_char_common.o(.text)
    _sputc                                   0x0800096d   Thumb Code    10  _sputc.o(.text)
    __aeabi_memclr                           0x08000977   Thumb Code     0  rt_memclr.o(.text)
    __rt_memclr                              0x08000977   Thumb Code    68  rt_memclr.o(.text)
    _memset                                  0x0800097b   Thumb Code     0  rt_memclr.o(.text)
    __rt_locale                              0x080009bd   Thumb Code     8  rt_locale_intlibspace.o(.text)
    __aeabi_errno_addr                       0x080009c5   Thumb Code     8  rt_errno_addr_intlibspace.o(.text)
    __errno$intlibspace                      0x080009c5   Thumb Code     0  rt_errno_addr_intlibspace.o(.text)
    __rt_errno_addr$intlibspace              0x080009c5   Thumb Code     0  rt_errno_addr_intlibspace.o(.text)
    _ll_udiv10                               0x080009cd   Thumb Code   138  lludiv10.o(.text)
    _printf_fp_infnan                        0x08000a59   Thumb Code   112  _printf_fp_infnan.o(.text)
    _btod_etento                             0x08000ad9   Thumb Code   224  bigflt0.o(.text)
    __user_libspace                          0x08000bbd   Thumb Code     8  libspace.o(.text)
    __user_perproc_libspace                  0x08000bbd   Thumb Code     0  libspace.o(.text)
    __user_perthread_libspace                0x08000bbd   Thumb Code     0  libspace.o(.text)
    __user_setup_stackheap                   0x08000bc5   Thumb Code    74  sys_stackheap_outer.o(.text)
    exit                                     0x08000c0f   Thumb Code    18  exit.o(.text)
    strcmp                                   0x08000c21   Thumb Code   128  strcmpv7m.o(.text)
    _sys_exit                                0x08000ca1   Thumb Code     8  sys_exit.o(.text)
    __I$use$semihosting                      0x08000cad   Thumb Code     0  use_no_semi.o(.text)
    __use_no_semihosting_swi                 0x08000cad   Thumb Code     2  use_no_semi.o(.text)
    __semihosting_library_function           0x08000caf   Thumb Code     0  indicate_semi.o(.text)
    _btod_d2e                                0x08000caf   Thumb Code    62  btod.o(CL$$btod_d2e)
    _d2e_denorm_low                          0x08000ced   Thumb Code    70  btod.o(CL$$btod_d2e_denorm_low)
    _d2e_norm_op1                            0x08000d33   Thumb Code    96  btod.o(CL$$btod_d2e_norm_op1)
    __btod_div_common                        0x08000d93   Thumb Code   696  btod.o(CL$$btod_div_common)
    _e2e                                     0x080010cb   Thumb Code   220  btod.o(CL$$btod_e2e)
    _btod_ediv                               0x080011a7   Thumb Code    42  btod.o(CL$$btod_ediv)
    _btod_emul                               0x080011d1   Thumb Code    42  btod.o(CL$$btod_emul)
    __btod_mult_common                       0x080011fb   Thumb Code   580  btod.o(CL$$btod_mult_common)
    BusFault_Handler                         0x0800143f   Thumb Code     2  stm32f1xx_it.o(i.BusFault_Handler)
    DebugMon_Handler                         0x08001441   Thumb Code     2  stm32f1xx_it.o(i.DebugMon_Handler)
    EXTI2_IRQHandler                         0x08001443   Thumb Code     6  stm32f1xx_it.o(i.EXTI2_IRQHandler)
    Error_Handler                            0x08001449   Thumb Code     4  main.o(i.Error_Handler)
    GET_Distance                             0x0800144d   Thumb Code    34  sr04.o(i.GET_Distance)
    HAL_Delay                                0x08001475   Thumb Code    32  stm32f1xx_hal.o(i.HAL_Delay)
    HAL_GPIO_EXTI_Callback                   0x08001499   Thumb Code    80  sr04.o(i.HAL_GPIO_EXTI_Callback)
    HAL_GPIO_EXTI_IRQHandler                 0x080014f9   Thumb Code    18  stm32f1xx_hal_gpio.o(i.HAL_GPIO_EXTI_IRQHandler)
    HAL_GPIO_Init                            0x08001511   Thumb Code   446  stm32f1xx_hal_gpio.o(i.HAL_GPIO_Init)
    HAL_GPIO_ReadPin                         0x080016f1   Thumb Code    10  stm32f1xx_hal_gpio.o(i.HAL_GPIO_ReadPin)
    HAL_GPIO_WritePin                        0x080016fb   Thumb Code    10  stm32f1xx_hal_gpio.o(i.HAL_GPIO_WritePin)
    HAL_GetTick                              0x08001705   Thumb Code     6  stm32f1xx_hal.o(i.HAL_GetTick)
    HAL_I2C_Init                             0x08001711   Thumb Code   376  stm32f1xx_hal_i2c.o(i.HAL_I2C_Init)
    HAL_I2C_Mem_Write                        0x08001899   Thumb Code   294  stm32f1xx_hal_i2c.o(i.HAL_I2C_Mem_Write)
    HAL_I2C_MspInit                          0x080019c9   Thumb Code    96  i2c.o(i.HAL_I2C_MspInit)
    HAL_IncTick                              0x08001a39   Thumb Code    12  stm32f1xx_hal.o(i.HAL_IncTick)
    HAL_Init                                 0x08001a49   Thumb Code    32  stm32f1xx_hal.o(i.HAL_Init)
    HAL_InitTick                             0x08001a6d   Thumb Code    54  stm32f1xx_hal.o(i.HAL_InitTick)
    HAL_MspInit                              0x08001aad   Thumb Code    52  stm32f1xx_hal_msp.o(i.HAL_MspInit)
    HAL_NVIC_EnableIRQ                       0x08001ae9   Thumb Code    26  stm32f1xx_hal_cortex.o(i.HAL_NVIC_EnableIRQ)
    HAL_NVIC_SetPriority                     0x08001b05   Thumb Code    60  stm32f1xx_hal_cortex.o(i.HAL_NVIC_SetPriority)
    HAL_NVIC_SetPriorityGrouping             0x08001b45   Thumb Code    26  stm32f1xx_hal_cortex.o(i.HAL_NVIC_SetPriorityGrouping)
    HAL_RCC_ClockConfig                      0x08001b69   Thumb Code   280  stm32f1xx_hal_rcc.o(i.HAL_RCC_ClockConfig)
    HAL_RCC_GetPCLK1Freq                     0x08001c95   Thumb Code    20  stm32f1xx_hal_rcc.o(i.HAL_RCC_GetPCLK1Freq)
    HAL_RCC_GetSysClockFreq                  0x08001cb5   Thumb Code    58  stm32f1xx_hal_rcc.o(i.HAL_RCC_GetSysClockFreq)
    HAL_RCC_OscConfig                        0x08001d01   Thumb Code   778  stm32f1xx_hal_rcc.o(i.HAL_RCC_OscConfig)
    HAL_SYSTICK_Config                       0x08002021   Thumb Code    40  stm32f1xx_hal_cortex.o(i.HAL_SYSTICK_Config)
    HAL_TIMEx_ConfigBreakDeadTime            0x08002049   Thumb Code    84  stm32f1xx_hal_tim_ex.o(i.HAL_TIMEx_ConfigBreakDeadTime)
    HAL_TIMEx_MasterConfigSynchronization    0x0800209d   Thumb Code    92  stm32f1xx_hal_tim_ex.o(i.HAL_TIMEx_MasterConfigSynchronization)
    HAL_TIM_Base_Init                        0x08002105   Thumb Code    90  stm32f1xx_hal_tim.o(i.HAL_TIM_Base_Init)
    HAL_TIM_Base_MspInit                     0x08002161   Thumb Code    30  tim.o(i.HAL_TIM_Base_MspInit)
    HAL_TIM_Base_Start                       0x08002189   Thumb Code    66  stm32f1xx_hal_tim.o(i.HAL_TIM_Base_Start)
    HAL_TIM_Base_Stop                        0x080021d9   Thumb Code    38  stm32f1xx_hal_tim.o(i.HAL_TIM_Base_Stop)
    HAL_TIM_ConfigClockSource                0x080021ff   Thumb Code   220  stm32f1xx_hal_tim.o(i.HAL_TIM_ConfigClockSource)
    HAL_TIM_MspPostInit                      0x080022dd   Thumb Code    64  tim.o(i.HAL_TIM_MspPostInit)
    HAL_TIM_PWM_ConfigChannel                0x08002329   Thumb Code   204  stm32f1xx_hal_tim.o(i.HAL_TIM_PWM_ConfigChannel)
    HAL_TIM_PWM_Init                         0x080023f5   Thumb Code    90  stm32f1xx_hal_tim.o(i.HAL_TIM_PWM_Init)
    HAL_TIM_PWM_MspInit                      0x08002451   Thumb Code    30  tim.o(i.HAL_TIM_PWM_MspInit)
    HAL_TIM_PWM_Start                        0x08002479   Thumb Code   144  stm32f1xx_hal_tim.o(i.HAL_TIM_PWM_Start)
    HardFault_Handler                        0x08002515   Thumb Code     2  stm32f1xx_it.o(i.HardFault_Handler)
    IIC_Ack                                  0x080027e9   Thumb Code    60  iic.o(i.IIC_Ack)
    IIC_GPIO_Init                            0x08002835   Thumb Code    50  iic.o(i.IIC_GPIO_Init)
    IIC_NAck                                 0x08002871   Thumb Code    50  iic.o(i.IIC_NAck)
    IIC_Read_Byte                            0x080028a9   Thumb Code    84  iic.o(i.IIC_Read_Byte)
    IIC_Send_Byte                            0x08002901   Thumb Code    86  iic.o(i.IIC_Send_Byte)
    IIC_Start                                0x0800295d   Thumb Code    60  iic.o(i.IIC_Start)
    IIC_Stop                                 0x0800299d   Thumb Code    42  iic.o(i.IIC_Stop)
    IIC_Wait_Ack                             0x080029cd   Thumb Code    66  iic.o(i.IIC_Wait_Ack)
    Load                                     0x08002a15   Thumb Code   116  motor.o(i.Load)
    MPU_Init                                 0x08002a91   Thumb Code   118  mpu6050.o(i.MPU_Init)
    MPU_Read_Byte                            0x08002b07   Thumb Code    58  mpu6050.o(i.MPU_Read_Byte)
    MPU_Read_Len                             0x08002b41   Thumb Code   108  mpu6050.o(i.MPU_Read_Len)
    MPU_Set_Accel_Fsr                        0x08002bad   Thumb Code    10  mpu6050.o(i.MPU_Set_Accel_Fsr)
    MPU_Set_Gyro_Fsr                         0x08002bb7   Thumb Code    10  mpu6050.o(i.MPU_Set_Gyro_Fsr)
    MPU_Set_LPF                              0x08002bc1   Thumb Code    48  mpu6050.o(i.MPU_Set_LPF)
    MPU_Set_Rate                             0x08002bf1   Thumb Code    46  mpu6050.o(i.MPU_Set_Rate)
    MPU_Write_Byte                           0x08002c1f   Thumb Code    60  mpu6050.o(i.MPU_Write_Byte)
    MPU_Write_Len                            0x08002c5b   Thumb Code    82  mpu6050.o(i.MPU_Write_Len)
    MX_GPIO_Init                             0x08002cad   Thumb Code   192  gpio.o(i.MX_GPIO_Init)
    MX_I2C1_Init                             0x08002d7d   Thumb Code    50  i2c.o(i.MX_I2C1_Init)
    MX_TIM1_Init                             0x08002dbd   Thumb Code   172  tim.o(i.MX_TIM1_Init)
    MX_TIM3_Init                             0x08002e71   Thumb Code    94  tim.o(i.MX_TIM3_Init)
    MemManage_Handler                        0x08002ed9   Thumb Code     2  stm32f1xx_it.o(i.MemManage_Handler)
    NMI_Handler                              0x08002edb   Thumb Code     2  stm32f1xx_it.o(i.NMI_Handler)
    OLED_Clear                               0x08002edd   Thumb Code    52  oled.o(i.OLED_Clear)
    OLED_Init                                0x08002f11   Thumb Code    16  oled.o(i.OLED_Init)
    OLED_Set_Pos                             0x08002f21   Thumb Code    34  oled.o(i.OLED_Set_Pos)
    OLED_ShowChar                            0x08002f45   Thumb Code   126  oled.o(i.OLED_ShowChar)
    OLED_ShowString                          0x08002fcd   Thumb Code    54  oled.o(i.OLED_ShowString)
    OLED_WR_CMD                              0x08003005   Thumb Code    32  oled.o(i.OLED_WR_CMD)
    OLED_WR_DATA                             0x08003029   Thumb Code    32  oled.o(i.OLED_WR_DATA)
    PendSV_Handler                           0x0800304d   Thumb Code     2  stm32f1xx_it.o(i.PendSV_Handler)
    RCCdelay_us                              0x0800304f   Thumb Code    24  sr04.o(i.RCCdelay_us)
    SVC_Handler                              0x08003067   Thumb Code     2  stm32f1xx_it.o(i.SVC_Handler)
    SysTick_Handler                          0x08003069   Thumb Code     4  stm32f1xx_it.o(i.SysTick_Handler)
    SystemClock_Config                       0x0800306d   Thumb Code    94  main.o(i.SystemClock_Config)
    SystemInit                               0x080030cb   Thumb Code     2  system_stm32f1xx.o(i.SystemInit)
    TIM_Base_SetConfig                       0x080030cd   Thumb Code   108  stm32f1xx_hal_tim.o(i.TIM_Base_SetConfig)
    TIM_CCxChannelCmd                        0x08003145   Thumb Code    26  stm32f1xx_hal_tim.o(i.TIM_CCxChannelCmd)
    TIM_ETR_SetConfig                        0x0800315f   Thumb Code    20  stm32f1xx_hal_tim.o(i.TIM_ETR_SetConfig)
    TIM_OC2_SetConfig                        0x080031d5   Thumb Code    84  stm32f1xx_hal_tim.o(i.TIM_OC2_SetConfig)
    UsageFault_Handler                       0x0800330f   Thumb Code     2  stm32f1xx_it.o(i.UsageFault_Handler)
    WriteCmd                                 0x08003311   Thumb Code    42  oled.o(i.WriteCmd)
    __ARM_fpclassify                         0x08003345   Thumb Code    40  fpclassify.o(i.__ARM_fpclassify)
    __kernel_poly                            0x0800338d   Thumb Code   170  poly.o(i.__kernel_poly)
    __mathlib_dbl_infnan                     0x08003437   Thumb Code     6  dunder.o(i.__mathlib_dbl_infnan)
    __mathlib_dbl_infnan2                    0x0800343d   Thumb Code     4  dunder.o(i.__mathlib_dbl_infnan2)
    __mathlib_dbl_invalid                    0x08003441   Thumb Code    12  dunder.o(i.__mathlib_dbl_invalid)
    __mathlib_dbl_underflow                  0x0800344d   Thumb Code    10  dunder.o(i.__mathlib_dbl_underflow)
    _is_digit                                0x0800345d   Thumb Code    14  __printf_wp.o(i._is_digit)
    asin                                     0x080034ed   Thumb Code   572  asin.o(i.asin)
    atan                                     0x0800375d   Thumb Code   474  atan.o(i.atan)
    atan2                                    0x0800397d   Thumb Code   346  atan2.o(i.atan2)
    dmp_enable_6x_lp_quat                    0x08003afd   Thumb Code    58  inv_mpu_dmp_motion_driver.o(i.dmp_enable_6x_lp_quat)
    dmp_enable_feature                       0x08003b39   Thumb Code   464  inv_mpu_dmp_motion_driver.o(i.dmp_enable_feature)
    dmp_enable_gyro_cal                      0x08003d11   Thumb Code    34  inv_mpu_dmp_motion_driver.o(i.dmp_enable_gyro_cal)
    dmp_enable_lp_quat                       0x08003d4d   Thumb Code    58  inv_mpu_dmp_motion_driver.o(i.dmp_enable_lp_quat)
    dmp_load_motion_driver_firmware          0x08003d89   Thumb Code    16  inv_mpu_dmp_motion_driver.o(i.dmp_load_motion_driver_firmware)
    dmp_read_fifo                            0x08003d9d   Thumb Code   320  inv_mpu_dmp_motion_driver.o(i.dmp_read_fifo)
    dmp_set_accel_bias                       0x08003ee1   Thumb Code   210  inv_mpu_dmp_motion_driver.o(i.dmp_set_accel_bias)
    dmp_set_fifo_rate                        0x08003fb9   Thumb Code    82  inv_mpu_dmp_motion_driver.o(i.dmp_set_fifo_rate)
    dmp_set_gyro_bias                        0x0800401d   Thumb Code   196  inv_mpu_dmp_motion_driver.o(i.dmp_set_gyro_bias)
    dmp_set_orientation                      0x080040e9   Thumb Code   246  inv_mpu_dmp_motion_driver.o(i.dmp_set_orientation)
    dmp_set_shake_reject_thresh              0x080041f5   Thumb Code    48  inv_mpu_dmp_motion_driver.o(i.dmp_set_shake_reject_thresh)
    dmp_set_shake_reject_time                0x08004225   Thumb Code    32  inv_mpu_dmp_motion_driver.o(i.dmp_set_shake_reject_time)
    dmp_set_shake_reject_timeout             0x08004245   Thumb Code    32  inv_mpu_dmp_motion_driver.o(i.dmp_set_shake_reject_timeout)
    dmp_set_tap_axes                         0x08004265   Thumb Code    64  inv_mpu_dmp_motion_driver.o(i.dmp_set_tap_axes)
    dmp_set_tap_count                        0x080042a5   Thumb Code    34  inv_mpu_dmp_motion_driver.o(i.dmp_set_tap_count)
    dmp_set_tap_thresh                       0x080042c9   Thumb Code   274  inv_mpu_dmp_motion_driver.o(i.dmp_set_tap_thresh)
    dmp_set_tap_time                         0x080043f1   Thumb Code    32  inv_mpu_dmp_motion_driver.o(i.dmp_set_tap_time)
    dmp_set_tap_time_multi                   0x08004411   Thumb Code    32  inv_mpu_dmp_motion_driver.o(i.dmp_set_tap_time_multi)
    inv_orientation_matrix_to_scalar         0x080048c5   Thumb Code    34  inv_mpu.o(i.inv_orientation_matrix_to_scalar)
    inv_row_2_scale                          0x080048e7   Thumb Code    72  inv_mpu.o(i.inv_row_2_scale)
    main                                     0x08004931   Thumb Code   166  main.o(i.main)
    mget_ms                                  0x08004a19   Thumb Code     2  inv_mpu.o(i.mget_ms)
    mpu_configure_fifo                       0x08004a1d   Thumb Code    78  inv_mpu.o(i.mpu_configure_fifo)
    mpu_dmp_get_data                         0x08004a71   Thumb Code   408  inv_mpu.o(i.mpu_dmp_get_data)
    mpu_dmp_init                             0x08004c0d   Thumb Code   158  inv_mpu.o(i.mpu_dmp_init)
    mpu_get_accel_fsr                        0x08004cb1   Thumb Code    54  inv_mpu.o(i.mpu_get_accel_fsr)
    mpu_get_accel_sens                       0x08004ced   Thumb Code    62  inv_mpu.o(i.mpu_get_accel_sens)
    mpu_get_gyro_fsr                         0x08004d31   Thumb Code    48  inv_mpu.o(i.mpu_get_gyro_fsr)
    mpu_get_gyro_sens                        0x08004d65   Thumb Code    44  inv_mpu.o(i.mpu_get_gyro_sens)
    mpu_get_lpf                              0x08004da5   Thumb Code    52  inv_mpu.o(i.mpu_get_lpf)
    mpu_get_sample_rate                      0x08004ddd   Thumb Code    22  inv_mpu.o(i.mpu_get_sample_rate)
    mpu_init                                 0x08004df9   Thumb Code   288  inv_mpu.o(i.mpu_init)
    mpu_load_firmware                        0x08004f1d   Thumb Code   154  inv_mpu.o(i.mpu_load_firmware)
    mpu_lp_accel_mode                        0x08004fbd   Thumb Code   178  inv_mpu.o(i.mpu_lp_accel_mode)
    mpu_read_fifo_stream                     0x08005075   Thumb Code   140  inv_mpu.o(i.mpu_read_fifo_stream)
    mpu_read_mem                             0x08005105   Thumb Code    80  inv_mpu.o(i.mpu_read_mem)
    mpu_reset_fifo                           0x08005159   Thumb Code   346  inv_mpu.o(i.mpu_reset_fifo)
    mpu_run_self_test                        0x080052b9   Thumb Code   234  inv_mpu.o(i.mpu_run_self_test)
    mpu_set_accel_fsr                        0x080053a9   Thumb Code    98  inv_mpu.o(i.mpu_set_accel_fsr)
    mpu_set_bypass                           0x08005411   Thumb Code   214  inv_mpu.o(i.mpu_set_bypass)
    mpu_set_dmp_state                        0x080054ed   Thumb Code   114  inv_mpu.o(i.mpu_set_dmp_state)
    mpu_set_gyro_fsr                         0x08005565   Thumb Code   104  inv_mpu.o(i.mpu_set_gyro_fsr)
    mpu_set_int_latched                      0x080055d1   Thumb Code    94  inv_mpu.o(i.mpu_set_int_latched)
    mpu_set_lpf                              0x08005635   Thumb Code   102  inv_mpu.o(i.mpu_set_lpf)
    mpu_set_sample_rate                      0x080056a1   Thumb Code   124  inv_mpu.o(i.mpu_set_sample_rate)
    mpu_set_sensors                          0x08005721   Thumb Code   178  inv_mpu.o(i.mpu_set_sensors)
    mpu_write_mem                            0x080057d9   Thumb Code    80  inv_mpu.o(i.mpu_write_mem)
    run_self_test                            0x0800582d   Thumb Code   128  inv_mpu.o(i.run_self_test)
    sqrt                                     0x08005905   Thumb Code    76  sqrt.o(i.sqrt)
    _get_lc_numeric                          0x08005951   Thumb Code    44  lc_numeric_c.o(locale$$code)
    __aeabi_d2f                              0x0800597d   Thumb Code     0  d2f.o(x$fpl$d2f)
    _d2f                                     0x0800597d   Thumb Code    98  d2f.o(x$fpl$d2f)
    __aeabi_dadd                             0x080059e1   Thumb Code     0  daddsub_clz.o(x$fpl$dadd)
    _dadd                                    0x080059e1   Thumb Code   332  daddsub_clz.o(x$fpl$dadd)
    __fpl_dcheck_NaN1                        0x08005b31   Thumb Code    10  dcheck1.o(x$fpl$dcheck1)
    __aeabi_ddiv                             0x08005b41   Thumb Code     0  ddiv.o(x$fpl$ddiv)
    _ddiv                                    0x08005b41   Thumb Code   552  ddiv.o(x$fpl$ddiv)
    __aeabi_i2d                              0x08005df1   Thumb Code     0  dflt_clz.o(x$fpl$dflt)
    _dflt                                    0x08005df1   Thumb Code    46  dflt_clz.o(x$fpl$dflt)
    __aeabi_dmul                             0x08005e21   Thumb Code     0  dmul.o(x$fpl$dmul)
    _dmul                                    0x08005e21   Thumb Code   332  dmul.o(x$fpl$dmul)
    __fpl_dnaninf                            0x08005f75   Thumb Code   156  dnaninf.o(x$fpl$dnaninf)
    __fpl_dretinf                            0x08006011   Thumb Code    12  dretinf.o(x$fpl$dretinf)
    __aeabi_drsub                            0x0800601d   Thumb Code     0  daddsub_clz.o(x$fpl$drsb)
    _drsb                                    0x0800601d   Thumb Code    22  daddsub_clz.o(x$fpl$drsb)
    _dsqrt                                   0x08006035   Thumb Code   456  dsqrt_noumaal.o(x$fpl$dsqrt)
    __aeabi_dsub                             0x08006201   Thumb Code     0  daddsub_clz.o(x$fpl$dsub)
    _dsub                                    0x08006201   Thumb Code   464  daddsub_clz.o(x$fpl$dsub)
    __aeabi_f2d                              0x080063d5   Thumb Code     0  f2d.o(x$fpl$f2d)
    _f2d                                     0x080063d5   Thumb Code    86  f2d.o(x$fpl$f2d)
    __aeabi_fadd                             0x0800642d   Thumb Code     0  faddsub_clz.o(x$fpl$fadd)
    _fadd                                    0x0800642d   Thumb Code   196  faddsub_clz.o(x$fpl$fadd)
    __fpl_fcheck_NaN1                        0x080064f1   Thumb Code     6  fcheck1.o(x$fpl$fcheck1)
    __aeabi_fdiv                             0x080064fd   Thumb Code     0  fdiv.o(x$fpl$fdiv)
    _fdiv                                    0x080064fd   Thumb Code   384  fdiv.o(x$fpl$fdiv)
    __aeabi_f2iz                             0x08006681   Thumb Code     0  ffix.o(x$fpl$ffix)
    _ffix                                    0x08006681   Thumb Code    54  ffix.o(x$fpl$ffix)
    __aeabi_f2uiz                            0x080066b9   Thumb Code     0  ffixu.o(x$fpl$ffixu)
    _ffixu                                   0x080066b9   Thumb Code    62  ffixu.o(x$fpl$ffixu)
    __aeabi_i2f                              0x080066f9   Thumb Code     0  fflt_clz.o(x$fpl$fflt)
    _fflt                                    0x080066f9   Thumb Code    48  fflt_clz.o(x$fpl$fflt)
    __aeabi_ui2f                             0x08006729   Thumb Code     0  fflt_clz.o(x$fpl$ffltu)
    _ffltu                                   0x08006729   Thumb Code    38  fflt_clz.o(x$fpl$ffltu)
    __aeabi_fmul                             0x08006751   Thumb Code     0  fmul.o(x$fpl$fmul)
    _fmul                                    0x08006751   Thumb Code   258  fmul.o(x$fpl$fmul)
    __fpl_fnaninf                            0x08006853   Thumb Code   140  fnaninf.o(x$fpl$fnaninf)
    __fpl_fretinf                            0x080068df   Thumb Code    10  fretinf.o(x$fpl$fretinf)
    __aeabi_fsub                             0x080068e9   Thumb Code     0  faddsub_clz.o(x$fpl$fsub)
    _fsub                                    0x080068e9   Thumb Code   234  faddsub_clz.o(x$fpl$fsub)
    _printf_fp_dec                           0x080069d3   Thumb Code     4  printf1.o(x$fpl$printf1)
    __fpl_return_NaN                         0x080069d7   Thumb Code   100  retnan.o(x$fpl$retnan)
    __ARM_scalbn                             0x08006a3b   Thumb Code    92  scalbn.o(x$fpl$scalbn)
    __ARM_scalbnf                            0x08006a97   Thumb Code    76  scalbnf.o(x$fpl$scalbnf)
    __fpl_cmpreturn                          0x08006ae3   Thumb Code    48  trapv.o(x$fpl$trapveneer)
    F6x8                                     0x08006b12   Data         552  oled.o(.constdata)
    __I$use$fp                               0x08006b12   Number         0  usenofp.o(x$fpl$usenofp)
    F8X16                                    0x08006d3a   Data        1504  oled.o(.constdata)
    Hzk                                      0x0800731a   Data         448  oled.o(.constdata)
    reg                                      0x080074da   Data          27  inv_mpu.o(.constdata)
    hw                                       0x080074f6   Data          12  inv_mpu.o(.constdata)
    test                                     0x08007504   Data          40  inv_mpu.o(.constdata)
    AHBPrescTable                            0x08008134   Data          16  system_stm32f1xx.o(.constdata)
    APBPrescTable                            0x08008144   Data           8  system_stm32f1xx.o(.constdata)
    __mathlib_zero                           0x08008238   Data           8  qnan.o(.constdata)
    Region$$Table$$Base                      0x080082d4   Number         0  anon$$obj.o(Region$$Table)
    Region$$Table$$Limit                     0x080082f4   Number         0  anon$$obj.o(Region$$Table)
    CMD_Data                                 0x20000000   Data          27  oled.o(.data)
    count                                    0x20000054   Data           2  sr04.o(.data)
    distance                                 0x20000058   Data           4  sr04.o(.data)
    pitch                                    0x2000005c   Data           4  main.o(.data)
    roll                                     0x20000060   Data           4  main.o(.data)
    yaw                                      0x20000064   Data           4  main.o(.data)
    uwTickFreq                               0x20000068   Data           1  stm32f1xx_hal.o(.data)
    uwTickPrio                               0x2000006c   Data           4  stm32f1xx_hal.o(.data)
    uwTick                                   0x20000070   Data           4  stm32f1xx_hal.o(.data)
    SystemCoreClock                          0x20000074   Data           4  system_stm32f1xx.o(.data)
    display_buf                              0x20000088   Data          20  main.o(.bss)
    hi2c1                                    0x2000009c   Data          84  i2c.o(.bss)
    htim1                                    0x200000f0   Data          72  tim.o(.bss)
    htim3                                    0x20000138   Data          72  tim.o(.bss)
    __libspace_start                         0x20000180   Data          96  libspace.o(.bss)
    __temporary_stack_top$libspace           0x200001e0   Data           0  libspace.o(.bss)



==============================================================================

Memory Map of the image

  Image Entry point : 0x080000ed

  Load Region LR_IROM1 (Base: 0x08000000, Size: 0x00008388, Max: 0x00010000, ABSOLUTE)

    Execution Region ER_IROM1 (Exec base: 0x08000000, Load base: 0x08000000, Size: 0x00008310, Max: 0x00010000, ABSOLUTE)

    Exec Addr    Load Addr    Size         Type   Attr      Idx    E Section Name        Object

    0x08000000   0x08000000   0x000000ec   Data   RO            3    RESET               startup_stm32f103xb.o
    0x080000ec   0x080000ec   0x00000008   Code   RO         3902  * !!!main             c_w.l(__main.o)
    0x080000f4   0x080000f4   0x00000034   Code   RO         4262    !!!scatter          c_w.l(__scatter.o)
    0x08000128   0x08000128   0x0000001a   Code   RO         4264    !!handler_copy      c_w.l(__scatter_copy.o)
    0x08000142   0x08000142   0x00000002   PAD
    0x08000144   0x08000144   0x0000001c   Code   RO         4266    !!handler_zi        c_w.l(__scatter_zi.o)
    0x08000160   0x08000160   0x00000000   Code   RO         3893    .ARM.Collect$$_printf_percent$$00000000  c_w.l(_printf_percent.o)
    0x08000160   0x08000160   0x00000006   Code   RO         3892    .ARM.Collect$$_printf_percent$$00000003  c_w.l(_printf_f.o)
    0x08000166   0x08000166   0x00000004   Code   RO         3987    .ARM.Collect$$_printf_percent$$00000017  c_w.l(_printf_percent_end.o)
    0x0800016a   0x0800016a   0x00000002   Code   RO         4127    .ARM.Collect$$libinit$$00000000  c_w.l(libinit.o)
    0x0800016c   0x0800016c   0x00000000   Code   RO         4129    .ARM.Collect$$libinit$$00000002  c_w.l(libinit2.o)
    0x0800016c   0x0800016c   0x00000000   Code   RO         4131    .ARM.Collect$$libinit$$00000004  c_w.l(libinit2.o)
    0x0800016c   0x0800016c   0x00000000   Code   RO         4134    .ARM.Collect$$libinit$$0000000A  c_w.l(libinit2.o)
    0x0800016c   0x0800016c   0x00000000   Code   RO         4136    .ARM.Collect$$libinit$$0000000C  c_w.l(libinit2.o)
    0x0800016c   0x0800016c   0x00000000   Code   RO         4138    .ARM.Collect$$libinit$$0000000E  c_w.l(libinit2.o)
    0x0800016c   0x0800016c   0x00000006   Code   RO         4139    .ARM.Collect$$libinit$$0000000F  c_w.l(libinit2.o)
    0x08000172   0x08000172   0x00000000   Code   RO         4141    .ARM.Collect$$libinit$$00000011  c_w.l(libinit2.o)
    0x08000172   0x08000172   0x00000000   Code   RO         4143    .ARM.Collect$$libinit$$00000013  c_w.l(libinit2.o)
    0x08000172   0x08000172   0x00000000   Code   RO         4145    .ARM.Collect$$libinit$$00000015  c_w.l(libinit2.o)
    0x08000172   0x08000172   0x0000000a   Code   RO         4146    .ARM.Collect$$libinit$$00000016  c_w.l(libinit2.o)
    0x0800017c   0x0800017c   0x00000000   Code   RO         4147    .ARM.Collect$$libinit$$00000017  c_w.l(libinit2.o)
    0x0800017c   0x0800017c   0x00000000   Code   RO         4149    .ARM.Collect$$libinit$$00000019  c_w.l(libinit2.o)
    0x0800017c   0x0800017c   0x00000000   Code   RO         4151    .ARM.Collect$$libinit$$0000001B  c_w.l(libinit2.o)
    0x0800017c   0x0800017c   0x00000000   Code   RO         4153    .ARM.Collect$$libinit$$0000001D  c_w.l(libinit2.o)
    0x0800017c   0x0800017c   0x00000000   Code   RO         4155    .ARM.Collect$$libinit$$0000001F  c_w.l(libinit2.o)
    0x0800017c   0x0800017c   0x00000000   Code   RO         4157    .ARM.Collect$$libinit$$00000021  c_w.l(libinit2.o)
    0x0800017c   0x0800017c   0x00000000   Code   RO         4159    .ARM.Collect$$libinit$$00000023  c_w.l(libinit2.o)
    0x0800017c   0x0800017c   0x00000000   Code   RO         4161    .ARM.Collect$$libinit$$00000025  c_w.l(libinit2.o)
    0x0800017c   0x0800017c   0x00000000   Code   RO         4165    .ARM.Collect$$libinit$$0000002C  c_w.l(libinit2.o)
    0x0800017c   0x0800017c   0x00000000   Code   RO         4167    .ARM.Collect$$libinit$$0000002E  c_w.l(libinit2.o)
    0x0800017c   0x0800017c   0x00000000   Code   RO         4169    .ARM.Collect$$libinit$$00000030  c_w.l(libinit2.o)
    0x0800017c   0x0800017c   0x00000000   Code   RO         4171    .ARM.Collect$$libinit$$00000032  c_w.l(libinit2.o)
    0x0800017c   0x0800017c   0x00000002   Code   RO         4172    .ARM.Collect$$libinit$$00000033  c_w.l(libinit2.o)
    0x0800017e   0x0800017e   0x00000002   Code   RO         4220    .ARM.Collect$$libshutdown$$00000000  c_w.l(libshutdown.o)
    0x08000180   0x08000180   0x00000000   Code   RO         4231    .ARM.Collect$$libshutdown$$00000002  c_w.l(libshutdown2.o)
    0x08000180   0x08000180   0x00000000   Code   RO         4233    .ARM.Collect$$libshutdown$$00000004  c_w.l(libshutdown2.o)
    0x08000180   0x08000180   0x00000000   Code   RO         4236    .ARM.Collect$$libshutdown$$00000007  c_w.l(libshutdown2.o)
    0x08000180   0x08000180   0x00000000   Code   RO         4239    .ARM.Collect$$libshutdown$$0000000A  c_w.l(libshutdown2.o)
    0x08000180   0x08000180   0x00000000   Code   RO         4241    .ARM.Collect$$libshutdown$$0000000C  c_w.l(libshutdown2.o)
    0x08000180   0x08000180   0x00000000   Code   RO         4244    .ARM.Collect$$libshutdown$$0000000F  c_w.l(libshutdown2.o)
    0x08000180   0x08000180   0x00000002   Code   RO         4245    .ARM.Collect$$libshutdown$$00000010  c_w.l(libshutdown2.o)
    0x08000182   0x08000182   0x00000000   Code   RO         3976    .ARM.Collect$$rtentry$$00000000  c_w.l(__rtentry.o)
    0x08000182   0x08000182   0x00000000   Code   RO         4041    .ARM.Collect$$rtentry$$00000002  c_w.l(__rtentry2.o)
    0x08000182   0x08000182   0x00000006   Code   RO         4053    .ARM.Collect$$rtentry$$00000004  c_w.l(__rtentry4.o)
    0x08000188   0x08000188   0x00000000   Code   RO         4043    .ARM.Collect$$rtentry$$00000009  c_w.l(__rtentry2.o)
    0x08000188   0x08000188   0x00000004   Code   RO         4044    .ARM.Collect$$rtentry$$0000000A  c_w.l(__rtentry2.o)
    0x0800018c   0x0800018c   0x00000000   Code   RO         4046    .ARM.Collect$$rtentry$$0000000C  c_w.l(__rtentry2.o)
    0x0800018c   0x0800018c   0x00000008   Code   RO         4047    .ARM.Collect$$rtentry$$0000000D  c_w.l(__rtentry2.o)
    0x08000194   0x08000194   0x00000002   Code   RO         4177    .ARM.Collect$$rtexit$$00000000  c_w.l(rtexit.o)
    0x08000196   0x08000196   0x00000000   Code   RO         4188    .ARM.Collect$$rtexit$$00000002  c_w.l(rtexit2.o)
    0x08000196   0x08000196   0x00000004   Code   RO         4189    .ARM.Collect$$rtexit$$00000003  c_w.l(rtexit2.o)
    0x0800019a   0x0800019a   0x00000006   Code   RO         4190    .ARM.Collect$$rtexit$$00000004  c_w.l(rtexit2.o)
    0x080001a0   0x080001a0   0x00000040   Code   RO            4    .text               startup_stm32f103xb.o
    0x080001e0   0x080001e0   0x00000048   Code   RO         3864    .text               c_w.l(llsdiv.o)
    0x08000228   0x08000228   0x00000028   Code   RO         3868    .text               c_w.l(noretval__2sprintf.o)
    0x08000250   0x08000250   0x0000010e   Code   RO         3880    .text               c_w.l(__printf_wp.o)
    0x0800035e   0x0800035e   0x00000058   Code   RO         3894    .text               c_w.l(memcmp.o)
    0x080003b6   0x080003b6   0x00000010   Code   RO         3896    .text               c_w.l(aeabi_memset.o)
    0x080003c6   0x080003c6   0x0000004e   Code   RO         3898    .text               c_w.l(rt_memclr_w.o)
    0x08000414   0x08000414   0x00000006   Code   RO         3900    .text               c_w.l(heapauxi.o)
    0x0800041a   0x0800041a   0x000000ee   Code   RO         3977    .text               c_w.l(lludivv7m.o)
    0x08000508   0x08000508   0x00000016   Code   RO         3979    .text               c_w.l(_rserrno.o)
    0x0800051e   0x0800051e   0x0000041e   Code   RO         3981    .text               c_w.l(_printf_fp_dec.o)
    0x0800093c   0x0800093c   0x00000030   Code   RO         3983    .text               c_w.l(_printf_char_common.o)
    0x0800096c   0x0800096c   0x0000000a   Code   RO         3985    .text               c_w.l(_sputc.o)
    0x08000976   0x08000976   0x00000044   Code   RO         3988    .text               c_w.l(rt_memclr.o)
    0x080009ba   0x080009ba   0x00000002   PAD
    0x080009bc   0x080009bc   0x00000008   Code   RO         4062    .text               c_w.l(rt_locale_intlibspace.o)
    0x080009c4   0x080009c4   0x00000008   Code   RO         4067    .text               c_w.l(rt_errno_addr_intlibspace.o)
    0x080009cc   0x080009cc   0x0000008a   Code   RO         4069    .text               c_w.l(lludiv10.o)
    0x08000a56   0x08000a56   0x00000002   PAD
    0x08000a58   0x08000a58   0x00000080   Code   RO         4071    .text               c_w.l(_printf_fp_infnan.o)
    0x08000ad8   0x08000ad8   0x000000e4   Code   RO         4075    .text               c_w.l(bigflt0.o)
    0x08000bbc   0x08000bbc   0x00000008   Code   RO         4111    .text               c_w.l(libspace.o)
    0x08000bc4   0x08000bc4   0x0000004a   Code   RO         4114    .text               c_w.l(sys_stackheap_outer.o)
    0x08000c0e   0x08000c0e   0x00000012   Code   RO         4118    .text               c_w.l(exit.o)
    0x08000c20   0x08000c20   0x00000080   Code   RO         4120    .text               c_w.l(strcmpv7m.o)
    0x08000ca0   0x08000ca0   0x0000000c   Code   RO         4206    .text               c_w.l(sys_exit.o)
    0x08000cac   0x08000cac   0x00000002   Code   RO         4223    .text               c_w.l(use_no_semi.o)
    0x08000cae   0x08000cae   0x00000000   Code   RO         4225    .text               c_w.l(indicate_semi.o)
    0x08000cae   0x08000cae   0x0000003e   Code   RO         4078    CL$$btod_d2e        c_w.l(btod.o)
    0x08000cec   0x08000cec   0x00000046   Code   RO         4080    CL$$btod_d2e_denorm_low  c_w.l(btod.o)
    0x08000d32   0x08000d32   0x00000060   Code   RO         4079    CL$$btod_d2e_norm_op1  c_w.l(btod.o)
    0x08000d92   0x08000d92   0x00000338   Code   RO         4088    CL$$btod_div_common  c_w.l(btod.o)
    0x080010ca   0x080010ca   0x000000dc   Code   RO         4085    CL$$btod_e2e        c_w.l(btod.o)
    0x080011a6   0x080011a6   0x0000002a   Code   RO         4082    CL$$btod_ediv       c_w.l(btod.o)
    0x080011d0   0x080011d0   0x0000002a   Code   RO         4081    CL$$btod_emul       c_w.l(btod.o)
    0x080011fa   0x080011fa   0x00000244   Code   RO         4087    CL$$btod_mult_common  c_w.l(btod.o)
    0x0800143e   0x0800143e   0x00000002   Code   RO         1266    i.BusFault_Handler  stm32f1xx_it.o
    0x08001440   0x08001440   0x00000002   Code   RO         1267    i.DebugMon_Handler  stm32f1xx_it.o
    0x08001442   0x08001442   0x00000006   Code   RO         1268    i.EXTI2_IRQHandler  stm32f1xx_it.o
    0x08001448   0x08001448   0x00000004   Code   RO          977    i.Error_Handler     main.o
    0x0800144c   0x0800144c   0x00000028   Code   RO          935    i.GET_Distance      sr04.o
    0x08001474   0x08001474   0x00000024   Code   RO         1882    i.HAL_Delay         stm32f1xx_hal.o
    0x08001498   0x08001498   0x00000060   Code   RO          936    i.HAL_GPIO_EXTI_Callback  sr04.o
    0x080014f8   0x080014f8   0x00000018   Code   RO         2191    i.HAL_GPIO_EXTI_IRQHandler  stm32f1xx_hal_gpio.o
    0x08001510   0x08001510   0x000001e0   Code   RO         2192    i.HAL_GPIO_Init     stm32f1xx_hal_gpio.o
    0x080016f0   0x080016f0   0x0000000a   Code   RO         2194    i.HAL_GPIO_ReadPin  stm32f1xx_hal_gpio.o
    0x080016fa   0x080016fa   0x0000000a   Code   RO         2196    i.HAL_GPIO_WritePin  stm32f1xx_hal_gpio.o
    0x08001704   0x08001704   0x0000000c   Code   RO         1886    i.HAL_GetTick       stm32f1xx_hal.o
    0x08001710   0x08001710   0x00000188   Code   RO         1449    i.HAL_I2C_Init      stm32f1xx_hal_i2c.o
    0x08001898   0x08001898   0x00000130   Code   RO         1470    i.HAL_I2C_Mem_Write  stm32f1xx_hal_i2c.o
    0x080019c8   0x080019c8   0x00000070   Code   RO         1159    i.HAL_I2C_MspInit   i2c.o
    0x08001a38   0x08001a38   0x00000010   Code   RO         1892    i.HAL_IncTick       stm32f1xx_hal.o
    0x08001a48   0x08001a48   0x00000024   Code   RO         1893    i.HAL_Init          stm32f1xx_hal.o
    0x08001a6c   0x08001a6c   0x00000040   Code   RO         1894    i.HAL_InitTick      stm32f1xx_hal.o
    0x08001aac   0x08001aac   0x0000003c   Code   RO         1347    i.HAL_MspInit       stm32f1xx_hal_msp.o
    0x08001ae8   0x08001ae8   0x0000001a   Code   RO         2352    i.HAL_NVIC_EnableIRQ  stm32f1xx_hal_cortex.o
    0x08001b02   0x08001b02   0x00000002   PAD
    0x08001b04   0x08001b04   0x00000040   Code   RO         2358    i.HAL_NVIC_SetPriority  stm32f1xx_hal_cortex.o
    0x08001b44   0x08001b44   0x00000024   Code   RO         2359    i.HAL_NVIC_SetPriorityGrouping  stm32f1xx_hal_cortex.o
    0x08001b68   0x08001b68   0x0000012c   Code   RO         2050    i.HAL_RCC_ClockConfig  stm32f1xx_hal_rcc.o
    0x08001c94   0x08001c94   0x00000020   Code   RO         2057    i.HAL_RCC_GetPCLK1Freq  stm32f1xx_hal_rcc.o
    0x08001cb4   0x08001cb4   0x0000004c   Code   RO         2059    i.HAL_RCC_GetSysClockFreq  stm32f1xx_hal_rcc.o
    0x08001d00   0x08001d00   0x00000320   Code   RO         2062    i.HAL_RCC_OscConfig  stm32f1xx_hal_rcc.o
    0x08002020   0x08002020   0x00000028   Code   RO         2363    i.HAL_SYSTICK_Config  stm32f1xx_hal_cortex.o
    0x08002048   0x08002048   0x00000054   Code   RO         3561    i.HAL_TIMEx_ConfigBreakDeadTime  stm32f1xx_hal_tim_ex.o
    0x0800209c   0x0800209c   0x00000068   Code   RO         3577    i.HAL_TIMEx_MasterConfigSynchronization  stm32f1xx_hal_tim_ex.o
    0x08002104   0x08002104   0x0000005a   Code   RO         2854    i.HAL_TIM_Base_Init  stm32f1xx_hal_tim.o
    0x0800215e   0x0800215e   0x00000002   PAD
    0x08002160   0x08002160   0x00000028   Code   RO         1201    i.HAL_TIM_Base_MspInit  tim.o
    0x08002188   0x08002188   0x00000050   Code   RO         2857    i.HAL_TIM_Base_Start  stm32f1xx_hal_tim.o
    0x080021d8   0x080021d8   0x00000026   Code   RO         2860    i.HAL_TIM_Base_Stop  stm32f1xx_hal_tim.o
    0x080021fe   0x080021fe   0x000000dc   Code   RO         2863    i.HAL_TIM_ConfigClockSource  stm32f1xx_hal_tim.o
    0x080022da   0x080022da   0x00000002   PAD
    0x080022dc   0x080022dc   0x0000004c   Code   RO         1202    i.HAL_TIM_MspPostInit  tim.o
    0x08002328   0x08002328   0x000000cc   Code   RO         2926    i.HAL_TIM_PWM_ConfigChannel  stm32f1xx_hal_tim.o
    0x080023f4   0x080023f4   0x0000005a   Code   RO         2929    i.HAL_TIM_PWM_Init  stm32f1xx_hal_tim.o
    0x0800244e   0x0800244e   0x00000002   PAD
    0x08002450   0x08002450   0x00000028   Code   RO         1204    i.HAL_TIM_PWM_MspInit  tim.o
    0x08002478   0x08002478   0x0000009c   Code   RO         2934    i.HAL_TIM_PWM_Start  stm32f1xx_hal_tim.o
    0x08002514   0x08002514   0x00000002   Code   RO         1269    i.HardFault_Handler  stm32f1xx_it.o
    0x08002516   0x08002516   0x0000002e   Code   RO         1492    i.I2C_IsAcknowledgeFailed  stm32f1xx_hal_i2c.o
    0x08002544   0x08002544   0x000000a8   Code   RO         1503    i.I2C_RequestMemoryWrite  stm32f1xx_hal_i2c.o
    0x080025ec   0x080025ec   0x00000056   Code   RO         1507    i.I2C_WaitOnBTFFlagUntilTimeout  stm32f1xx_hal_i2c.o
    0x08002642   0x08002642   0x00000002   PAD
    0x08002644   0x08002644   0x00000090   Code   RO         1508    i.I2C_WaitOnFlagUntilTimeout  stm32f1xx_hal_i2c.o
    0x080026d4   0x080026d4   0x000000bc   Code   RO         1509    i.I2C_WaitOnMasterAddressFlagUntilTimeout  stm32f1xx_hal_i2c.o
    0x08002790   0x08002790   0x00000056   Code   RO         1511    i.I2C_WaitOnTXEFlagUntilTimeout  stm32f1xx_hal_i2c.o
    0x080027e6   0x080027e6   0x00000002   PAD
    0x080027e8   0x080027e8   0x00000040   Code   RO          214    i.IIC_Ack           iic.o
    0x08002828   0x08002828   0x0000000c   Code   RO          216    i.IIC_Delay         iic.o
    0x08002834   0x08002834   0x0000003c   Code   RO          217    i.IIC_GPIO_Init     iic.o
    0x08002870   0x08002870   0x00000038   Code   RO          218    i.IIC_NAck          iic.o
    0x080028a8   0x080028a8   0x00000058   Code   RO          219    i.IIC_Read_Byte     iic.o
    0x08002900   0x08002900   0x0000005c   Code   RO          220    i.IIC_Send_Byte     iic.o
    0x0800295c   0x0800295c   0x00000040   Code   RO          221    i.IIC_Start         iic.o
    0x0800299c   0x0800299c   0x00000030   Code   RO          222    i.IIC_Stop          iic.o
    0x080029cc   0x080029cc   0x00000048   Code   RO          223    i.IIC_Wait_Ack      iic.o
    0x08002a14   0x08002a14   0x0000007c   Code   RO         1371    i.Load              motor.o
    0x08002a90   0x08002a90   0x00000076   Code   RO          849    i.MPU_Init          mpu6050.o
    0x08002b06   0x08002b06   0x0000003a   Code   RO          850    i.MPU_Read_Byte     mpu6050.o
    0x08002b40   0x08002b40   0x0000006c   Code   RO          851    i.MPU_Read_Len      mpu6050.o
    0x08002bac   0x08002bac   0x0000000a   Code   RO          852    i.MPU_Set_Accel_Fsr  mpu6050.o
    0x08002bb6   0x08002bb6   0x0000000a   Code   RO          853    i.MPU_Set_Gyro_Fsr  mpu6050.o
    0x08002bc0   0x08002bc0   0x00000030   Code   RO          854    i.MPU_Set_LPF       mpu6050.o
    0x08002bf0   0x08002bf0   0x0000002e   Code   RO          855    i.MPU_Set_Rate      mpu6050.o
    0x08002c1e   0x08002c1e   0x0000003c   Code   RO          856    i.MPU_Write_Byte    mpu6050.o
    0x08002c5a   0x08002c5a   0x00000052   Code   RO          857    i.MPU_Write_Len     mpu6050.o
    0x08002cac   0x08002cac   0x000000d0   Code   RO         1134    i.MX_GPIO_Init      gpio.o
    0x08002d7c   0x08002d7c   0x00000040   Code   RO         1160    i.MX_I2C1_Init      i2c.o
    0x08002dbc   0x08002dbc   0x000000b4   Code   RO         1205    i.MX_TIM1_Init      tim.o
    0x08002e70   0x08002e70   0x00000068   Code   RO         1206    i.MX_TIM3_Init      tim.o
    0x08002ed8   0x08002ed8   0x00000002   Code   RO         1270    i.MemManage_Handler  stm32f1xx_it.o
    0x08002eda   0x08002eda   0x00000002   Code   RO         1271    i.NMI_Handler       stm32f1xx_it.o
    0x08002edc   0x08002edc   0x00000034   Code   RO           13    i.OLED_Clear        oled.o
    0x08002f10   0x08002f10   0x00000010   Code   RO           16    i.OLED_Init         oled.o
    0x08002f20   0x08002f20   0x00000022   Code   RO           18    i.OLED_Set_Pos      oled.o
    0x08002f42   0x08002f42   0x00000002   PAD
    0x08002f44   0x08002f44   0x00000088   Code   RO           20    i.OLED_ShowChar     oled.o
    0x08002fcc   0x08002fcc   0x00000036   Code   RO           22    i.OLED_ShowString   oled.o
    0x08003002   0x08003002   0x00000002   PAD
    0x08003004   0x08003004   0x00000024   Code   RO           23    i.OLED_WR_CMD       oled.o
    0x08003028   0x08003028   0x00000024   Code   RO           24    i.OLED_WR_DATA      oled.o
    0x0800304c   0x0800304c   0x00000002   Code   RO         1272    i.PendSV_Handler    stm32f1xx_it.o
    0x0800304e   0x0800304e   0x00000018   Code   RO          937    i.RCCdelay_us       sr04.o
    0x08003066   0x08003066   0x00000002   Code   RO         1273    i.SVC_Handler       stm32f1xx_it.o
    0x08003068   0x08003068   0x00000004   Code   RO         1274    i.SysTick_Handler   stm32f1xx_it.o
    0x0800306c   0x0800306c   0x0000005e   Code   RO          978    i.SystemClock_Config  main.o
    0x080030ca   0x080030ca   0x00000002   Code   RO         3826    i.SystemInit        system_stm32f1xx.o
    0x080030cc   0x080030cc   0x00000078   Code   RO         2947    i.TIM_Base_SetConfig  stm32f1xx_hal_tim.o
    0x08003144   0x08003144   0x0000001a   Code   RO         2948    i.TIM_CCxChannelCmd  stm32f1xx_hal_tim.o
    0x0800315e   0x0800315e   0x00000014   Code   RO         2958    i.TIM_ETR_SetConfig  stm32f1xx_hal_tim.o
    0x08003172   0x08003172   0x00000010   Code   RO         2959    i.TIM_ITRx_SetConfig  stm32f1xx_hal_tim.o
    0x08003182   0x08003182   0x00000002   PAD
    0x08003184   0x08003184   0x00000050   Code   RO         2960    i.TIM_OC1_SetConfig  stm32f1xx_hal_tim.o
    0x080031d4   0x080031d4   0x00000058   Code   RO         2961    i.TIM_OC2_SetConfig  stm32f1xx_hal_tim.o
    0x0800322c   0x0800322c   0x00000058   Code   RO         2962    i.TIM_OC3_SetConfig  stm32f1xx_hal_tim.o
    0x08003284   0x08003284   0x00000044   Code   RO         2963    i.TIM_OC4_SetConfig  stm32f1xx_hal_tim.o
    0x080032c8   0x080032c8   0x00000022   Code   RO         2965    i.TIM_TI1_ConfigInputStage  stm32f1xx_hal_tim.o
    0x080032ea   0x080032ea   0x00000024   Code   RO         2967    i.TIM_TI2_ConfigInputStage  stm32f1xx_hal_tim.o
    0x0800330e   0x0800330e   0x00000002   Code   RO         1275    i.UsageFault_Handler  stm32f1xx_it.o
    0x08003310   0x08003310   0x00000034   Code   RO           25    i.WriteCmd          oled.o
    0x08003344   0x08003344   0x00000028   Code   RO         4027    i.__ARM_fpclassify  m_ws.l(fpclassify.o)
    0x0800336c   0x0800336c   0x00000020   Code   RO         2365    i.__NVIC_SetPriority  stm32f1xx_hal_cortex.o
    0x0800338c   0x0800338c   0x000000aa   Code   RO         4029    i.__kernel_poly     m_ws.l(poly.o)
    0x08003436   0x08003436   0x00000006   Code   RO         4014    i.__mathlib_dbl_infnan  m_ws.l(dunder.o)
    0x0800343c   0x0800343c   0x00000004   Code   RO         4015    i.__mathlib_dbl_infnan2  m_ws.l(dunder.o)
    0x08003440   0x08003440   0x0000000c   Code   RO         4016    i.__mathlib_dbl_invalid  m_ws.l(dunder.o)
    0x0800344c   0x0800344c   0x00000010   Code   RO         4019    i.__mathlib_dbl_underflow  m_ws.l(dunder.o)
    0x0800345c   0x0800345c   0x0000000e   Code   RO         3882    i._is_digit         c_w.l(__printf_wp.o)
    0x0800346a   0x0800346a   0x00000002   PAD
    0x0800346c   0x0800346c   0x00000080   Code   RO          297    i.accel_self_test   inv_mpu.o
    0x080034ec   0x080034ec   0x00000270   Code   RO         3959    i.asin              m_ws.l(asin.o)
    0x0800375c   0x0800375c   0x00000220   Code   RO         4004    i.atan              m_ws.l(atan.o)
    0x0800397c   0x0800397c   0x00000180   Code   RO         3969    i.atan2             m_ws.l(atan2.o)
    0x08003afc   0x08003afc   0x0000003a   Code   RO          657    i.dmp_enable_6x_lp_quat  inv_mpu_dmp_motion_driver.o
    0x08003b36   0x08003b36   0x00000002   PAD
    0x08003b38   0x08003b38   0x000001d8   Code   RO          658    i.dmp_enable_feature  inv_mpu_dmp_motion_driver.o
    0x08003d10   0x08003d10   0x0000003c   Code   RO          659    i.dmp_enable_gyro_cal  inv_mpu_dmp_motion_driver.o
    0x08003d4c   0x08003d4c   0x0000003a   Code   RO          660    i.dmp_enable_lp_quat  inv_mpu_dmp_motion_driver.o
    0x08003d86   0x08003d86   0x00000002   PAD
    0x08003d88   0x08003d88   0x00000014   Code   RO          665    i.dmp_load_motion_driver_firmware  inv_mpu_dmp_motion_driver.o
    0x08003d9c   0x08003d9c   0x00000144   Code   RO          666    i.dmp_read_fifo     inv_mpu_dmp_motion_driver.o
    0x08003ee0   0x08003ee0   0x000000d8   Code   RO          669    i.dmp_set_accel_bias  inv_mpu_dmp_motion_driver.o
    0x08003fb8   0x08003fb8   0x00000064   Code   RO          670    i.dmp_set_fifo_rate  inv_mpu_dmp_motion_driver.o
    0x0800401c   0x0800401c   0x000000cc   Code   RO          671    i.dmp_set_gyro_bias  inv_mpu_dmp_motion_driver.o
    0x080040e8   0x080040e8   0x0000010c   Code   RO          673    i.dmp_set_orientation  inv_mpu_dmp_motion_driver.o
    0x080041f4   0x080041f4   0x00000030   Code   RO          676    i.dmp_set_shake_reject_thresh  inv_mpu_dmp_motion_driver.o
    0x08004224   0x08004224   0x00000020   Code   RO          677    i.dmp_set_shake_reject_time  inv_mpu_dmp_motion_driver.o
    0x08004244   0x08004244   0x00000020   Code   RO          678    i.dmp_set_shake_reject_timeout  inv_mpu_dmp_motion_driver.o
    0x08004264   0x08004264   0x00000040   Code   RO          679    i.dmp_set_tap_axes  inv_mpu_dmp_motion_driver.o
    0x080042a4   0x080042a4   0x00000022   Code   RO          680    i.dmp_set_tap_count  inv_mpu_dmp_motion_driver.o
    0x080042c6   0x080042c6   0x00000002   PAD
    0x080042c8   0x080042c8   0x00000128   Code   RO          681    i.dmp_set_tap_thresh  inv_mpu_dmp_motion_driver.o
    0x080043f0   0x080043f0   0x00000020   Code   RO          682    i.dmp_set_tap_time  inv_mpu_dmp_motion_driver.o
    0x08004410   0x08004410   0x00000020   Code   RO          683    i.dmp_set_tap_time_multi  inv_mpu_dmp_motion_driver.o
    0x08004430   0x08004430   0x000000ac   Code   RO          298    i.get_accel_prod_shift  inv_mpu.o
    0x080044dc   0x080044dc   0x00000314   Code   RO          299    i.get_st_biases     inv_mpu.o
    0x080047f0   0x080047f0   0x000000d4   Code   RO          300    i.gyro_self_test    inv_mpu.o
    0x080048c4   0x080048c4   0x00000022   Code   RO          301    i.inv_orientation_matrix_to_scalar  inv_mpu.o
    0x080048e6   0x080048e6   0x00000048   Code   RO          302    i.inv_row_2_scale   inv_mpu.o
    0x0800492e   0x0800492e   0x00000002   PAD
    0x08004930   0x08004930   0x000000e8   Code   RO          979    i.main              main.o
    0x08004a18   0x08004a18   0x00000002   Code   RO          303    i.mget_ms           inv_mpu.o
    0x08004a1a   0x08004a1a   0x00000002   PAD
    0x08004a1c   0x08004a1c   0x00000054   Code   RO          304    i.mpu_configure_fifo  inv_mpu.o
    0x08004a70   0x08004a70   0x0000019c   Code   RO          305    i.mpu_dmp_get_data  inv_mpu.o
    0x08004c0c   0x08004c0c   0x000000a4   Code   RO          306    i.mpu_dmp_init      inv_mpu.o
    0x08004cb0   0x08004cb0   0x0000003c   Code   RO          307    i.mpu_get_accel_fsr  inv_mpu.o
    0x08004cec   0x08004cec   0x00000044   Code   RO          309    i.mpu_get_accel_sens  inv_mpu.o
    0x08004d30   0x08004d30   0x00000034   Code   RO          315    i.mpu_get_gyro_fsr  inv_mpu.o
    0x08004d64   0x08004d64   0x00000040   Code   RO          317    i.mpu_get_gyro_sens  inv_mpu.o
    0x08004da4   0x08004da4   0x00000038   Code   RO          319    i.mpu_get_lpf       inv_mpu.o
    0x08004ddc   0x08004ddc   0x0000001c   Code   RO          321    i.mpu_get_sample_rate  inv_mpu.o
    0x08004df8   0x08004df8   0x00000124   Code   RO          323    i.mpu_init          inv_mpu.o
    0x08004f1c   0x08004f1c   0x000000a0   Code   RO          324    i.mpu_load_firmware  inv_mpu.o
    0x08004fbc   0x08004fbc   0x000000b8   Code   RO          325    i.mpu_lp_accel_mode  inv_mpu.o
    0x08005074   0x08005074   0x00000090   Code   RO          328    i.mpu_read_fifo_stream  inv_mpu.o
    0x08005104   0x08005104   0x00000054   Code   RO          329    i.mpu_read_mem      inv_mpu.o
    0x08005158   0x08005158   0x00000160   Code   RO          332    i.mpu_reset_fifo    inv_mpu.o
    0x080052b8   0x080052b8   0x000000f0   Code   RO          333    i.mpu_run_self_test  inv_mpu.o
    0x080053a8   0x080053a8   0x00000068   Code   RO          335    i.mpu_set_accel_fsr  inv_mpu.o
    0x08005410   0x08005410   0x000000dc   Code   RO          336    i.mpu_set_bypass    inv_mpu.o
    0x080054ec   0x080054ec   0x00000078   Code   RO          338    i.mpu_set_dmp_state  inv_mpu.o
    0x08005564   0x08005564   0x0000006c   Code   RO          339    i.mpu_set_gyro_fsr  inv_mpu.o
    0x080055d0   0x080055d0   0x00000064   Code   RO          340    i.mpu_set_int_latched  inv_mpu.o
    0x08005634   0x08005634   0x0000006c   Code   RO          342    i.mpu_set_lpf       inv_mpu.o
    0x080056a0   0x080056a0   0x00000080   Code   RO          343    i.mpu_set_sample_rate  inv_mpu.o
    0x08005720   0x08005720   0x000000b8   Code   RO          344    i.mpu_set_sensors   inv_mpu.o
    0x080057d8   0x080057d8   0x00000054   Code   RO          345    i.mpu_write_mem     inv_mpu.o
    0x0800582c   0x0800582c   0x00000080   Code   RO          346    i.run_self_test     inv_mpu.o
    0x080058ac   0x080058ac   0x00000058   Code   RO          347    i.set_int_enable    inv_mpu.o
    0x08005904   0x08005904   0x0000004c   Code   RO         4033    i.sqrt              m_ws.l(sqrt.o)
    0x08005950   0x08005950   0x0000002c   Code   RO         4101    locale$$code        c_w.l(lc_numeric_c.o)
    0x0800597c   0x0800597c   0x00000062   Code   RO         3904    x$fpl$d2f           fz_ws.l(d2f.o)
    0x080059de   0x080059de   0x00000002   PAD
    0x080059e0   0x080059e0   0x00000150   Code   RO         3906    x$fpl$dadd          fz_ws.l(daddsub_clz.o)
    0x08005b30   0x08005b30   0x00000010   Code   RO         3990    x$fpl$dcheck1       fz_ws.l(dcheck1.o)
    0x08005b40   0x08005b40   0x000002b0   Code   RO         3913    x$fpl$ddiv          fz_ws.l(ddiv.o)
    0x08005df0   0x08005df0   0x0000002e   Code   RO         3917    x$fpl$dflt          fz_ws.l(dflt_clz.o)
    0x08005e1e   0x08005e1e   0x00000002   PAD
    0x08005e20   0x08005e20   0x00000154   Code   RO         3922    x$fpl$dmul          fz_ws.l(dmul.o)
    0x08005f74   0x08005f74   0x0000009c   Code   RO         3992    x$fpl$dnaninf       fz_ws.l(dnaninf.o)
    0x08006010   0x08006010   0x0000000c   Code   RO         3994    x$fpl$dretinf       fz_ws.l(dretinf.o)
    0x0800601c   0x0800601c   0x00000016   Code   RO         3907    x$fpl$drsb          fz_ws.l(daddsub_clz.o)
    0x08006032   0x08006032   0x00000002   PAD
    0x08006034   0x08006034   0x000001cc   Code   RO         4105    x$fpl$dsqrt         fz_ws.l(dsqrt_noumaal.o)
    0x08006200   0x08006200   0x000001d4   Code   RO         3908    x$fpl$dsub          fz_ws.l(daddsub_clz.o)
    0x080063d4   0x080063d4   0x00000056   Code   RO         3924    x$fpl$f2d           fz_ws.l(f2d.o)
    0x0800642a   0x0800642a   0x00000002   PAD
    0x0800642c   0x0800642c   0x000000c4   Code   RO         3926    x$fpl$fadd          fz_ws.l(faddsub_clz.o)
    0x080064f0   0x080064f0   0x0000000c   Code   RO         3996    x$fpl$fcheck1       fz_ws.l(fcheck1.o)
    0x080064fc   0x080064fc   0x00000184   Code   RO         3933    x$fpl$fdiv          fz_ws.l(fdiv.o)
    0x08006680   0x08006680   0x00000036   Code   RO         3936    x$fpl$ffix          fz_ws.l(ffix.o)
    0x080066b6   0x080066b6   0x00000002   PAD
    0x080066b8   0x080066b8   0x0000003e   Code   RO         3940    x$fpl$ffixu         fz_ws.l(ffixu.o)
    0x080066f6   0x080066f6   0x00000002   PAD
    0x080066f8   0x080066f8   0x00000030   Code   RO         3945    x$fpl$fflt          fz_ws.l(fflt_clz.o)
    0x08006728   0x08006728   0x00000026   Code   RO         3944    x$fpl$ffltu         fz_ws.l(fflt_clz.o)
    0x0800674e   0x0800674e   0x00000002   PAD
    0x08006750   0x08006750   0x00000102   Code   RO         3950    x$fpl$fmul          fz_ws.l(fmul.o)
    0x08006852   0x08006852   0x0000008c   Code   RO         3998    x$fpl$fnaninf       fz_ws.l(fnaninf.o)
    0x080068de   0x080068de   0x0000000a   Code   RO         4000    x$fpl$fretinf       fz_ws.l(fretinf.o)
    0x080068e8   0x080068e8   0x000000ea   Code   RO         3928    x$fpl$fsub          fz_ws.l(faddsub_clz.o)
    0x080069d2   0x080069d2   0x00000004   Code   RO         3952    x$fpl$printf1       fz_ws.l(printf1.o)
    0x080069d6   0x080069d6   0x00000064   Code   RO         4109    x$fpl$retnan        fz_ws.l(retnan.o)
    0x08006a3a   0x08006a3a   0x0000005c   Code   RO         3954    x$fpl$scalbn        fz_ws.l(scalbn.o)
    0x08006a96   0x08006a96   0x0000004c   Code   RO         3956    x$fpl$scalbnf       fz_ws.l(scalbnf.o)
    0x08006ae2   0x08006ae2   0x00000030   Code   RO         4175    x$fpl$trapveneer    fz_ws.l(trapv.o)
    0x08006b12   0x08006b12   0x00000000   Code   RO         4002    x$fpl$usenofp       fz_ws.l(usenofp.o)
    0x08006b12   0x08006b12   0x000009c8   Data   RO           27    .constdata          oled.o
    0x080074da   0x080074da   0x0000001b   Data   RO          349    .constdata          inv_mpu.o
    0x080074f5   0x080074f5   0x00000001   PAD
    0x080074f6   0x080074f6   0x0000000c   Data   RO          350    .constdata          inv_mpu.o
    0x08007502   0x08007502   0x00000002   PAD
    0x08007504   0x08007504   0x00000028   Data   RO          351    .constdata          inv_mpu.o
    0x0800752c   0x0800752c   0x00000bf6   Data   RO          685    .constdata          inv_mpu_dmp_motion_driver.o
    0x08008122   0x08008122   0x00000012   Data   RO         2063    .constdata          stm32f1xx_hal_rcc.o
    0x08008134   0x08008134   0x00000010   Data   RO         3827    .constdata          system_stm32f1xx.o
    0x08008144   0x08008144   0x00000008   Data   RO         3828    .constdata          system_stm32f1xx.o
    0x0800814c   0x0800814c   0x00000004   PAD
    0x08008150   0x08008150   0x00000050   Data   RO         3960    .constdata          m_ws.l(asin.o)
    0x080081a0   0x080081a0   0x00000098   Data   RO         4005    .constdata          m_ws.l(atan.o)
    0x08008238   0x08008238   0x00000008   Data   RO         4031    .constdata          m_ws.l(qnan.o)
    0x08008240   0x08008240   0x00000094   Data   RO         4076    .constdata          c_w.l(bigflt0.o)
    0x080082d4   0x080082d4   0x00000020   Data   RO         4260    Region$$Table       anon$$obj.o
    0x080082f4   0x080082f4   0x0000001c   Data   RO         4100    locale$$data        c_w.l(lc_numeric_c.o)


    Execution Region RW_IRAM1 (Exec base: 0x20000000, Load base: 0x08008310, Size: 0x000007e0, Max: 0x00005000, ABSOLUTE)

    Exec Addr    Load Addr    Size         Type   Attr      Idx    E Section Name        Object

    0x20000000   0x08008310   0x0000001b   Data   RW           28    .data               oled.o
    0x2000001b   0x0800832b   0x00000001   PAD
    0x2000001c   0x0800832c   0x00000035   Data   RW          352    .data               inv_mpu.o
    0x20000051   0x08008361   0x00000003   PAD
    0x20000054   0x08008364   0x00000008   Data   RW          938    .data               sr04.o
    0x2000005c   0x0800836c   0x0000000c   Data   RW          981    .data               main.o
    0x20000068   0x08008378   0x0000000c   Data   RW         1900    .data               stm32f1xx_hal.o
    0x20000074   0x08008384   0x00000004   Data   RW         3829    .data               system_stm32f1xx.o
    0x20000078        -       0x00000010   Zero   RW          684    .bss                inv_mpu_dmp_motion_driver.o
    0x20000088        -       0x00000014   Zero   RW          980    .bss                main.o
    0x2000009c        -       0x00000054   Zero   RW         1161    .bss                i2c.o
    0x200000f0        -       0x00000090   Zero   RW         1207    .bss                tim.o
    0x20000180        -       0x00000060   Zero   RW         4112    .bss                c_w.l(libspace.o)
    0x200001e0        -       0x00000200   Zero   RW            2    HEAP                startup_stm32f103xb.o
    0x200003e0        -       0x00000400   Zero   RW            1    STACK               startup_stm32f103xb.o


==============================================================================

Image component sizes


      Code (inc. data)   RO Data    RW Data    ZI Data      Debug   Object Name

       208         16          0          0          0        911   gpio.o
       176         30          0          0         84       1517   i2c.o
       556         46          0          0          0       4999   iic.o
      5224        212         79         53          0      28334   inv_mpu.o
      2350        118       3062          0         16      18582   inv_mpu_dmp_motion_driver.o
       330         66          0         12         20     411498   main.o
       124          8          0          0          0        563   motor.o
       540          0          0          0          0       5433   mpu6050.o
       416         28       2504         27          0     429745   oled.o
       160         22          0          8          0       1877   sr04.o
        64         26        236          0       1536        772   startup_stm32f103xb.o
       164         28          0         12          0       5613   stm32f1xx_hal.o
       198         14          0          0          0      28723   stm32f1xx_hal_cortex.o
       524         40          0          0          0       3934   stm32f1xx_hal_gpio.o
      1414         32          0          0          0       9055   stm32f1xx_hal_i2c.o
        60          8          0          0          0        802   stm32f1xx_hal_msp.o
      1208         72         18          0          0       4369   stm32f1xx_hal_rcc.o
      1454         58          0          0          0      12419   stm32f1xx_hal_tim.o
       188         12          0          0          0       2036   stm32f1xx_hal_tim_ex.o
        26          0          0          0          0       3937   stm32f1xx_it.o
         2          0         24          4          0       1011   system_stm32f1xx.o
       440         50          0          0        144       3199   tim.o

    ----------------------------------------------------------------------
     15854        886       5962        120       1800     979329   Object Totals
         0          0         32          0          0          0   (incl. Generated)
        28          0          7          4          0          0   (incl. Padding)

    ----------------------------------------------------------------------

      Code (inc. data)   RO Data    RW Data    ZI Data      Debug   Library Member Name

         8          0          0          0          0         68   __main.o
       284          0          0          0          0        156   __printf_wp.o
         0          0          0          0          0          0   __rtentry.o
        12          0          0          0          0          0   __rtentry2.o
         6          0          0          0          0          0   __rtentry4.o
        52          8          0          0          0          0   __scatter.o
        26          0          0          0          0          0   __scatter_copy.o
        28          0          0          0          0          0   __scatter_zi.o
        48          6          0          0          0         96   _printf_char_common.o
         6          0          0          0          0          0   _printf_f.o
      1054          0          0          0          0        216   _printf_fp_dec.o
       128         16          0          0          0         84   _printf_fp_infnan.o
         0          0          0          0          0          0   _printf_percent.o
         4          0          0          0          0          0   _printf_percent_end.o
        22          0          0          0          0        100   _rserrno.o
        10          0          0          0          0         68   _sputc.o
        16          0          0          0          0         68   aeabi_memset.o
       228          4        148          0          0         96   bigflt0.o
      1936        128          0          0          0        672   btod.o
        18          0          0          0          0         80   exit.o
         6          0          0          0          0        152   heapauxi.o
         0          0          0          0          0          0   indicate_semi.o
        44         10         28          0          0         76   lc_numeric_c.o
         2          0          0          0          0          0   libinit.o
        18          0          0          0          0          0   libinit2.o
         2          0          0          0          0          0   libshutdown.o
         2          0          0          0          0          0   libshutdown2.o
         8          4          0          0         96         68   libspace.o
        72          0          0          0          0         76   llsdiv.o
       138          0          0          0          0         80   lludiv10.o
       238          0          0          0          0        100   lludivv7m.o
        88          0          0          0          0         76   memcmp.o
        40          6          0          0          0         84   noretval__2sprintf.o
         8          4          0          0          0         68   rt_errno_addr_intlibspace.o
         8          4          0          0          0         68   rt_locale_intlibspace.o
        68          0          0          0          0         68   rt_memclr.o
        78          0          0          0          0         80   rt_memclr_w.o
         2          0          0          0          0          0   rtexit.o
        10          0          0          0          0          0   rtexit2.o
       128          0          0          0          0         68   strcmpv7m.o
        12          4          0          0          0         68   sys_exit.o
        74          0          0          0          0         80   sys_stackheap_outer.o
         2          0          0          0          0         68   use_no_semi.o
        98          4          0          0          0         92   d2f.o
       826         16          0          0          0        348   daddsub_clz.o
        16          4          0          0          0         68   dcheck1.o
       688        140          0          0          0        208   ddiv.o
        46          0          0          0          0         68   dflt_clz.o
       340         12          0          0          0        104   dmul.o
       156          4          0          0          0         92   dnaninf.o
        12          0          0          0          0         68   dretinf.o
       460         56          0          0          0        120   dsqrt_noumaal.o
        86          4          0          0          0         84   f2d.o
       430          8          0          0          0        168   faddsub_clz.o
        12          4          0          0          0         68   fcheck1.o
       388         76          0          0          0         96   fdiv.o
        54          4          0          0          0         84   ffix.o
        62          4          0          0          0         84   ffixu.o
        86          0          0          0          0        136   fflt_clz.o
       258          4          0          0          0         84   fmul.o
       140          4          0          0          0         84   fnaninf.o
        10          0          0          0          0         68   fretinf.o
         4          0          0          0          0         68   printf1.o
       100          0          0          0          0         68   retnan.o
        92          0          0          0          0         68   scalbn.o
        76          0          0          0          0         68   scalbnf.o
        48          0          0          0          0         68   trapv.o
         0          0          0          0          0          0   usenofp.o
       624         52         80          0          0        168   asin.o
       544         70        152          0          0        124   atan.o
       384         38          0          0          0        144   atan2.o
        38          6          0          0          0        272   dunder.o
        40          0          0          0          0         68   fpclassify.o
       170          0          0          0          0         96   poly.o
         0          0          8          0          0          0   qnan.o
        76          0          0          0          0         84   sqrt.o

    ----------------------------------------------------------------------
     11320        704        416          0         96       6404   Library Totals
        22          0          0          0          0          0   (incl. Padding)

    ----------------------------------------------------------------------

      Code (inc. data)   RO Data    RW Data    ZI Data      Debug   Library Name

      4934        194        176          0         96       2984   c_w.l
      4488        344          0          0          0       2464   fz_ws.l
      1876        166        240          0          0        956   m_ws.l

    ----------------------------------------------------------------------
     11320        704        416          0         96       6404   Library Totals

    ----------------------------------------------------------------------

==============================================================================


      Code (inc. data)   RO Data    RW Data    ZI Data      Debug   

     27174       1590       6378        120       1896     974601   Grand Totals
     27174       1590       6378        120       1896     974601   ELF Image Totals
     27174       1590       6378        120          0          0   ROM Totals

==============================================================================

    Total RO  Size (Code + RO Data)                33552 (  32.77kB)
    Total RW  Size (RW Data + ZI Data)              2016 (   1.97kB)
    Total ROM Size (Code + RO Data + RW Data)      33672 (  32.88kB)

==============================================================================

